Archive member included because of file (symbol)

contiki-z1.a(contiki-z1-plat)
                              obj_z1/contiki-z1-main.o (init_platform)
contiki-z1.a(msp430.o)        obj_z1/contiki-z1-main.o (splhigh_)
contiki-z1.a(leds.o)          obj_z1/contiki-z1-main.o (leds_init)
contiki-z1.a(watchdog.o)      obj_z1/contiki-z1-main.o (watchdog_start)
contiki-z1.a(xmem.o)          obj_z1/contiki-z1-main.o (xmem_init)
contiki-z1.a(spi.o)           contiki-z1.a(xmem.o) (spi_init)
contiki-z1.a(cc2420.o)        obj_z1/contiki-z1-main.o (cc2420_set_pan_addr)
contiki-z1.a(cc2420-arch.o)   contiki-z1.a(cc2420.o) (cc2420_arch_init)
contiki-z1.a(node-id.o)       obj_z1/contiki-z1-main.o (node_id_restore)
contiki-z1.a(sensors.o)       contiki-z1.a(contiki-z1-plat) (sensors_process)
contiki-z1.a(uart0.o)         obj_z1/contiki-z1-main.o (uart0_active)
contiki-z1.a(uart0-putchar.o)
                              obj_z1/contiki-z1-main.o (putchar)
contiki-z1.a(z1-sensors.o)    contiki-z1.a(sensors.o) (sensors_flags)
contiki-z1.a(adxl345.o)       obj_z1/contiki-z1-main.o (adxl345)
contiki-z1.a(tmp102.o)        contiki-z1.a(z1-sensors.o) (tmp102)
contiki-z1.a(clock.o)         obj_z1/contiki-z1-main.o (clock_init)
contiki-z1.a(leds-arch.o)     contiki-z1.a(leds.o) (leds_arch_init)
contiki-z1.a(rtimer-arch.o)   obj_z1/contiki-z1-main.o (rtimer_arch_now)
contiki-z1.a(autostart.o)     obj_z1/contiki-z1-main.o (autostart_start)
contiki-z1.a(ctimer.o)        obj_z1/contiki-z1-main.o (ctimer_init)
contiki-z1.a(energest.o)      obj_z1/contiki-z1-main.o (energest_init)
contiki-z1.a(etimer.o)        contiki-z1.a(clock.o) (etimer_request_poll)
contiki-z1.a(process.o)       contiki-z1.a(ctimer.o) (process_current)
contiki-z1.a(rtimer.o)        obj_z1/contiki-z1-main.o (rtimer_init)
contiki-z1.a(timer.o)         contiki-z1.a(adxl345.o) (timer_set)
contiki-z1.a(list.o)          contiki-z1.a(ctimer.o) (list_init)
contiki-z1.a(random.o)        obj_z1/contiki-z1-main.o (random_init)
contiki-z1.a(uip-ds6.o)       obj_z1/contiki-z1-main.o (uip_ds6_get_link_local)
contiki-z1.a(uip-ds6-route.o)
                              contiki-z1.a(uip-ds6.o) (uip_ds6_route_init)
contiki-z1.a(uip6.o)          obj_z1/contiki-z1-main.o (uip_lladdr)
contiki-z1.a(uip-ds6-nbr.o)   contiki-z1.a(uip-ds6.o) (uip_ds6_neighbors_init)
contiki-z1.a(uip-nd6.o)       contiki-z1.a(uip-ds6-nbr.o) (uip_nd6_ns_output)
contiki-z1.a(sicslowpan.o)    obj_z1/contiki-z1-main.o (sicslowpan_driver)
contiki-z1.a(uip-debug.o)     unicast-sender.co (uip_debug_ipaddr_print)
contiki-z1.a(tcpip.o)         contiki-z1.a(sicslowpan.o) (tcpip_set_outputfunc)
contiki-z1.a(simple-udp.o)    unicast-sender.co (simple_udp_send)
contiki-z1.a(queuebuf.o)      obj_z1/contiki-z1-main.o (queuebuf_init)
contiki-z1.a(nbr-table.o)     contiki-z1.a(uip-ds6-route.o) (nbr_table_register)
contiki-z1.a(packetbuf.o)     contiki-z1.a(cc2420.o) (packetbuf_set_datalen)
contiki-z1.a(linkaddr.o)      obj_z1/contiki-z1-main.o (linkaddr_copy)
contiki-z1.a(link-stats.o)    contiki-z1.a(uip-ds6-nbr.o) (link_stats_packet_sent)
contiki-z1.a(csma.o)          obj_z1/contiki-z1-main.o (csma_driver)
contiki-z1.a(mac.o)           contiki-z1.a(csma.o) (mac_call_sent_callback)
contiki-z1.a(framer-802154.o)
                              contiki-z1.a(sicslowpan.o) (framer_802154)
contiki-z1.a(contikimac.o)    obj_z1/contiki-z1-main.o (contikimac_driver)
contiki-z1.a(nullsec.o)       contiki-z1.a(sicslowpan.o) (nullsec_driver)
contiki-z1.a(i2cmaster.o)     contiki-z1.a(adxl345.o) (i2c_receiveinit)
contiki-z1.a(button-sensor.o)
                              contiki-z1.a(z1-sensors.o) (button_sensor)
contiki-z1.a(stimer.o)        contiki-z1.a(uip-ds6.o) (stimer_set)
contiki-z1.a(memb.o)          contiki-z1.a(uip-ds6-route.o) (memb_init)
contiki-z1.a(uip-icmp6.o)     contiki-z1.a(uip6.o) (uip_icmp6_input)
contiki-z1.a(uip-udp-packet.)
                              contiki-z1.a(simple-udp.o) (uip_udp_packet_sendto)
contiki-z1.a(mac-sequence.o)  contiki-z1.a(contikimac.o) (mac_sequence_is_duplicate)
contiki-z1.a(frame802154.o)   contiki-z1.a(framer-802154.o) (frame802154_get_pan_id)
/usr/local/bin/../lib/gcc/msp430/4.7.2/mcpu-430x/mmpy-16/msr20/mc20/libgcc.a(_mulsi3.o)
                              contiki-z1.a(link-stats.o) (__mulsi3)
/usr/local/bin/../lib/gcc/msp430/4.7.2/mcpu-430x/mmpy-16/msr20/mc20/libgcc.a(_udivmod16.o)
                              unicast-sender.co (__umodhi3)
/usr/local/bin/../lib/gcc/msp430/4.7.2/mcpu-430x/mmpy-16/msr20/mc20/libgcc.a(_divmod16.o)
                              contiki-z1.a(tmp102.o) (__divhi3)
/usr/local/bin/../lib/gcc/msp430/4.7.2/mcpu-430x/mmpy-16/msr20/mc20/libgcc.a(_udivmod32.o)
                              obj_z1/contiki-z1-main.o (__udivsi3)
/usr/local/bin/../lib/gcc/msp430/4.7.2/mcpu-430x/mmpy-16/msr20/mc20/libgcc.a(_divmod32.o)
                              contiki-z1.a(link-stats.o) (__divsi3)
[...]
Memory Configuration

Name             Origin             Length             Attributes
sfr              0x00000000         0x00000010
peripheral_8bit  0x00000010         0x000000f0
peripheral_16bit 0x00000100         0x00000100
ram_mirror       0x00000200         0x00000800         xw
infomem          0x00001000         0x00000100
infod            0x00001000         0x00000040
infoc            0x00001040         0x00000040
infob            0x00001080         0x00000040
infoa            0x000010c0         0x00000040
ram              0x00001100         0x00002000         xw
rom              0x00003100         0x0000cebe         xr
vectors          0x0000ffc0         0x00000040
far_rom          0x00010000         0x0000a000
bsl              0x00000000         0x00000000
ram2             0x00000000         0x00000000         xw
usbram           0x00000000         0x00000000         xw
*default*        0x00000000         0xffffffff

Linker script and memory map

LOAD /usr/local/bin/../lib/gcc/msp430/4.7.2/mcpu-430x/mmpy-16/msr20/mc20/crt0ivtbl32.o
                0x00000041                __P1SEL2 = 0x41
                0x00000045                __P5SEL2 = 0x45
LOAD unicast-sender.co
LOAD obj_z1/contiki-z1-main.o
LOAD contiki-z1.a
LOAD /usr/local/bin/../lib/gcc/msp430/4.7.2/mcpu-430x/mmpy-16/msr20/mc20/libgcc.a
LOAD /usr/local/bin/../lib/gcc/msp430/4.7.2/../../../../msp430/lib/mcpu-430x/mmpy-16/msr20/mc20/libc.a
LOAD /usr/local/bin/../lib/gcc/msp430/4.7.2/mcpu-430x/mmpy-16/msr20/mc20/libgcc.a
LOAD /usr/local/bin/../lib/gcc/msp430/4.7.2/mcpu-430x/mmpy-16/msr20/mc20/libcrt0.a
                0x00000040                PROVIDE (__info_segment_size, 0x40)
                0x00001000                PROVIDE (__infod, 0x1000)
                0x00001040                PROVIDE (__infoc, 0x1040)
                0x00001080                PROVIDE (__infob, 0x1080)
                0x000010c0                PROVIDE (__infoa, 0x10c0)
                0x00000000                __IE1 = 0x0
                0x00000002                __IFG1 = 0x2
                0x00000001                __IE2 = 0x1
                0x00000003                __IFG2 = 0x3
                0x00000006                __UC1IE = 0x6
                0x00000007                __UC1IFG = 0x7
                0x000001a0                __ADC12CTL0 = 0x1a0
                0x000001a2                __ADC12CTL1 = 0x1a2
                0x000001a4                __ADC12IFG = 0x1a4
                0x000001a6                __ADC12IE = 0x1a6
                0x000001a8                __ADC12IV = 0x1a8
                0x00000140                __ADC12MEM0 = 0x140
                0x00000142                __ADC12MEM1 = 0x142
                0x00000144                __ADC12MEM2 = 0x144
                0x00000146                __ADC12MEM3 = 0x146
                0x00000148                __ADC12MEM4 = 0x148
                0x0000014a                __ADC12MEM5 = 0x14a
                0x0000014c                __ADC12MEM6 = 0x14c
                0x0000014e                __ADC12MEM7 = 0x14e
                0x00000150                __ADC12MEM8 = 0x150
                0x00000152                __ADC12MEM9 = 0x152
                0x00000154                __ADC12MEM10 = 0x154
                0x00000156                __ADC12MEM11 = 0x156
                0x00000158                __ADC12MEM12 = 0x158
                0x0000015a                __ADC12MEM13 = 0x15a
                0x0000015c                __ADC12MEM14 = 0x15c
                0x0000015e                __ADC12MEM15 = 0x15e
                0x00000080                __ADC12MCTL0 = 0x80
                0x00000081                __ADC12MCTL1 = 0x81
                0x00000082                __ADC12MCTL2 = 0x82
                0x00000083                __ADC12MCTL3 = 0x83
                0x00000084                __ADC12MCTL4 = 0x84
                0x00000085                __ADC12MCTL5 = 0x85
                0x00000086                __ADC12MCTL6 = 0x86
                0x00000087                __ADC12MCTL7 = 0x87
                0x00000088                __ADC12MCTL8 = 0x88
                0x00000089                __ADC12MCTL9 = 0x89
                0x0000008a                __ADC12MCTL10 = 0x8a
                0x0000008b                __ADC12MCTL11 = 0x8b
                0x0000008c                __ADC12MCTL12 = 0x8c
                0x0000008d                __ADC12MCTL13 = 0x8d
                0x0000008e                __ADC12MCTL14 = 0x8e
                0x0000008f                __ADC12MCTL15 = 0x8f
                0x00000056                __DCOCTL = 0x56
                0x00000057                __BCSCTL1 = 0x57
                0x00000058                __BCSCTL2 = 0x58
                0x00000053                __BCSCTL3 = 0x53
                0x00000059                __CACTL1 = 0x59
                0x0000005a                __CACTL2 = 0x5a
                0x0000005b                __CAPD = 0x5b
                0x000001c0                __DAC12_0CTL = 0x1c0
                0x000001c2                __DAC12_1CTL = 0x1c2
                0x000001c8                __DAC12_0DAT = 0x1c8
                0x000001ca                __DAC12_1DAT = 0x1ca
                0x00000122                __DMACTL0 = 0x122
                0x00000124                __DMACTL1 = 0x124
                0x00000126                __DMAIV = 0x126
                0x000001d0                __DMA0CTL = 0x1d0
                0x000001dc                __DMA1CTL = 0x1dc
                0x000001e8                __DMA2CTL = 0x1e8
                0x000001d2                __DMA0SA = 0x1d2
                0x000001d2                __DMA0SAL = 0x1d2
                0x000001d6                __DMA0DA = 0x1d6
                0x000001d6                __DMA0DAL = 0x1d6
                0x000001da                __DMA0SZ = 0x1da
                0x000001de                __DMA1SA = 0x1de
                0x000001de                __DMA1SAL = 0x1de
                0x000001e2                __DMA1DA = 0x1e2
                0x000001e2                __DMA1DAL = 0x1e2
                0x000001e6                __DMA1SZ = 0x1e6
                0x000001ea                __DMA2SA = 0x1ea
                0x000001ea                __DMA2SAL = 0x1ea
                0x000001ee                __DMA2DA = 0x1ee
                0x000001ee                __DMA2DAL = 0x1ee
                0x000001f2                __DMA2SZ = 0x1f2
                0x00000128                __FCTL1 = 0x128
                0x0000012a                __FCTL2 = 0x12a
                0x0000012c                __FCTL3 = 0x12c
                0x000001be                __FCTL4 = 0x1be
                0x00000130                __MPY = 0x130
                0x00000132                __MPYS = 0x132
                0x00000134                __MAC = 0x134
                0x00000136                __MACS = 0x136
                0x00000138                __OP2 = 0x138
                0x0000013a                __RESLO = 0x13a
                0x0000013c                __RESHI = 0x13c
                0x0000013e                __SUMEXT = 0x13e
                0x00000020                __P1IN = 0x20
                0x00000021                __P1OUT = 0x21
                0x00000022                __P1DIR = 0x22
                0x00000023                __P1IFG = 0x23
                0x00000024                __P1IES = 0x24
                0x00000025                __P1IE = 0x25
                0x00000026                __P1SEL = 0x26
                0x00000027                __P1REN = 0x27
                0x00000028                __P2IN = 0x28
                0x00000029                __P2OUT = 0x29
                0x0000002a                __P2DIR = 0x2a
                0x0000002b                __P2IFG = 0x2b
                0x0000002c                __P2IES = 0x2c
                0x0000002d                __P2IE = 0x2d
                0x0000002e                __P2SEL = 0x2e
                0x0000002f                __P2REN = 0x2f
                0x00000018                __P3IN = 0x18
                0x00000019                __P3OUT = 0x19
                0x0000001a                __P3DIR = 0x1a
                0x0000001b                __P3SEL = 0x1b
                0x00000010                __P3REN = 0x10
                0x0000001c                __P4IN = 0x1c
                0x0000001d                __P4OUT = 0x1d
                0x0000001e                __P4DIR = 0x1e
                0x0000001f                __P4SEL = 0x1f
                0x00000011                __P4REN = 0x11
                0x00000030                __P5IN = 0x30
                0x00000031                __P5OUT = 0x31
                0x00000032                __P5DIR = 0x32
                0x00000033                __P5SEL = 0x33
                0x00000012                __P5REN = 0x12
                0x00000034                __P6IN = 0x34
                0x00000035                __P6OUT = 0x35
                0x00000036                __P6DIR = 0x36
                0x00000037                __P6SEL = 0x37
                0x00000013                __P6REN = 0x13
                0x00000038                __P7IN = 0x38
                0x0000003a                __P7OUT = 0x3a
                0x0000003c                __P7DIR = 0x3c
                0x0000003e                __P7SEL = 0x3e
                0x00000014                __P7REN = 0x14
                0x00000039                __P8IN = 0x39
                0x0000003b                __P8OUT = 0x3b
                0x0000003d                __P8DIR = 0x3d
                0x0000003f                __P8SEL = 0x3f
                0x00000015                __P8REN = 0x15
                0x00000038                __PAIN = 0x38
                0x0000003a                __PAOUT = 0x3a
                0x0000003c                __PADIR = 0x3c
                0x0000003e                __PASEL = 0x3e
                0x00000014                __PAREN = 0x14
                0x00000055                __SVSCTL = 0x55
                0x0000012e                __TAIV = 0x12e
                0x00000160                __TACTL = 0x160
                0x00000162                __TACCTL0 = 0x162
                0x00000164                __TACCTL1 = 0x164
                0x00000166                __TACCTL2 = 0x166
                0x00000170                __TAR = 0x170
                0x00000172                __TACCR0 = 0x172
                0x00000174                __TACCR1 = 0x174
                0x00000176                __TACCR2 = 0x176
                0x0000011e                __TBIV = 0x11e
                0x00000180                __TBCTL = 0x180
                0x00000182                __TBCCTL0 = 0x182
                0x00000184                __TBCCTL1 = 0x184
                0x00000186                __TBCCTL2 = 0x186
                0x00000188                __TBCCTL3 = 0x188
                0x0000018a                __TBCCTL4 = 0x18a
                0x0000018c                __TBCCTL5 = 0x18c
                0x0000018e                __TBCCTL6 = 0x18e
                0x00000190                __TBR = 0x190
                0x00000192                __TBCCR0 = 0x192
                0x00000194                __TBCCR1 = 0x194
                0x00000196                __TBCCR2 = 0x196
                0x00000198                __TBCCR3 = 0x198
                0x0000019a                __TBCCR4 = 0x19a
                0x0000019c                __TBCCR5 = 0x19c
                0x0000019e                __TBCCR6 = 0x19e
                0x00000060                __UCA0CTL0 = 0x60
                0x00000061                __UCA0CTL1 = 0x61
                0x00000062                __UCA0BR0 = 0x62
                0x00000063                __UCA0BR1 = 0x63
                0x00000064                __UCA0MCTL = 0x64
                0x00000065                __UCA0STAT = 0x65
                0x00000066                __UCA0RXBUF = 0x66
                0x00000067                __UCA0TXBUF = 0x67
                0x0000005d                __UCA0ABCTL = 0x5d
                0x0000005e                __UCA0IRTCTL = 0x5e
                0x0000005f                __UCA0IRRCTL = 0x5f
                0x00000068                __UCB0CTL0 = 0x68
                0x00000069                __UCB0CTL1 = 0x69
                0x0000006a                __UCB0BR0 = 0x6a
                0x0000006b                __UCB0BR1 = 0x6b
                0x0000006c                __UCB0I2CIE = 0x6c
                0x0000006d                __UCB0STAT = 0x6d
                0x0000006e                __UCB0RXBUF = 0x6e
                0x0000006f                __UCB0TXBUF = 0x6f
                0x00000118                __UCB0I2COA = 0x118
                0x0000011a                __UCB0I2CSA = 0x11a
                0x000000d0                __UCA1CTL0 = 0xd0
                0x000000d1                __UCA1CTL1 = 0xd1
                0x000000d2                __UCA1BR0 = 0xd2
                0x000000d3                __UCA1BR1 = 0xd3
                0x000000d4                __UCA1MCTL = 0xd4
                0x000000d5                __UCA1STAT = 0xd5
                0x000000d6                __UCA1RXBUF = 0xd6
                0x000000d7                __UCA1TXBUF = 0xd7
                0x000000cd                __UCA1ABCTL = 0xcd
                0x000000ce                __UCA1IRTCTL = 0xce
                0x000000cf                __UCA1IRRCTL = 0xcf
                0x000000d8                __UCB1CTL0 = 0xd8
                0x000000d9                __UCB1CTL1 = 0xd9
                0x000000da                __UCB1BR0 = 0xda
                0x000000db                __UCB1BR1 = 0xdb
                0x000000dc                __UCB1I2CIE = 0xdc
                0x000000dd                __UCB1STAT = 0xdd
                0x000000de                __UCB1RXBUF = 0xde
                0x000000df                __UCB1TXBUF = 0xdf
                0x0000017c                __UCB1I2COA = 0x17c
                0x0000017e                __UCB1I2CSA = 0x17e
                0x00000120                __WDTCTL = 0x120
                0x000010c0                __TLV_CHECKSUM = 0x10c0
                0x000010f6                __TLV_DCO_30_TAG = 0x10f6
                0x000010f7                __TLV_DCO_30_LEN = 0x10f7
                0x000010da                __TLV_ADC12_1_TAG = 0x10da
                0x000010db                __TLV_ADC12_1_LEN = 0x10db
                0x000010f8                __CALDCO_16MHZ = 0x10f8
                0x000010f9                __CALBC1_16MHZ = 0x10f9
                0x000010fa                __CALDCO_12MHZ = 0x10fa
                0x000010fb                __CALBC1_12MHZ = 0x10fb
                0x000010fc                __CALDCO_8MHZ = 0x10fc
                0x000010fd                __CALBC1_8MHZ = 0x10fd
                0x000010fe                __CALDCO_1MHZ = 0x10fe
                0x000010ff                __CALBC1_1MHZ = 0x10ff

.hash
 *(.hash)

.dynsym
 *(.dynsym)

.dynstr
 *(.dynstr)

.gnu.version
 *(.gnu.version)

.gnu.version_d
 *(.gnu.version_d)

.gnu.version_r
 *(.gnu.version_r)

.rel.init
 *(.rel.init)

.rela.init
 *(.rela.init)

.rel.fini
 *(.rel.fini)

.rela.fini
 *(.rela.fini)

.rel.text
 *(.rel.text .rel.text.* .rel.gnu.linkonce.t.*)

.rela.text
 *(.rela.text .rela.text.* .rela.gnu.linkonce.t.*)

.rel.rodata
 *(.rel.rodata .rel.rodata.* .rel.gnu.linkonce.r.*)

.rela.rodata
 *(.rela.rodata .rela.rodata.* .rela.gnu.linkonce.r.*)

.rel.data
 *(.rel.data .rel.data.* .rel.gnu.linkonce.d.*)

.rela.data
 *(.rela.data .rela.data.* .rela.gnu.linkonce.d.*)

.rel.bss
 *(.rel.bss .rel.bss.* .rel.gnu.linkonce.b.*)

.rela.bss
 *(.rela.bss .rela.bss.* .rela.gnu.linkonce.b.*)

.rel.ctors
 *(.rel.ctors)

.rela.ctors
 *(.rela.ctors)

.rel.dtors
 *(.rel.dtors)

.rela.dtors
 *(.rela.dtors)

.rel.got
 *(.rel.got)

.rela.got
 *(.rela.got)

.rel.plt
 *(.rel.plt)

.rela.plt
 *(.rela.plt)

.text           0x00003100     0x89d0
                0x00003100                . = ALIGN (0x2)
 *(.init .init.*)
 *(.init0)
 .init0         0x00003100        0x0 /usr/local/bin/../lib/gcc/msp430/4.7.2/mcpu-430x/mmpy-16/msr20/mc20/libcrt0.a(_reset_vector__.o)
                0x00003100                _reset_vector__
 *(.init1)
 .init1         0x00003100        0xc /usr/local/bin/../lib/gcc/msp430/4.7.2/mcpu-430x/mmpy-16/msr20/mc20/libcrt0.a(__watchdog_support.o)
                0x00003100                __watchdog_support
 *(.init2)
 .init2         0x0000310c        0x4 /usr/local/bin/../lib/gcc/msp430/4.7.2/mcpu-430x/mmpy-16/msr20/mc20/libcrt0.a(__init_stack.o)
                0x0000310c                __init_stack
 *(.init3)
 .init3         0x00003110        0x0 /usr/local/bin/../lib/gcc/msp430/4.7.2/mcpu-430x/mmpy-16/msr20/mc20/libcrt0.a(__low_level_init.o)
                0x00003110                __low_level_init
 *(.init4)
 .init4         0x00003110       0x18 /usr/local/bin/../lib/gcc/msp430/4.7.2/mcpu-430x/mmpy-16/msr20/mc20/libcrt0.a(_copy_data.o)
                0x00003110                __do_copy_data
 .init4         0x00003128       0x16 /usr/local/bin/../lib/gcc/msp430/4.7.2/mcpu-430x/mmpy-16/msr20/mc20/libcrt0.a(_clear_bss.o)
                0x00003128                __do_clear_bss
 *(.init5)
 *(.init6)
 *(.init7)
 *(.init8)
 *(.init9)
 .init9         0x0000313e      0x3c8 obj_z1/contiki-z1-main.o
                0x0000313e                main
 *(.fini9)
 .fini9         0x00003506        0x0 /usr/local/bin/../lib/gcc/msp430/4.7.2/mcpu-430x/mmpy-16/msr20/mc20/libcrt0.a(__stop_progExec__.o)
                0x00003506                __stop_progExec__
 *(.fini8)
 *(.fini7)
 *(.fini6)
 *(.fini5)
 *(.fini4)
 *(.fini3)
 *(.fini2)
 *(.fini1)
 *(.fini0)
 .fini0         0x00003506        0x6 /usr/local/bin/../lib/gcc/msp430/4.7.2/mcpu-430x/mmpy-16/msr20/mc20/libcrt0.a(_endless_loop__.o)
                0x00003506                _endless_loop__
 *(.fini .fini.*)
                0x0000350c                . = ALIGN (0x2)
                0x0000350c                __ctors_start = .
 *(.ctors)
                0x0000350c                __ctors_end = .
                0x0000350c                __dtors_start = .
 *(.dtors)
                0x0000350c                __dtors_end = .
                0x0000350c                . = ALIGN (0x2)
 *(.text .text.* .gnu.linkonce.t.*)
 .text          0x0000350c        0x4 /usr/local/bin/../lib/gcc/msp430/4.7.2/mcpu-430x/mmpy-16/msr20/mc20/crt0ivtbl32.o
                0x0000350c                __isr_14
                0x0000350c                __isr_4
                0x0000350c                __isr_29
                0x0000350c                __isr_11
                0x0000350c                __isr_5
                0x0000350c                __isr_2
                0x0000350c                __isr_10
                0x0000350c                __isr_7
                0x0000350c                __isr_0
                0x0000350c                __isr_28
                0x0000350c                __isr_8
                0x0000350c                __isr_20
                0x0000350c                __isr_3
                0x0000350c                __isr_12
                0x0000350c                __isr_13
                0x0000350c                __isr_27
                0x0000350c                __isr_9
                0x0000350c                __isr_30
                0x0000350c                __isr_6
                0x0000350c                __isr_22
                0x0000350c                __isr_1
                0x0000350c                __isr_15
                0x0000350c                __isr_21
 .text.libgcc   0x00003510       0x26 /usr/local/bin/../lib/gcc/msp430/4.7.2/mcpu-430x/mmpy-16/msr20/mc20/libgcc.a(_mulsi3.o)
                0x00003510                __mulsi3
 .text.libgcc   0x00003536       0x22 /usr/local/bin/../lib/gcc/msp430/4.7.2/mcpu-430x/mmpy-16/msr20/mc20/libgcc.a(_udivmod16.o)
                0x00003536                __udivhi3
                0x00003536                __ext_udivmod16
                0x00003550                __umodhi3
 .text.libgcc   0x00003558       0x3a /usr/local/bin/../lib/gcc/msp430/4.7.2/mcpu-430x/mmpy-16/msr20/mc20/libgcc.a(_divmod16.o)
                0x00003558                __ext_divmod16
                0x00003558                __divhi3
                0x0000358a                __modhi3
 .text.libgcc   0x00003592       0x38 /usr/local/bin/../lib/gcc/msp430/4.7.2/mcpu-430x/mmpy-16/msr20/mc20/libgcc.a(_udivmod32.o)
                0x00003592                __udivsi3
                0x00003592                __ext_udivmod32
                0x000035c0                __umodsi3
 .text.libgcc   0x000035ca       0x4c /usr/local/bin/../lib/gcc/msp430/4.7.2/mcpu-430x/mmpy-16/msr20/mc20/libgcc.a(_divmod32.o)
                0x000035ca                __ext_divmod32
                0x000035ca                __divsi3
                0x0000360c                __modsi3
 .text.libgcc   0x00003616       0xbc /usr/local/bin/../lib/gcc/msp430/4.7.2/mcpu-430x/mmpy-16/msr20/mc20/libgcc.a(_udivmod64.o)
                0x00003616                __xabi_udivmod64
                0x00003668                __udivdi3
                0x00003682                __umoddi3
                0x000036a4                __udivmoddi4
 .text.crt0     0x000036d2        0x2 /usr/local/bin/../lib/gcc/msp430/4.7.2/mcpu-430x/mmpy-16/msr20/mc20/libcrt0.a(_unexpected_.o)
                0x000036d2                _unexpected_
 *(.near.text .near.text.*)
 .near.text.watchdog_interrupt
                0x000036d4        0x6 contiki-z1.a(watchdog.o)
                0x000036d4                __isr_26
                0x000036d4                watchdog_interrupt
 .near.text.uart0_rx_interrupt
                0x000036da       0x64 contiki-z1.a(uart0.o)
                0x000036da                __isr_23
                0x000036da                uart0_rx_interrupt
 .near.text.port1_isr
                0x0000373e       0xbe contiki-z1.a(adxl345.o)
                0x0000373e                port1_isr
                0x0000373e                __isr_18
 .near.text.timera1
                0x000037fc      0x10a contiki-z1.a(clock.o)
                0x000037fc                __isr_24
                0x000037fc                timera1
 .near.text.timera0
                0x00003906       0x5c contiki-z1.a(rtimer-arch.o)
                0x00003906                __isr_25
                0x00003906                timera0
 .near.text.i2c_tx_interrupt
                0x00003962       0x84 contiki-z1.a(i2cmaster.o)
                0x00003962                __isr_16
                0x00003962                i2c_tx_interrupt
 .near.text.i2c_rx_interrupt
                0x000039e6       0x14 contiki-z1.a(i2cmaster.o)
                0x000039e6                i2c_rx_interrupt
                0x000039e6                __isr_17
 .near.text.irq_p2
                0x000039fa       0x76 contiki-z1.a(button-sensor.o)
                0x000039fa                irq_p2
                0x000039fa                __isr_19
 .any.text.process_thread_proc_unicast_sender
                0x00003a70      0x100 unicast-sender.co
 .any.text.init_platform
                0x00003b70        0xc contiki-z1.a(contiki-z1-plat)
                0x00003b70                init_platform
 .any.text.msp430_init_dco
                0x00003b7c       0x28 contiki-z1.a(msp430.o)
                0x00003b7c                msp430_init_dco
 .any.text.splhigh_
                0x00003ba4        0x8 contiki-z1.a(msp430.o)
                0x00003ba4                splhigh_
 .any.text.msp430_sync_dco
                0x00003bac       0x6e contiki-z1.a(msp430.o)
                0x00003bac                msp430_sync_dco
 .any.text.msp430_cpu_init
                0x00003c1a       0x2e contiki-z1.a(msp430.o)
                0x00003c1a                msp430_cpu_init
 .any.text.show_leds
                0x00003c48       0xe8 contiki-z1.a(leds.o)
 .any.text.leds_init
                0x00003d30        0xa contiki-z1.a(leds.o)
                0x00003d30                leds_init
 .any.text.leds_on
                0x00003d3a        0xa contiki-z1.a(leds.o)
                0x00003d3a                leds_on
 .any.text.leds_off
                0x00003d44        0xe contiki-z1.a(leds.o)
                0x00003d44                leds_off
 .any.text.watchdog_start
                0x00003d52       0x14 contiki-z1.a(watchdog.o)
                0x00003d52                watchdog_start
 .any.text.watchdog_periodic
                0x00003d66       0x12 contiki-z1.a(watchdog.o)
                0x00003d66                watchdog_periodic
 .any.text.watchdog_stop
                0x00003d78       0x16 contiki-z1.a(watchdog.o)
                0x00003d78                watchdog_stop
 .any.text.watchdog_init
                0x00003d8e       0x12 contiki-z1.a(watchdog.o)
                0x00003d8e                watchdog_init
 .any.text.wait_ready
                0x00003da0       0x46 contiki-z1.a(xmem.o)
 .any.text.xmem_init
                0x00003de6       0x1e contiki-z1.a(xmem.o)
                0x00003de6                xmem_init
 .any.text.xmem_pread
                0x00003e04       0xc0 contiki-z1.a(xmem.o)
                0x00003e04                xmem_pread
 .any.text.spi_init
                0x00003ec4       0x32 contiki-z1.a(spi.o)
                0x00003ec4                spi_init
 .any.text.get_object
                0x00003ef6        0x4 contiki-z1.a(cc2420.o)
 .any.text.set_object
                0x00003efa        0x4 contiki-z1.a(cc2420.o)
 .any.text.strobe
                0x00003efe       0x1a contiki-z1.a(cc2420.o)
 .any.text.getreg
                0x00003f18       0x46 contiki-z1.a(cc2420.o)
 .any.text.setreg
                0x00003f5e       0x44 contiki-z1.a(cc2420.o)
 .any.text.write_ram
                0x00003fa2       0x72 contiki-z1.a(cc2420.o)
 .any.text.write_fifo_buf
                0x00004014       0x38 contiki-z1.a(cc2420.o)
 .any.text.get_status
                0x0000404c       0x1e contiki-z1.a(cc2420.o)
 .any.text.set_txpower
                0x0000406a       0x24 contiki-z1.a(cc2420.o)
 .any.text.cc2420_receiving_packet
                0x0000408e        0xa contiki-z1.a(cc2420.o)
 .any.text.pending_packet
                0x00004098        0xa contiki-z1.a(cc2420.o)
 .any.text.on   0x000040a2       0x26 contiki-z1.a(cc2420.o)
 .any.text.wait_for_transmission
                0x000040c8       0x22 contiki-z1.a(cc2420.o)
 .any.text.wait_for_status
                0x000040ea       0x24 contiki-z1.a(cc2420.o)
 .any.text.getrxdata
                0x0000410e       0x4c contiki-z1.a(cc2420.o)
 .any.text.flushrx
                0x0000415a       0x1a contiki-z1.a(cc2420.o)
 .any.text.off  0x00004174       0x5a contiki-z1.a(cc2420.o)
 .any.text.RELEASE_LOCK
                0x000041ce       0x28 contiki-z1.a(cc2420.o)
 .any.text.set_frame_filtering
                0x000041f6       0x30 contiki-z1.a(cc2420.o)
 .any.text.set_auto_ack
                0x00004226       0x30 contiki-z1.a(cc2420.o)
 .any.text.set_poll_mode
                0x00004256       0x2c contiki-z1.a(cc2420.o)
 .any.text.cc2420_prepare
                0x00004282       0x38 contiki-z1.a(cc2420.o)
 .any.text.cc2420_on
                0x000042ba       0x22 contiki-z1.a(cc2420.o)
                0x000042ba                cc2420_on
 .any.text.cc2420_off
                0x000042dc       0x30 contiki-z1.a(cc2420.o)
                0x000042dc                cc2420_off
 .any.text.cc2420_cca
                0x0000430c       0x54 contiki-z1.a(cc2420.o)
 .any.text.cc2420_read
                0x00004360       0xb8 contiki-z1.a(cc2420.o)
 .any.text.process_thread_cc2420_process
                0x00004418       0x5c contiki-z1.a(cc2420.o)
 .any.text.cc2420_set_channel
                0x00004474       0x3a contiki-z1.a(cc2420.o)
                0x00004474                cc2420_set_channel
 .any.text.cc2420_set_pan_addr
                0x000044ae       0x4c contiki-z1.a(cc2420.o)
                0x000044ae                cc2420_set_pan_addr
 .any.text.cc2420_interrupt
                0x000044fa       0x16 contiki-z1.a(cc2420.o)
                0x000044fa                cc2420_interrupt
 .any.text.cc2420_set_txpower
                0x00004510        0xe contiki-z1.a(cc2420.o)
                0x00004510                cc2420_set_txpower
 .any.text.cc2420_get_txpower
                0x0000451e       0x1e contiki-z1.a(cc2420.o)
                0x0000451e                cc2420_get_txpower
 .any.text.cc2420_transmit
                0x0000453c      0x10e contiki-z1.a(cc2420.o)
 .any.text.cc2420_send
                0x0000464a       0x12 contiki-z1.a(cc2420.o)
 .any.text.cc2420_rssi
                0x0000465c       0x48 contiki-z1.a(cc2420.o)
                0x0000465c                cc2420_rssi
 .any.text.get_value
                0x000046a4      0x104 contiki-z1.a(cc2420.o)
 .any.text.cc2420_set_cca_threshold
                0x000047a8       0x16 contiki-z1.a(cc2420.o)
                0x000047a8                cc2420_set_cca_threshold
 .any.text.set_value
                0x000047be       0xb2 contiki-z1.a(cc2420.o)
 .any.text.cc2420_init
                0x00004870       0xea contiki-z1.a(cc2420.o)
                0x00004870                cc2420_init
 .any.text.cc2420_arch_init
                0x0000495a       0x1a contiki-z1.a(cc2420-arch.o)
                0x0000495a                cc2420_arch_init
 .any.text.node_id_restore
                0x00004974       0x4c contiki-z1.a(node-id.o)
                0x00004974                node_id_restore
 .any.text.process_thread_sensors_process
                0x000049c0       0xc2 contiki-z1.a(sensors.o)
 .any.text.sensors_changed
                0x00004a82       0x2a contiki-z1.a(sensors.o)
                0x00004a82                sensors_changed
 .any.text.uart0_active
                0x00004aac        0xe contiki-z1.a(uart0.o)
                0x00004aac                uart0_active
 .any.text.uart0_writeb
                0x00004aba       0x16 contiki-z1.a(uart0.o)
                0x00004aba                uart0_writeb
 .any.text.uart0_init
                0x00004ad0       0x4e contiki-z1.a(uart0.o)
                0x00004ad0                uart0_init
 .any.text.putchar
                0x00004b1e       0x10 contiki-z1.a(uart0-putchar.o)
                0x00004b1e                putchar
 .any.text.status
                0x00004b2e       0x12 contiki-z1.a(adxl345.o)
 .any.text.accm_write_reg
                0x00004b40       0x2e contiki-z1.a(adxl345.o)
 .any.text.accm_write_stream
                0x00004b6e       0x2a contiki-z1.a(adxl345.o)
 .any.text.accm_read_reg
                0x00004b98       0x54 contiki-z1.a(adxl345.o)
 .any.text.process_thread_accmeter_process
                0x00004bec       0x56 contiki-z1.a(adxl345.o)
 .any.text.accm_read_axis.part.0
                0x00004c42       0x5a contiki-z1.a(adxl345.o)
 .any.text.value
                0x00004c9c       0x1e contiki-z1.a(adxl345.o)
 .any.text.accm_init
                0x00004cba       0x78 contiki-z1.a(adxl345.o)
                0x00004cba                accm_init
 .any.text.accm_stop
                0x00004d32       0x32 contiki-z1.a(adxl345.o)
                0x00004d32                accm_stop
 .any.text.configure
                0x00004d64       0x26 contiki-z1.a(adxl345.o)
 .any.text.status
                0x00004d8a       0x12 contiki-z1.a(tmp102.o)
 .any.text.tmp102_init
                0x00004d9c       0x24 contiki-z1.a(tmp102.o)
                0x00004d9c                tmp102_init
 .any.text.tmp102_stop
                0x00004dc0        0xa contiki-z1.a(tmp102.o)
                0x00004dc0                tmp102_stop
 .any.text.configure
                0x00004dca       0x26 contiki-z1.a(tmp102.o)
 .any.text.tmp102_read_reg
                0x00004df0       0x5e contiki-z1.a(tmp102.o)
                0x00004df0                tmp102_read_reg
 .any.text.tmp102_read_temp_x100
                0x00004e4e       0x58 contiki-z1.a(tmp102.o)
                0x00004e4e                tmp102_read_temp_x100
 .any.text.value
                0x00004ea6        0x6 contiki-z1.a(tmp102.o)
 .any.text.clock_time
                0x00004eac       0x1a contiki-z1.a(clock.o)
                0x00004eac                clock_time
 .any.text.clock_init
                0x00004ec6       0x28 contiki-z1.a(clock.o)
                0x00004ec6                clock_init
 .any.text.clock_delay
                0x00004eee        0xc contiki-z1.a(clock.o)
                0x00004eee                clock_delay
 .any.text.clock_wait
                0x00004efa       0x24 contiki-z1.a(clock.o)
                0x00004efa                clock_wait
 .any.text.clock_seconds
                0x00004f1e       0x1a contiki-z1.a(clock.o)
                0x00004f1e                clock_seconds
 .any.text.leds_arch_init
                0x00004f38        0xe contiki-z1.a(leds-arch.o)
                0x00004f38                leds_arch_init
 .any.text.leds_arch_set
                0x00004f46       0x38 contiki-z1.a(leds-arch.o)
                0x00004f46                leds_arch_set
 .any.text.rtimer_arch_init
                0x00004f7e        0xe contiki-z1.a(rtimer-arch.o)
                0x00004f7e                rtimer_arch_init
 .any.text.rtimer_arch_now
                0x00004f8c        0xe contiki-z1.a(rtimer-arch.o)
                0x00004f8c                rtimer_arch_now
 .any.text.rtimer_arch_schedule
                0x00004f9a        0x6 contiki-z1.a(rtimer-arch.o)
                0x00004f9a                rtimer_arch_schedule
 .any.text.autostart_start
                0x00004fa0       0x16 contiki-z1.a(autostart.o)
                0x00004fa0                autostart_start
 .any.text.process_thread_ctimer_process
                0x00004fb6       0xa0 contiki-z1.a(ctimer.o)
 .any.text.ctimer_init
                0x00005056       0x18 contiki-z1.a(ctimer.o)
                0x00005056                ctimer_init
 .any.text.ctimer_set_with_process
                0x0000506e       0x4a contiki-z1.a(ctimer.o)
                0x0000506e                ctimer_set_with_process
 .any.text.ctimer_set
                0x000050b8       0x10 contiki-z1.a(ctimer.o)
                0x000050b8                ctimer_set
 .any.text.ctimer_reset
                0x000050c8       0x2c contiki-z1.a(ctimer.o)
                0x000050c8                ctimer_reset
 .any.text.ctimer_stop
                0x000050f4       0x28 contiki-z1.a(ctimer.o)
                0x000050f4                ctimer_stop
 .any.text.energest_init
                0x0000511c       0x24 contiki-z1.a(energest.o)
                0x0000511c                energest_init
 .any.text.energest_type_time
                0x00005140       0x3c contiki-z1.a(energest.o)
                0x00005140                energest_type_time
 .any.text.energest_type_set
                0x0000517c        0xc contiki-z1.a(energest.o)
                0x0000517c                energest_type_set
 .any.text.energest_flush
                0x00005188       0x38 contiki-z1.a(energest.o)
                0x00005188                energest_flush
 .any.text.update_time
                0x000051c0       0x70 contiki-z1.a(etimer.o)
 .any.text.etimer_request_poll
                0x00005230        0xa contiki-z1.a(etimer.o)
                0x00005230                etimer_request_poll
 .any.text.process_thread_etimer_process
                0x0000523a       0xc4 contiki-z1.a(etimer.o)
 .any.text.add_timer
                0x000052fe       0x40 contiki-z1.a(etimer.o)
 .any.text.etimer_set
                0x0000533e       0x12 contiki-z1.a(etimer.o)
                0x0000533e                etimer_set
 .any.text.etimer_reset
                0x00005350       0x12 contiki-z1.a(etimer.o)
                0x00005350                etimer_reset
 .any.text.etimer_restart
                0x00005362       0x12 contiki-z1.a(etimer.o)
                0x00005362                etimer_restart
 .any.text.etimer_expired
                0x00005374        0xe contiki-z1.a(etimer.o)
                0x00005374                etimer_expired
 .any.text.etimer_pending
                0x00005382        0xc contiki-z1.a(etimer.o)
                0x00005382                etimer_pending
 .any.text.etimer_next_expiration_time
                0x0000538e       0x16 contiki-z1.a(etimer.o)
                0x0000538e                etimer_next_expiration_time
 .any.text.etimer_stop
                0x000053a4       0x3e contiki-z1.a(etimer.o)
                0x000053a4                etimer_stop
 .any.text.call_process
                0x000053e2       0x40 contiki-z1.a(process.o)
 .any.text.exit_process
                0x00005422       0x88 contiki-z1.a(process.o)
 .any.text.do_poll
                0x000054aa       0x30 contiki-z1.a(process.o)
 .any.text.process_alloc_event
                0x000054da        0xe contiki-z1.a(process.o)
                0x000054da                process_alloc_event
 .any.text.process_init
                0x000054e8       0x1c contiki-z1.a(process.o)
                0x000054e8                process_init
 .any.text.process_run
                0x00005504       0x8c contiki-z1.a(process.o)
                0x00005504                process_run
 .any.text.process_nevents
                0x00005590        0xe contiki-z1.a(process.o)
                0x00005590                process_nevents
 .any.text.process_post
                0x0000559e       0x4a contiki-z1.a(process.o)
                0x0000559e                process_post
 .any.text.process_post_synch
                0x000055e8       0x12 contiki-z1.a(process.o)
                0x000055e8                process_post_synch
 .any.text.process_start
                0x000055fa       0x36 contiki-z1.a(process.o)
                0x000055fa                process_start
 .any.text.process_poll
                0x00005630       0x18 contiki-z1.a(process.o)
                0x00005630                process_poll
 .any.text.rtimer_init
                0x00005648        0x6 contiki-z1.a(rtimer.o)
                0x00005648                rtimer_init
 .any.text.rtimer_set
                0x0000564e       0x24 contiki-z1.a(rtimer.o)
                0x0000564e                rtimer_set
 .any.text.rtimer_run_next
                0x00005672       0x26 contiki-z1.a(rtimer.o)
                0x00005672                rtimer_run_next
 .any.text.timer_set
                0x00005698       0x1c contiki-z1.a(timer.o)
                0x00005698                timer_set
 .any.text.timer_reset
                0x000056b4        0xe contiki-z1.a(timer.o)
                0x000056b4                timer_reset
 .any.text.timer_restart
                0x000056c2       0x14 contiki-z1.a(timer.o)
                0x000056c2                timer_restart
 .any.text.timer_expired
                0x000056d6       0x2a contiki-z1.a(timer.o)
                0x000056d6                timer_expired
 .any.text.list_init
                0x00005700        0x6 contiki-z1.a(list.o)
                0x00005700                list_init
 .any.text.list_head
                0x00005706        0x4 contiki-z1.a(list.o)
                0x00005706                list_head
 .any.text.list_tail
                0x0000570a       0x12 contiki-z1.a(list.o)
                0x0000570a                list_tail
 .any.text.list_remove
                0x0000571c       0x34 contiki-z1.a(list.o)
                0x0000571c                list_remove
 .any.text.list_push
                0x00005750       0x16 contiki-z1.a(list.o)
                0x00005750                list_push
 .any.text.list_add
                0x00005766       0x26 contiki-z1.a(list.o)
                0x00005766                list_add
 .any.text.list_length
                0x0000578c       0x10 contiki-z1.a(list.o)
                0x0000578c                list_length
 .any.text.list_item_next
                0x0000579c        0xc contiki-z1.a(list.o)
                0x0000579c                list_item_next
 .any.text.random_init
                0x000057a8        0x6 contiki-z1.a(random.o)
                0x000057a8                random_init
 .any.text.random_rand
                0x000057ae        0x6 contiki-z1.a(random.o)
                0x000057ae                random_rand
 .any.text.uip_ds6_list_loop
                0x000057b4       0x66 contiki-z1.a(uip-ds6.o)
                0x000057b4                uip_ds6_list_loop
 .any.text.uip_ds6_prefix_add
                0x0000581a       0x70 contiki-z1.a(uip-ds6.o)
                0x0000581a                uip_ds6_prefix_add
 .any.text.uip_ds6_is_addr_onlink
                0x0000588a       0x42 contiki-z1.a(uip-ds6.o)
                0x0000588a                uip_ds6_is_addr_onlink
 .any.text.uip_ds6_addr_lookup
                0x000058cc       0x2a contiki-z1.a(uip-ds6.o)
                0x000058cc                uip_ds6_addr_lookup
 .any.text.uip_ds6_get_link_local
                0x000058f6       0x3e contiki-z1.a(uip-ds6.o)
                0x000058f6                uip_ds6_get_link_local
 .any.text.uip_ds6_maddr_add
                0x00005934       0x48 contiki-z1.a(uip-ds6.o)
                0x00005934                uip_ds6_maddr_add
 .any.text.uip_ds6_addr_add
                0x0000597c       0xb4 contiki-z1.a(uip-ds6.o)
                0x0000597c                uip_ds6_addr_add
 .any.text.uip_ds6_maddr_rm
                0x00005a30        0xa contiki-z1.a(uip-ds6.o)
                0x00005a30                uip_ds6_maddr_rm
 .any.text.uip_ds6_maddr_lookup
                0x00005a3a       0x2a contiki-z1.a(uip-ds6.o)
                0x00005a3a                uip_ds6_maddr_lookup
 .any.text.uip_ds6_addr_rm
                0x00005a64       0x54 contiki-z1.a(uip-ds6.o)
                0x00005a64                uip_ds6_addr_rm
 .any.text.uip_ds6_periodic
                0x00005ab8       0x4a contiki-z1.a(uip-ds6.o)
                0x00005ab8                uip_ds6_periodic
 .any.text.uip_ds6_set_addr_iid
                0x00005b02       0x14 contiki-z1.a(uip-ds6.o)
                0x00005b02                uip_ds6_set_addr_iid
 .any.text.get_match_length
                0x00005b16       0x3c contiki-z1.a(uip-ds6.o)
                0x00005b16                get_match_length
 .any.text.uip_ds6_select_src
                0x00005b52       0x9a contiki-z1.a(uip-ds6.o)
                0x00005b52                uip_ds6_select_src
 .any.text.uip_ds6_compute_reachable_time
                0x00005bec       0x36 contiki-z1.a(uip-ds6.o)
                0x00005bec                uip_ds6_compute_reachable_time
 .any.text.uip_ds6_init
                0x00005c22      0x138 contiki-z1.a(uip-ds6.o)
                0x00005c22                uip_ds6_init
 .any.text.call_route_callback
                0x00005d5a       0x40 contiki-z1.a(uip-ds6-route.o)
 .any.text.uip_ds6_route_init
                0x00005d9a       0x36 contiki-z1.a(uip-ds6-route.o)
                0x00005d9a                uip_ds6_route_init
 .any.text.uip_ds6_route_nexthop
                0x00005dd0       0x1a contiki-z1.a(uip-ds6-route.o)
                0x00005dd0                uip_ds6_route_nexthop
 .any.text.uip_ds6_route_head
                0x00005dea        0xa contiki-z1.a(uip-ds6-route.o)
                0x00005dea                uip_ds6_route_head
 .any.text.uip_ds6_route_next
                0x00005df4        0xe contiki-z1.a(uip-ds6-route.o)
                0x00005df4                uip_ds6_route_next
 .any.text.uip_ds6_route_lookup
                0x00005e02       0x6e contiki-z1.a(uip-ds6-route.o)
                0x00005e02                uip_ds6_route_lookup
 .any.text.uip_ds6_route_rm
                0x00005e70       0xa2 contiki-z1.a(uip-ds6-route.o)
                0x00005e70                uip_ds6_route_rm
 .any.text.rm_routelist
                0x00005f12       0x34 contiki-z1.a(uip-ds6-route.o)
 .any.text.rm_routelist_callback
                0x00005f46        0x6 contiki-z1.a(uip-ds6-route.o)
 .any.text.uip_ds6_defrt_rm
                0x00005f4c       0x44 contiki-z1.a(uip-ds6-route.o)
                0x00005f4c                uip_ds6_defrt_rm
 .any.text.uip_ds6_defrt_lookup
                0x00005f90       0x32 contiki-z1.a(uip-ds6-route.o)
                0x00005f90                uip_ds6_defrt_lookup
 .any.text.uip_ds6_defrt_choose
                0x00005fc2       0x36 contiki-z1.a(uip-ds6-route.o)
                0x00005fc2                uip_ds6_defrt_choose
 .any.text.uip_ds6_defrt_periodic
                0x00005ff8       0x38 contiki-z1.a(uip-ds6-route.o)
                0x00005ff8                uip_ds6_defrt_periodic
 .any.text.chksum
                0x00006030       0x32 contiki-z1.a(uip6.o)
 .any.text.upper_layer_chksum
                0x00006062       0x56 contiki-z1.a(uip6.o)
 .any.text.ext_hdr_options_process
                0x000060b8       0xaa contiki-z1.a(uip6.o)
 .any.text.uip_add32
                0x00006162       0x60 contiki-z1.a(uip6.o)
                0x00006162                uip_add32
 .any.text.uip_add_rcv_nxt
                0x000061c2       0x2e contiki-z1.a(uip6.o)
 .any.text.uip_icmp6chksum
                0x000061f0        0xa contiki-z1.a(uip6.o)
                0x000061f0                uip_icmp6chksum
 .any.text.uip_tcpchksum
                0x000061fa        0xa contiki-z1.a(uip6.o)
                0x000061fa                uip_tcpchksum
 .any.text.uip_udpchksum
                0x00006204        0xa contiki-z1.a(uip6.o)
                0x00006204                uip_udpchksum
 .any.text.uip_init
                0x0000620e       0x56 contiki-z1.a(uip6.o)
                0x0000620e                uip_init
 .any.text.remove_ext_hdr
                0x00006264       0x50 contiki-z1.a(uip6.o)
                0x00006264                remove_ext_hdr
 .any.text.uip_udp_new
                0x000062b4       0xa2 contiki-z1.a(uip6.o)
                0x000062b4                uip_udp_new
 .any.text.uip_unlisten
                0x00006356       0x1a contiki-z1.a(uip6.o)
                0x00006356                uip_unlisten
 .any.text.uip_process
                0x00006370      0xd94 contiki-z1.a(uip6.o)
                0x00006370                uip_process
 .any.text.uip_htonl
                0x00007104       0x2a contiki-z1.a(uip6.o)
                0x00007104                uip_htonl
 .any.text.uip_ds6_nbr_rm
                0x0000712e       0x14 contiki-z1.a(uip-ds6-nbr.o)
                0x0000712e                uip_ds6_nbr_rm
 .any.text.uip_ds6_neighbors_init
                0x00007142       0x12 contiki-z1.a(uip-ds6-nbr.o)
                0x00007142                uip_ds6_neighbors_init
 .any.text.uip_ds6_nbr_add
                0x00007154       0x56 contiki-z1.a(uip-ds6-nbr.o)
                0x00007154                uip_ds6_nbr_add
 .any.text.uip_ds6_nbr_get_ll
                0x000071aa        0xc contiki-z1.a(uip-ds6-nbr.o)
                0x000071aa                uip_ds6_nbr_get_ll
 .any.text.uip_ds6_nbr_lookup
                0x000071b6       0x3e contiki-z1.a(uip-ds6-nbr.o)
                0x000071b6                uip_ds6_nbr_lookup
 .any.text.uip_ds6_nbr_ll_lookup
                0x000071f4        0xc contiki-z1.a(uip-ds6-nbr.o)
                0x000071f4                uip_ds6_nbr_ll_lookup
 .any.text.uip_ds6_nbr_ipaddr_from_lladdr
                0x00007200        0x6 contiki-z1.a(uip-ds6-nbr.o)
                0x00007200                uip_ds6_nbr_ipaddr_from_lladdr
 .any.text.uip_ds6_link_neighbor_callback
                0x00007206       0x26 contiki-z1.a(uip-ds6-nbr.o)
                0x00007206                uip_ds6_link_neighbor_callback
 .any.text.uip_ds6_neighbor_periodic
                0x0000722c       0xfa contiki-z1.a(uip-ds6-nbr.o)
                0x0000722c                uip_ds6_neighbor_periodic
 .any.text.extract_lladdr_from_llao_aligned
                0x00007326       0x1c contiki-z1.a(uip-nd6.o)
 .any.text.na_input
                0x00007342      0x1bc contiki-z1.a(uip-nd6.o)
 .any.text.ns_input
                0x000074fe      0x260 contiki-z1.a(uip-nd6.o)
 .any.text.uip_nd6_ns_output
                0x0000775e      0x17a contiki-z1.a(uip-nd6.o)
                0x0000775e                uip_nd6_ns_output
 .any.text.uip_nd6_init
                0x000078d8       0x12 contiki-z1.a(uip-nd6.o)
                0x000078d8                uip_nd6_init
 .any.text.clear_fragments
                0x000078ea       0x38 contiki-z1.a(sicslowpan.o)
 .any.text.set_packet_attrs
                0x00007922       0x46 contiki-z1.a(sicslowpan.o)
 .any.text.addr_context_lookup_by_number
                0x00007968       0x30 contiki-z1.a(sicslowpan.o)
 .any.text.compress_addr_64
                0x00007998       0x9a contiki-z1.a(sicslowpan.o)
 .any.text.store_fragment
                0x00007a32       0x6e contiki-z1.a(sicslowpan.o)
 .any.text.uncompress_addr
                0x00007aa0       0x96 contiki-z1.a(sicslowpan.o)
 .any.text.sicslowpan_init
                0x00007b36       0x24 contiki-z1.a(sicslowpan.o)
                0x00007b36                sicslowpan_init
 .any.text.addr_context_lookup_by_prefix
                0x00007b5a       0x4a contiki-z1.a(sicslowpan.o)
 .any.text.packet_sent
                0x00007ba4       0x22 contiki-z1.a(sicslowpan.o)
 .any.text.add_fragment
                0x00007bc6      0x160 contiki-z1.a(sicslowpan.o)
 .any.text.input
                0x00007d26      0x60e contiki-z1.a(sicslowpan.o)
 .any.text.send_packet
                0x00008334       0x1a contiki-z1.a(sicslowpan.o)
 .any.text.output
                0x0000834e      0x67c contiki-z1.a(sicslowpan.o)
 .any.text.uip_debug_ipaddr_print
                0x000089ca       0xbc contiki-z1.a(uip-debug.o)
                0x000089ca                uip_debug_ipaddr_print
 .any.text.start_periodic_tcp_timer
                0x00008a86       0x16 contiki-z1.a(tcpip.o)
 .any.text.tcpip_output
                0x00008a9c       0x10 contiki-z1.a(tcpip.o)
                0x00008a9c                tcpip_output
 .any.text.tcpip_set_outputfunc
                0x00008aac        0x6 contiki-z1.a(tcpip.o)
                0x00008aac                tcpip_set_outputfunc
 .any.text.udp_new
                0x00008ab2       0x1a contiki-z1.a(tcpip.o)
                0x00008ab2                udp_new
 .any.text.tcpip_input
                0x00008acc       0x16 contiki-z1.a(tcpip.o)
                0x00008acc                tcpip_input
 .any.text.tcpip_ipv6_output
                0x00008ae2      0x134 contiki-z1.a(tcpip.o)
                0x00008ae2                tcpip_ipv6_output
 .any.text.process_thread_tcpip_process
                0x00008c16      0x1a4 contiki-z1.a(tcpip.o)
 .any.text.tcpip_uipcall
                0x00008dba       0x62 contiki-z1.a(tcpip.o)
                0x00008dba                tcpip_uipcall
 .any.text.process_thread_simple_udp_process
                0x00008e1c       0x9e contiki-z1.a(simple-udp.o)
 .any.text.simple_udp_send
                0x00008eba       0x2a contiki-z1.a(simple-udp.o)
                0x00008eba                simple_udp_send
 .any.text.simple_udp_register
                0x00008ee4       0x88 contiki-z1.a(simple-udp.o)
                0x00008ee4                simple_udp_register
 .any.text.queuebuf_init
                0x00008f6c       0x12 contiki-z1.a(queuebuf.o)
                0x00008f6c                queuebuf_init
 .any.text.queuebuf_numfree
                0x00008f7e        0xa contiki-z1.a(queuebuf.o)
                0x00008f7e                queuebuf_numfree
 .any.text.queuebuf_new_from_packetbuf
                0x00008f88       0x4e contiki-z1.a(queuebuf.o)
                0x00008f88                queuebuf_new_from_packetbuf
 .any.text.queuebuf_update_attr_from_packetbuf
                0x00008fd6       0x12 contiki-z1.a(queuebuf.o)
                0x00008fd6                queuebuf_update_attr_from_packetbuf
 .any.text.queuebuf_update_from_packetbuf
                0x00008fe8       0x22 contiki-z1.a(queuebuf.o)
                0x00008fe8                queuebuf_update_from_packetbuf
 .any.text.queuebuf_free
                0x0000900a       0x2a contiki-z1.a(queuebuf.o)
                0x0000900a                queuebuf_free
 .any.text.queuebuf_to_packetbuf
                0x00009034       0x32 contiki-z1.a(queuebuf.o)
                0x00009034                queuebuf_to_packetbuf
 .any.text.queuebuf_attr
                0x00009066        0xe contiki-z1.a(queuebuf.o)
                0x00009066                queuebuf_attr
 .any.text.item_from_index
                0x00009074       0x2a contiki-z1.a(nbr-table.o)
 .any.text.index_from_key
                0x0000909e       0x26 contiki-z1.a(nbr-table.o)
 .any.text.index_from_item
                0x000090c4       0x1e contiki-z1.a(nbr-table.o)
 .any.text.nbr_set_bit
                0x000090e2       0x50 contiki-z1.a(nbr-table.o)
 .any.text.index_from_lladdr
                0x00009132       0x3e contiki-z1.a(nbr-table.o)
 .any.text.nbr_get_bit.constprop.1
                0x00009170       0x2c contiki-z1.a(nbr-table.o)
 .any.text.remove_key
                0x0000919c       0x56 contiki-z1.a(nbr-table.o)
 .any.text.nbr_table_register
                0x000091f2       0x26 contiki-z1.a(nbr-table.o)
                0x000091f2                nbr_table_register
 .any.text.nbr_table_next
                0x00009218       0x4c contiki-z1.a(nbr-table.o)
                0x00009218                nbr_table_next
 .any.text.nbr_table_head
                0x00009264       0x36 contiki-z1.a(nbr-table.o)
                0x00009264                nbr_table_head
 .any.text.nbr_table_add_lladdr
                0x0000929a       0xc8 contiki-z1.a(nbr-table.o)
                0x0000929a                nbr_table_add_lladdr
 .any.text.nbr_table_get_from_lladdr
                0x00009362       0x28 contiki-z1.a(nbr-table.o)
                0x00009362                nbr_table_get_from_lladdr
 .any.text.nbr_table_remove
                0x0000938a       0x2a contiki-z1.a(nbr-table.o)
                0x0000938a                nbr_table_remove
 .any.text.nbr_table_get_lladdr
                0x000093b4       0x20 contiki-z1.a(nbr-table.o)
                0x000093b4                nbr_table_get_lladdr
 .any.text.nbr_table_update_lladdr
                0x000093d4       0x54 contiki-z1.a(nbr-table.o)
                0x000093d4                nbr_table_update_lladdr
 .any.text.packetbuf_hdrreduce
                0x00009428       0x1a contiki-z1.a(packetbuf.o)
                0x00009428                packetbuf_hdrreduce
 .any.text.packetbuf_set_datalen
                0x00009442        0x6 contiki-z1.a(packetbuf.o)
                0x00009442                packetbuf_set_datalen
 .any.text.packetbuf_hdrptr
                0x00009448        0x6 contiki-z1.a(packetbuf.o)
                0x00009448                packetbuf_hdrptr
 .any.text.packetbuf_datalen
                0x0000944e        0x6 contiki-z1.a(packetbuf.o)
                0x0000944e                packetbuf_datalen
 .any.text.packetbuf_hdrlen
                0x00009454        0xa contiki-z1.a(packetbuf.o)
                0x00009454                packetbuf_hdrlen
 .any.text.packetbuf_dataptr
                0x0000945e        0xc contiki-z1.a(packetbuf.o)
                0x0000945e                packetbuf_dataptr
 .any.text.packetbuf_copyto
                0x0000946a       0x3a contiki-z1.a(packetbuf.o)
                0x0000946a                packetbuf_copyto
 .any.text.packetbuf_totlen
                0x000094a4        0xc contiki-z1.a(packetbuf.o)
                0x000094a4                packetbuf_totlen
 .any.text.packetbuf_hdralloc
                0x000094b0       0x3c contiki-z1.a(packetbuf.o)
                0x000094b0                packetbuf_hdralloc
 .any.text.packetbuf_attr_clear
                0x000094ec       0x28 contiki-z1.a(packetbuf.o)
                0x000094ec                packetbuf_attr_clear
 .any.text.packetbuf_clear
                0x00009514       0x12 contiki-z1.a(packetbuf.o)
                0x00009514                packetbuf_clear
 .any.text.packetbuf_copyfrom
                0x00009526       0x2a contiki-z1.a(packetbuf.o)
                0x00009526                packetbuf_copyfrom
 .any.text.packetbuf_attr_copyto
                0x00009550       0x22 contiki-z1.a(packetbuf.o)
                0x00009550                packetbuf_attr_copyto
 .any.text.packetbuf_attr_copyfrom
                0x00009572       0x24 contiki-z1.a(packetbuf.o)
                0x00009572                packetbuf_attr_copyfrom
 .any.text.packetbuf_holds_broadcast
                0x00009596        0xe contiki-z1.a(packetbuf.o)
                0x00009596                packetbuf_holds_broadcast
 .any.text.linkaddr_copy
                0x000095a4        0x8 contiki-z1.a(linkaddr.o)
                0x000095a4                linkaddr_copy
 .any.text.linkaddr_cmp
                0x000095ac       0x12 contiki-z1.a(linkaddr.o)
                0x000095ac                linkaddr_cmp
 .any.text.linkaddr_set_node_addr
                0x000095be        0xc contiki-z1.a(linkaddr.o)
                0x000095be                linkaddr_set_node_addr
 .any.text.periodic
                0x000095ca       0x2c contiki-z1.a(link-stats.o)
 .any.text.link_stats_is_fresh
                0x000095f6       0x32 contiki-z1.a(link-stats.o)
                0x000095f6                link_stats_is_fresh
 .any.text.link_stats_packet_sent
                0x00009628       0xc4 contiki-z1.a(link-stats.o)
                0x00009628                link_stats_packet_sent
 .any.text.link_stats_input_callback
                0x000096ec       0xa6 contiki-z1.a(link-stats.o)
                0x000096ec                link_stats_input_callback
 .any.text.link_stats_init
                0x00009792       0x22 contiki-z1.a(link-stats.o)
                0x00009792                link_stats_init
 .any.text.input_packet
                0x000097b4        0x6 contiki-z1.a(csma.o)
 .any.text.on   0x000097ba        0x6 contiki-z1.a(csma.o)
 .any.text.off  0x000097c0        0x6 contiki-z1.a(csma.o)
 .any.text.channel_check_interval
                0x000097c6       0x10 contiki-z1.a(csma.o)
 .any.text.transmit_packet_list
                0x000097d6       0x24 contiki-z1.a(csma.o)
 .any.text.schedule_transmission
                0x000097fa       0x84 contiki-z1.a(csma.o)
 .any.text.init
                0x0000987e       0x1a contiki-z1.a(csma.o)
 .any.text.tx_done
                0x00009898       0x84 contiki-z1.a(csma.o)
 .any.text.send_packet
                0x0000991c      0x158 contiki-z1.a(csma.o)
 .any.text.packet_sent
                0x00009a74       0xca contiki-z1.a(csma.o)
 .any.text.mac_call_sent_callback
                0x00009b3e       0x14 contiki-z1.a(mac.o)
                0x00009b3e                mac_call_sent_callback
 .any.text.create_frame.isra.0
                0x00009b52      0x114 contiki-z1.a(framer-802154.o)
 .any.text.create
                0x00009c66        0x8 contiki-z1.a(framer-802154.o)
 .any.text.hdr_length
                0x00009c6e        0x8 contiki-z1.a(framer-802154.o)
 .any.text.parse
                0x00009c76       0x9a contiki-z1.a(framer-802154.o)
 .any.text.duty_cycle
                0x00009d10        0x6 contiki-z1.a(contikimac.o)
 .any.text.init
                0x00009d16       0x2a contiki-z1.a(contikimac.o)
 .any.text.on   0x00009d40       0x1a contiki-z1.a(contikimac.o)
 .any.text.off  0x00009d5a       0x22 contiki-z1.a(contikimac.o)
 .any.text.recv_burst_off
                0x00009d7c        0xa contiki-z1.a(contikimac.o)
 .any.text.powercycle_turn_radio_off
                0x00009d86       0x14 contiki-z1.a(contikimac.o)
 .any.text.turn_off
                0x00009d9a       0x20 contiki-z1.a(contikimac.o)
 .any.text.turn_on
                0x00009dba       0x30 contiki-z1.a(contikimac.o)
 .any.text.schedule_powercycle_fixed.part.5
                0x00009dea       0x32 contiki-z1.a(contikimac.o)
 .any.text.input_packet
                0x00009e1c       0x94 contiki-z1.a(contikimac.o)
 .any.text.send_packet.isra.8
                0x00009eb0      0x1d8 contiki-z1.a(contikimac.o)
 .any.text.qsend_list
                0x0000a088       0xb2 contiki-z1.a(contikimac.o)
 .any.text.qsend_packet
                0x0000a13a       0x28 contiki-z1.a(contikimac.o)
 .any.text.powercycle_wrapper
                0x0000a162      0x1c2 contiki-z1.a(contikimac.o)
 .any.text.init
                0x0000a324        0x2 contiki-z1.a(nullsec.o)
 .any.text.send
                0x0000a326        0xa contiki-z1.a(nullsec.o)
 .any.text.input
                0x0000a330        0x6 contiki-z1.a(nullsec.o)
 .any.text.i2c_receiveinit
                0x0000a336       0x36 contiki-z1.a(i2cmaster.o)
                0x0000a336                i2c_receiveinit
 .any.text.i2c_transmitinit
                0x0000a36c       0x30 contiki-z1.a(i2cmaster.o)
                0x0000a36c                i2c_transmitinit
 .any.text.i2c_receive_n
                0x0000a39c       0x3e contiki-z1.a(i2cmaster.o)
                0x0000a39c                i2c_receive_n
 .any.text.i2c_busy
                0x0000a3da        0xa contiki-z1.a(i2cmaster.o)
                0x0000a3da                i2c_busy
 .any.text.i2c_enable
                0x0000a3e4       0x22 contiki-z1.a(i2cmaster.o)
                0x0000a3e4                i2c_enable
 .any.text.i2c_transmit_n
                0x0000a406       0x14 contiki-z1.a(i2cmaster.o)
                0x0000a406                i2c_transmit_n
 .any.text.status
                0x0000a41a       0x18 contiki-z1.a(button-sensor.o)
 .any.text.value
                0x0000a432       0x20 contiki-z1.a(button-sensor.o)
 .any.text.configure
                0x0000a452       0x4e contiki-z1.a(button-sensor.o)
 .any.text.stimer_set
                0x0000a4a0       0x1c contiki-z1.a(stimer.o)
                0x0000a4a0                stimer_set
 .any.text.stimer_expired
                0x0000a4bc       0x30 contiki-z1.a(stimer.o)
                0x0000a4bc                stimer_expired
 .any.text.memb_init
                0x0000a4ec       0x36 contiki-z1.a(memb.o)
                0x0000a4ec                memb_init
 .any.text.memb_alloc
                0x0000a522       0x3e contiki-z1.a(memb.o)
                0x0000a522                memb_alloc
 .any.text.memb_free
                0x0000a560       0x3a contiki-z1.a(memb.o)
                0x0000a560                memb_free
 .any.text.memb_inmemb
                0x0000a59a       0x2a contiki-z1.a(memb.o)
                0x0000a59a                memb_inmemb
 .any.text.memb_numfree
                0x0000a5c4       0x26 contiki-z1.a(memb.o)
                0x0000a5c4                memb_numfree
 .any.text.echo_reply_input
                0x0000a5ea       0xaa contiki-z1.a(uip-icmp6.o)
 .any.text.echo_request_input
                0x0000a694       0xca contiki-z1.a(uip-icmp6.o)
 .any.text.uip_icmp6_input
                0x0000a75e       0x44 contiki-z1.a(uip-icmp6.o)
                0x0000a75e                uip_icmp6_input
 .any.text.uip_icmp6_register_input_handler
                0x0000a7a2        0xc contiki-z1.a(uip-icmp6.o)
                0x0000a7a2                uip_icmp6_register_input_handler
 .any.text.uip_icmp6_error_output
                0x0000a7ae      0x158 contiki-z1.a(uip-icmp6.o)
                0x0000a7ae                uip_icmp6_error_output
 .any.text.uip_icmp6_init
                0x0000a906       0x12 contiki-z1.a(uip-icmp6.o)
                0x0000a906                uip_icmp6_init
 .any.text.uip_udp_packet_send
                0x0000a918       0x2a contiki-z1.a(uip-udp-packet.)
                0x0000a918                uip_udp_packet_send
 .any.text.uip_udp_packet_sendto
                0x0000a942       0x56 contiki-z1.a(uip-udp-packet.)
                0x0000a942                uip_udp_packet_sendto
 .any.text.mac_sequence_is_duplicate
                0x0000a998       0x60 contiki-z1.a(mac-sequence.o)
                0x0000a998                mac_sequence_is_duplicate
 .any.text.mac_sequence_register_seqno
                0x0000a9f8       0x76 contiki-z1.a(mac-sequence.o)
                0x0000a9f8                mac_sequence_register_seqno
 .any.text.frame802154_get_pan_id
                0x0000aa6e        0x6 contiki-z1.a(frame802154.o)
                0x0000aa6e                frame802154_get_pan_id
 .any.text.frame802154_has_panid
                0x0000aa74       0x78 contiki-z1.a(frame802154.o)
                0x0000aa74                frame802154_has_panid
 .any.text.field_len
                0x0000aaec       0xa8 contiki-z1.a(frame802154.o)
 .any.text.frame802154_is_broadcast_addr
                0x0000ab94       0x28 contiki-z1.a(frame802154.o)
                0x0000ab94                frame802154_is_broadcast_addr
 .any.text.frame802154_hdrlen
                0x0000abbc       0x32 contiki-z1.a(frame802154.o)
                0x0000abbc                frame802154_hdrlen
 .any.text.frame802154_create
                0x0000abee      0x136 contiki-z1.a(frame802154.o)
                0x0000abee                frame802154_create
 .any.text.frame802154_parse
                0x0000ad24      0x1be contiki-z1.a(frame802154.o)
                0x0000ad24                frame802154_parse
 .any.text.printf
                0x0000aee2       0x10 /usr/local/bin/../lib/gcc/msp430/4.7.2/../../../../msp430/lib/mcpu-430x/mmpy-16/msr20/mc20/libc.a(printf.o)
                0x0000aee2                printf
 .any.text.append
                0x0000aef2       0x22 /usr/local/bin/../lib/gcc/msp430/4.7.2/../../../../msp430/lib/mcpu-430x/mmpy-16/msr20/mc20/libc.a(sprintf.o)
 .any.text.call_vuprintf
                0x0000af14       0x36 /usr/local/bin/../lib/gcc/msp430/4.7.2/../../../../msp430/lib/mcpu-430x/mmpy-16/msr20/mc20/libc.a(sprintf.o)
 .any.text.sprintf
                0x0000af4a       0x1a /usr/local/bin/../lib/gcc/msp430/4.7.2/../../../../msp430/lib/mcpu-430x/mmpy-16/msr20/mc20/libc.a(sprintf.o)
                0x0000af4a                sprintf
 .any.text.print_field
                0x0000af64      0x176 /usr/local/bin/../lib/gcc/msp430/4.7.2/../../../../msp430/lib/mcpu-430x/mmpy-16/msr20/mc20/libc.a(vuprintf.o)
 .any.text.vuprintf
                0x0000b0da      0x742 /usr/local/bin/../lib/gcc/msp430/4.7.2/../../../../msp430/lib/mcpu-430x/mmpy-16/msr20/mc20/libc.a(vuprintf.o)
                0x0000b0da                vuprintf
 .any.text.puts
                0x0000b81c       0x2c /usr/local/bin/../lib/gcc/msp430/4.7.2/../../../../msp430/lib/mcpu-430x/mmpy-16/msr20/mc20/libc.a(puts.o)
                0x0000b81c                puts
 .any.text.rand
                0x0000b848       0x26 /usr/local/bin/../lib/gcc/msp430/4.7.2/../../../../msp430/lib/mcpu-430x/mmpy-16/msr20/mc20/libc.a(rand.o)
                0x0000b848                rand
 .any.text.srand
                0x0000b86e        0xa /usr/local/bin/../lib/gcc/msp430/4.7.2/../../../../msp430/lib/mcpu-430x/mmpy-16/msr20/mc20/libc.a(rand.o)
                0x0000b86e                srand
 .any.text.memcmp
                0x0000b878       0x2c /usr/local/bin/../lib/gcc/msp430/4.7.2/../../../../msp430/lib/mcpu-430x/mmpy-16/msr20/mc20/libc.a(memcmp.o)
                0x0000b878                memcmp
 .any.text.memcpy
                0x0000b8a4       0xe8 /usr/local/bin/../lib/gcc/msp430/4.7.2/../../../../msp430/lib/mcpu-430x/mmpy-16/msr20/mc20/libc.a(memcpy.o)
                0x0000b8a4                memcpy
 .any.text.memmove
                0x0000b98c       0xe8 /usr/local/bin/../lib/gcc/msp430/4.7.2/../../../../msp430/lib/mcpu-430x/mmpy-16/msr20/mc20/libc.a(memmove.o)
                0x0000b98c                memmove
 .any.text.memset
                0x0000ba74       0x5c /usr/local/bin/../lib/gcc/msp430/4.7.2/../../../../msp430/lib/mcpu-430x/mmpy-16/msr20/mc20/libc.a(memset.o)
                0x0000ba74                memset

.rodata         0x0000bad0      0x427
                0x0000bad0                . = ALIGN (0x2)
 *(.rodata .rodata.* .gnu.linkonce.r.*)
 .rodata.process_thread_proc_unicast_sender
                0x0000bad0       0x5b unicast-sender.co
 *fill*         0x0000bb2b        0x1 00
 .rodata.autostart_processes
                0x0000bb2c        0x4 unicast-sender.co
                0x0000bb2c                autostart_processes
 .rodata        0x0000bb30       0x1f unicast-sender.co
 .rodata        0x0000bb4f      0x134 obj_z1/contiki-z1-main.o
 *fill*         0x0000bc83        0x1 00
 .rodata.get_value
                0x0000bc84       0x44 contiki-z1.a(cc2420.o)
 .rodata.set_value
                0x0000bcc8       0x20 contiki-z1.a(cc2420.o)
 .rodata.cc2420_driver
                0x0000bce8       0x38 contiki-z1.a(cc2420.o)
                0x0000bce8                cc2420_driver
 .rodata        0x0000bd20        0xe contiki-z1.a(cc2420.o)
 .rodata.output_power
                0x0000bd2e       0x10 contiki-z1.a(cc2420.o)
 .rodata        0x0000bd3e        0x8 contiki-z1.a(sensors.o)
 .rodata        0x0000bd46       0x25 contiki-z1.a(adxl345.o)
 *fill*         0x0000bd6b        0x1 00
 .rodata.adxl345
                0x0000bd6c        0xe contiki-z1.a(adxl345.o)
                0x0000bd6c                adxl345
 .rodata        0x0000bd7a        0xe contiki-z1.a(tmp102.o)
 .rodata.tmp102
                0x0000bd88        0xe contiki-z1.a(tmp102.o)
                0x0000bd88                tmp102
 .rodata        0x0000bd96        0xf contiki-z1.a(ctimer.o)
 .rodata        0x0000bda5        0xc contiki-z1.a(etimer.o)
 *fill*         0x0000bdb1        0x3 00
 .rodata.uip_process
                0x0000bdb4       0x40 contiki-z1.a(uip6.o)
 .rodata        0x0000bdf4        0xb contiki-z1.a(sicslowpan.o)
 *fill*         0x0000bdff        0x1 00
 .rodata.sicslowpan_driver
                0x0000be00        0xa contiki-z1.a(sicslowpan.o)
                0x0000be00                sicslowpan_driver
 .rodata.llprefix
                0x0000be0a        0x2 contiki-z1.a(sicslowpan.o)
                0x0000be0a                llprefix
 .rodata.unc_mxconf
                0x0000be0c        0x4 contiki-z1.a(sicslowpan.o)
                0x0000be0c                unc_mxconf
 .rodata.unc_ctxconf
                0x0000be10        0x4 contiki-z1.a(sicslowpan.o)
                0x0000be10                unc_ctxconf
 .rodata.unc_llconf
                0x0000be14        0x4 contiki-z1.a(sicslowpan.o)
                0x0000be14                unc_llconf
 .rodata.ttl_values
                0x0000be18        0x4 contiki-z1.a(sicslowpan.o)
 .rodata.uip_debug_ipaddr_print
                0x0000be1c       0x28 contiki-z1.a(uip-debug.o)
 .rodata        0x0000be44        0xd contiki-z1.a(tcpip.o)
 .rodata        0x0000be51       0x13 contiki-z1.a(simple-udp.o)
 .rodata.linkaddr_null
                0x0000be64        0x8 contiki-z1.a(linkaddr.o)
                0x0000be64                linkaddr_null
 .rodata        0x0000be6c        0x5 contiki-z1.a(csma.o)
 *fill*         0x0000be71        0x1 00
 .rodata.csma_driver
                0x0000be72       0x1a contiki-z1.a(csma.o)
                0x0000be72                csma_driver
 .rodata.framer_802154
                0x0000be8c        0xc contiki-z1.a(framer-802154.o)
                0x0000be8c                framer_802154
 .rodata        0x0000be98        0xb contiki-z1.a(contikimac.o)
 *fill*         0x0000bea3        0x1 00
 .rodata.contikimac_driver
                0x0000bea4       0x1e contiki-z1.a(contikimac.o)
                0x0000bea4                contikimac_driver
 .rodata        0x0000bec2        0x8 contiki-z1.a(nullsec.o)
 .rodata.nullsec_driver
                0x0000beca        0xe contiki-z1.a(nullsec.o)
                0x0000beca                nullsec_driver
 .rodata        0x0000bed8        0x7 contiki-z1.a(button-sensor.o)
 *fill*         0x0000bedf        0x1 00
 .rodata.button_sensor
                0x0000bee0        0xe contiki-z1.a(button-sensor.o)
                0x0000bee0                button_sensor
 .rodata.CSWTCH.16
                0x0000beee        0x2 contiki-z1.a(frame802154.o)
 .rodata.vuprintf
                0x0000bef0        0x7 /usr/local/bin/../lib/gcc/msp430/4.7.2/../../../../msp430/lib/mcpu-430x/mmpy-16/msr20/mc20/libc.a(vuprintf.o)
 *(.near.rodata .near.rodata.*)
                0x0000bef8                . = ALIGN (0x2)
                0x0000bef8                _etext = .

.data           0x00001100      0x114 load address 0x0000bef8
                0x00001100                . = ALIGN (0x2)
                0x00001100                __data_start = .
 *(.data .data.* .gnu.linkonce.d.*)
 .data.proc_unicast_sender
                0x00001100        0xc unicast-sender.co
                0x00001100                proc_unicast_sender
 .data.cur_break
                0x0000110c        0x2 contiki-z1.a(msp430.o)
 .data.cc2420_process
                0x0000110e        0xc contiki-z1.a(cc2420.o)
                0x0000110e                cc2420_process
 .data.send_on_cca
                0x0000111a        0x1 contiki-z1.a(cc2420.o)
 *fill*         0x0000111b        0x1 00
 .data.sensors_process
                0x0000111c        0xc contiki-z1.a(sensors.o)
                0x0000111c                sensors_process
 .data.sensors  0x00001128        0x8 contiki-z1.a(z1-sensors.o)
                0x00001128                sensors
 .data.accmeter_process
                0x00001130        0xc contiki-z1.a(adxl345.o)
                0x00001130                accmeter_process
 .data.adxl345_default_settings
                0x0000113c       0x16 contiki-z1.a(adxl345.o)
 .data.ctimer_process
                0x00001152        0xc contiki-z1.a(ctimer.o)
                0x00001152                ctimer_process
 .data.etimer_process
                0x0000115e        0xc contiki-z1.a(etimer.o)
                0x0000115e                etimer_process
 .data.nbr_routes
                0x0000116a        0x2 contiki-z1.a(uip-ds6-route.o)
                0x0000116a                nbr_routes
 .data.routememb
                0x0000116c        0x8 contiki-z1.a(uip-ds6-route.o)
 .data.defaultroutermemb
                0x00001174        0x8 contiki-z1.a(uip-ds6-route.o)
 .data.neighborroutememb
                0x0000117c        0x8 contiki-z1.a(uip-ds6-route.o)
 .data.nbr_routes_struct
                0x00001184        0xa contiki-z1.a(uip-ds6-route.o)
 .data.ds6_neighbors
                0x0000118e        0x2 contiki-z1.a(uip-ds6-nbr.o)
                0x0000118e                ds6_neighbors
 .data.ds6_neighbors_struct
                0x00001190        0xa contiki-z1.a(uip-ds6-nbr.o)
 .data.ns_input_handler
                0x0000119a        0x8 contiki-z1.a(uip-nd6.o)
 .data.na_input_handler
                0x000011a2        0x8 contiki-z1.a(uip-nd6.o)
 .data.tcpip_process
                0x000011aa        0xc contiki-z1.a(tcpip.o)
                0x000011aa                tcpip_process
 .data.simple_udp_process
                0x000011b6        0xc contiki-z1.a(simple-udp.o)
                0x000011b6                simple_udp_process
 .data.buframmem
                0x000011c2        0x8 contiki-z1.a(queuebuf.o)
 .data.bufmem   0x000011ca        0x8 contiki-z1.a(queuebuf.o)
 .data.neighbor_addr_mem
                0x000011d2        0x8 contiki-z1.a(nbr-table.o)
 .data.link_stats_struct
                0x000011da        0xa contiki-z1.a(link-stats.o)
 .data.neighbor_memb
                0x000011e4        0x8 contiki-z1.a(csma.o)
 .data.packet_memb
                0x000011ec        0x8 contiki-z1.a(csma.o)
 .data.metadata_memb
                0x000011f4        0x8 contiki-z1.a(csma.o)
 .data.prescale_lsb
                0x000011fc        0x1 contiki-z1.a(i2cmaster.o)
                0x000011fc                prescale_lsb
 *fill*         0x000011fd        0x1 00
 .data.echo_request_handler
                0x000011fe        0x8 contiki-z1.a(uip-icmp6.o)
 .data.echo_reply_handler
                0x00001206        0x8 contiki-z1.a(uip-icmp6.o)
 .data.mac_pan_id
                0x0000120e        0x2 contiki-z1.a(frame802154.o)
 .data.next     0x00001210        0x4 /usr/local/bin/../lib/gcc/msp430/4.7.2/../../../../msp430/lib/mcpu-430x/mmpy-16/msr20/mc20/libc.a(rand.o)
 *(.near.data .near.data.*)
                0x00001214                . = ALIGN (0x2)
                0x00001214                _edata = .
                0x0000bef8                __data_load_start = LOADADDR (.data)
                0x00000114                __data_size = SIZEOF (.data)

.bss            0x00001214     0x19fa load address 0x0000c00c
                0x00001214                __bss_start = .
 *(.bss .bss.*)
 .bss.ipaddr_rx
                0x00001214       0x10 unicast-sender.co
 .bss.conn_unicast
                0x00001224       0x1e unicast-sender.co
 .bss.timer_conn
                0x00001242        0xc unicast-sender.co
 .bss.counter.3072
                0x0000124e        0x2 unicast-sender.co
 .bss.message.3073
                0x00001250      0x12c unicast-sender.co
 .bss.irq_energest.4225
                0x0000137c        0x4 obj_z1/contiki-z1-main.o
 .bss.leds      0x00001380        0x1 contiki-z1.a(leds.o)
 *fill*         0x00001381        0x1 00
 .bss.counter   0x00001382        0x2 contiki-z1.a(watchdog.o)
 .bss.poll_mode
                0x00001384        0x1 contiki-z1.a(cc2420.o)
 *fill*         0x00001385        0x1 00
 .bss.last_packet_timestamp
                0x00001386        0x2 contiki-z1.a(cc2420.o)
 .bss.locked    0x00001388        0x1 contiki-z1.a(cc2420.o)
 .bss.lock_on   0x00001389        0x1 contiki-z1.a(cc2420.o)
 .bss.lock_off  0x0000138a        0x1 contiki-z1.a(cc2420.o)
 .bss.receive_on
                0x0000138b        0x1 contiki-z1.a(cc2420.o)
 .bss.channel   0x0000138c        0x2 contiki-z1.a(cc2420.o)
 .bss.node_id   0x0000138e        0x2 contiki-z1.a(node-id.o)
                0x0000138e                node_id
 .bss.num_sensors
                0x00001390        0x1 contiki-z1.a(sensors.o)
 *fill*         0x00001391        0x1 00
 .bss.i.2088    0x00001392        0x2 contiki-z1.a(sensors.o)
 .bss.events.2089
                0x00001394        0x2 contiki-z1.a(sensors.o)
 .bss.transmitting
                0x00001396        0x1 contiki-z1.a(uart0.o)
 *fill*         0x00001397        0x1 00
 .bss.uart0_input_handler
                0x00001398        0x4 contiki-z1.a(uart0.o)
 .bss.enabled   0x0000139c        0x1 contiki-z1.a(adxl345.o)
 *fill*         0x0000139d        0x1 00
 .bss.int1_mask
                0x0000139e        0x2 contiki-z1.a(adxl345.o)
 .bss.int2_mask
                0x000013a0        0x2 contiki-z1.a(adxl345.o)
 .bss.suppressTimer1
                0x000013a2        0x8 contiki-z1.a(adxl345.o)
 .bss.suppressTimer2
                0x000013aa        0x8 contiki-z1.a(adxl345.o)
 .bss.enabled   0x000013b2        0x1 contiki-z1.a(tmp102.o)
 *fill*         0x000013b3        0x1 00
 .bss.last_tar  0x000013b4        0x2 contiki-z1.a(clock.o)
 .bss.count     0x000013b6        0x4 contiki-z1.a(clock.o)
 .bss.seconds   0x000013ba        0x4 contiki-z1.a(clock.o)
 .bss.initialized
                0x000013be        0x1 contiki-z1.a(ctimer.o)
 *fill*         0x000013bf        0x1 00
 .bss.ctimer_list_list
                0x000013c0        0x2 contiki-z1.a(ctimer.o)
 .bss.timerlist
                0x000013c2        0x2 contiki-z1.a(etimer.o)
 .bss.next_expiration
                0x000013c4        0x4 contiki-z1.a(etimer.o)
 .bss.poll_requested
                0x000013c8        0x1 contiki-z1.a(process.o)
 *fill*         0x000013c9        0x1 00
 .bss.process_current
                0x000013ca        0x2 contiki-z1.a(process.o)
                0x000013ca                process_current
 .bss.process_list
                0x000013cc        0x2 contiki-z1.a(process.o)
                0x000013cc                process_list
 .bss.lastevent
                0x000013ce        0x1 contiki-z1.a(process.o)
 .bss.fevent    0x000013cf        0x1 contiki-z1.a(process.o)
 .bss.nevents   0x000013d0        0x1 contiki-z1.a(process.o)
 *fill*         0x000013d1        0x1 00
 .bss.events    0x000013d2       0x30 contiki-z1.a(process.o)
 .bss.next_rtimer
                0x00001402        0x2 contiki-z1.a(rtimer.o)
 .bss.loc_fipaddr
                0x00001404       0x10 contiki-z1.a(uip-ds6.o)
 .bss.locaddr   0x00001414        0x2 contiki-z1.a(uip-ds6.o)
 .bss.locprefix
                0x00001416        0x2 contiki-z1.a(uip-ds6.o)
 .bss.locmaddr  0x00001418        0x2 contiki-z1.a(uip-ds6.o)
 .bss.notificationlist_list
                0x0000141a        0x2 contiki-z1.a(uip-ds6-route.o)
 .bss.defaultrouterlist_list
                0x0000141c        0x2 contiki-z1.a(uip-ds6-route.o)
 .bss.routelist_list
                0x0000141e        0x2 contiki-z1.a(uip-ds6-route.o)
 .bss.num_routes
                0x00001420        0x2 contiki-z1.a(uip-ds6-route.o)
 .bss.routememb_memb_count
                0x00001422        0xf contiki-z1.a(uip-ds6-route.o)
 *fill*         0x00001431        0x1 00
 .bss.routememb_memb_mem
                0x00001432      0x1e0 contiki-z1.a(uip-ds6-route.o)
 .bss.defaultroutermemb_memb_count
                0x00001612        0x2 contiki-z1.a(uip-ds6-route.o)
 .bss.defaultroutermemb_memb_mem
                0x00001614       0x38 contiki-z1.a(uip-ds6-route.o)
 .bss.neighborroutememb_memb_count
                0x0000164c        0xf contiki-z1.a(uip-ds6-route.o)
 *fill*         0x0000165b        0x1 00
 .bss.neighborroutememb_memb_mem
                0x0000165c       0x3c contiki-z1.a(uip-ds6-route.o)
 .bss._nbr_routes_mem
                0x00001698       0x3c contiki-z1.a(uip-ds6-route.o)
 .bss.uip_ext_opt_offset
                0x000016d4        0x1 contiki-z1.a(uip6.o)
                0x000016d4                uip_ext_opt_offset
 .bss.uip_ext_len
                0x000016d5        0x1 contiki-z1.a(uip6.o)
                0x000016d5                uip_ext_len
 .bss.uip_ext_bitmap
                0x000016d6        0x1 contiki-z1.a(uip6.o)
                0x000016d6                uip_ext_bitmap
 *fill*         0x000016d7        0x1 00
 .bss.lastport  0x000016d8        0x2 contiki-z1.a(uip6.o)
 .bss.iss       0x000016da        0x4 contiki-z1.a(uip6.o)
 .bss._ds6_neighbors_mem
                0x000016de      0x21c contiki-z1.a(uip-ds6-nbr.o)
 .bss.nd6_opt_offset
                0x000018fa        0x1 contiki-z1.a(uip-nd6.o)
 *fill*         0x000018fb        0x1 00
 .bss.nd6_opt_llao
                0x000018fc        0x2 contiki-z1.a(uip-nd6.o)
 .bss.addr      0x000018fe        0x2 contiki-z1.a(uip-nd6.o)
 .bss.nbr       0x00001900        0x2 contiki-z1.a(uip-nd6.o)
 .bss.defrt     0x00001902        0x2 contiki-z1.a(uip-nd6.o)
 .bss.callback  0x00001904        0x2 contiki-z1.a(sicslowpan.o)
 .bss.addr_contexts
                0x00001906       0x14 contiki-z1.a(sicslowpan.o)
 .bss.uncomp_hdr_len
                0x0000191a        0x1 contiki-z1.a(sicslowpan.o)
 .bss.packetbuf_hdr_len
                0x0000191b        0x1 contiki-z1.a(sicslowpan.o)
 .bss.packetbuf_ptr
                0x0000191c        0x2 contiki-z1.a(sicslowpan.o)
 .bss.last_tx_status
                0x0000191e        0x2 contiki-z1.a(sicslowpan.o)
 .bss.my_tag    0x00001920        0x2 contiki-z1.a(sicslowpan.o)
 .bss.packetbuf_payload_len
                0x00001922        0x2 contiki-z1.a(sicslowpan.o)
 .bss.hc06_ptr  0x00001924        0x2 contiki-z1.a(sicslowpan.o)
 .bss.context   0x00001926        0x2 contiki-z1.a(sicslowpan.o)
 .bss.last_rssi
                0x00001928        0x2 contiki-z1.a(sicslowpan.o)
 .bss.frag_info
                0x0000192a      0x168 contiki-z1.a(sicslowpan.o)
 .bss.frag_buf  0x00001a92      0x558 contiki-z1.a(sicslowpan.o)
 .bss.outputfunc
                0x00001fea        0x4 contiki-z1.a(tcpip.o)
 .bss.s         0x00001fee       0x22 contiki-z1.a(tcpip.o)
 .bss.periodic  0x00002010        0xc contiki-z1.a(tcpip.o)
 .bss.databuffer
                0x0000201c       0x8c contiki-z1.a(simple-udp.o)
 .bss.started   0x000020a8        0x1 contiki-z1.a(simple-udp.o)
 .bss.buframmem_memb_count
                0x000020a9        0x4 contiki-z1.a(queuebuf.o)
 *fill*         0x000020ad        0x1 00
 .bss.buframmem_memb_mem
                0x000020ae      0x2c0 contiki-z1.a(queuebuf.o)
 .bss.bufmem_memb_count
                0x0000236e        0x4 contiki-z1.a(queuebuf.o)
 .bss.bufmem_memb_mem
                0x00002372        0x8 contiki-z1.a(queuebuf.o)
 .bss.num_tables
                0x0000237a        0x2 contiki-z1.a(nbr-table.o)
 .bss.all_tables
                0x0000237c       0x10 contiki-z1.a(nbr-table.o)
 .bss.used_map  0x0000238c        0xf contiki-z1.a(nbr-table.o)
 *fill*         0x0000239b        0x1 00
 .bss.nbr_table_keys_list
                0x0000239c        0x2 contiki-z1.a(nbr-table.o)
 .bss.locked_map
                0x0000239e        0xf contiki-z1.a(nbr-table.o)
 .bss.neighbor_addr_mem_memb_count
                0x000023ad        0xf contiki-z1.a(nbr-table.o)
 .bss.neighbor_addr_mem_memb_mem
                0x000023bc       0x96 contiki-z1.a(nbr-table.o)
 .bss.bufptr    0x00002452        0x2 contiki-z1.a(packetbuf.o)
 .bss.buflen    0x00002454        0x2 contiki-z1.a(packetbuf.o)
 .bss.hdrlen    0x00002456        0x1 contiki-z1.a(packetbuf.o)
 *fill*         0x00002457        0x1 00
 .bss.packetbuf_aligned
                0x00002458       0x80 contiki-z1.a(packetbuf.o)
 .bss._link_stats_mem
                0x000024d8       0x96 contiki-z1.a(link-stats.o)
 .bss.initialized.2894
                0x0000256e        0x1 contiki-z1.a(csma.o)
 *fill*         0x0000256f        0x1 00
 .bss.seqno.2895
                0x00002570        0x2 contiki-z1.a(csma.o)
 .bss.neighbor_list_list
                0x00002572        0x2 contiki-z1.a(csma.o)
 .bss.neighbor_memb_memb_count
                0x00002574        0x2 contiki-z1.a(csma.o)
 .bss.neighbor_memb_memb_mem
                0x00002576       0x4c contiki-z1.a(csma.o)
 .bss.packet_memb_memb_count
                0x000025c2        0x4 contiki-z1.a(csma.o)
 .bss.packet_memb_memb_mem
                0x000025c6       0x18 contiki-z1.a(csma.o)
 .bss.metadata_memb_memb_count
                0x000025de        0x4 contiki-z1.a(csma.o)
 .bss.metadata_memb_memb_mem
                0x000025e2       0x20 contiki-z1.a(csma.o)
 .bss.initialized
                0x00002602        0x1 contiki-z1.a(framer-802154.o)
 .bss.mac_dsn   0x00002603        0x1 contiki-z1.a(framer-802154.o)
 .bss.cycle_start
                0x00002604        0x2 contiki-z1.a(contikimac.o)
 .bss.radio_is_on
                0x00002606        0x1 contiki-z1.a(contikimac.o)
 .bss.we_are_sending
                0x00002607        0x1 contiki-z1.a(contikimac.o)
 .bss.contikimac_keep_radio_on
                0x00002608        0x1 contiki-z1.a(contikimac.o)
 .bss.contikimac_is_on
                0x00002609        0x1 contiki-z1.a(contikimac.o)
 .bss.rt        0x0000260a        0x8 contiki-z1.a(contikimac.o)
 .bss.pt        0x00002612        0x2 contiki-z1.a(contikimac.o)
 .bss.packet_seen.3615
                0x00002614        0x1 contiki-z1.a(contikimac.o)
 .bss.count.3616
                0x00002615        0x1 contiki-z1.a(contikimac.o)
 .bss.we_are_receiving_burst
                0x00002616        0x2 contiki-z1.a(contikimac.o)
 .bss.start.3621
                0x00002618        0x2 contiki-z1.a(contikimac.o)
 .bss.silence_periods.3622
                0x0000261a        0x1 contiki-z1.a(contikimac.o)
 .bss.periods.3623
                0x0000261b        0x1 contiki-z1.a(contikimac.o)
 .bss.ct.3696   0x0000261c       0x16 contiki-z1.a(contikimac.o)
 .bss.tx_byte_tot
                0x00002632        0x1 contiki-z1.a(i2cmaster.o)
 .bss.rx_byte_tot
                0x00002633        0x1 contiki-z1.a(i2cmaster.o)
 .bss.prescale_msb
                0x00002634        0x1 contiki-z1.a(i2cmaster.o)
                0x00002634                prescale_msb
 *fill*         0x00002635        0x1 00
 .bss.debouncetimer
                0x00002636        0x8 contiki-z1.a(button-sensor.o)
 .bss.input_handler_list_list
                0x0000263e        0x2 contiki-z1.a(uip-icmp6.o)
 .bss.tmp_ipaddr
                0x00002640       0x10 contiki-z1.a(uip-icmp6.o)
 .bss.echo_reply_callback_list_list
                0x00002650        0x2 contiki-z1.a(uip-icmp6.o)
 .bss.received_seqnos
                0x00002652       0xe0 contiki-z1.a(mac-sequence.o)
 .bss.destination_
                0x00002732        0x2 /usr/local/bin/../lib/gcc/msp430/4.7.2/../../../../msp430/lib/mcpu-430x/mmpy-16/msr20/mc20/libc.a(sprintf.o)
 .bss.available_
                0x00002734        0x2 /usr/local/bin/../lib/gcc/msp430/4.7.2/../../../../msp430/lib/mcpu-430x/mmpy-16/msr20/mc20/libc.a(sprintf.o)
 *(.near.bss .near.bss.*)
 *(COMMON)
 COMMON         0x00002736        0x2 contiki-z1.a(msp430.o)
                0x00002736                msp430_dco_required
 COMMON         0x00002738       0x10 contiki-z1.a(cc2420.o)
                0x00002738                cc2420_last_rssi
                0x0000273a                cc2420_sfd_start_time
                0x0000273c                cc2420_time_of_departure
                0x0000273e                cc2420_time_of_arrival
                0x00002740                cc2420_last_correlation
                0x00002742                cc2420_authority_level_of_sender
                0x00002744                cc2420_sfd_counter
                0x00002746                cc2420_sfd_end_time
 COMMON         0x00002748        0x8 contiki-z1.a(node-id.o)
                0x00002748                node_mac
 COMMON         0x00002750        0x1 contiki-z1.a(sensors.o)
                0x00002750                sensors_event
 COMMON         0x00002751        0x4 contiki-z1.a(z1-sensors.o)
                0x00002751                sensors_flags
 *fill*         0x00002755        0x1 00
 COMMON         0x00002756        0x8 contiki-z1.a(adxl345.o)
                0x00002756                accm_int2_cb
                0x0000275a                accm_int1_cb
 COMMON         0x0000275e       0x56 contiki-z1.a(energest.o)
                0x0000275e                energest_total_time
                0x0000278e                energest_total_count
                0x00002790                energest_current_mode
                0x0000279c                energest_current_time
 COMMON         0x000027b4        0x1 contiki-z1.a(process.o)
                0x000027b4                process_maxevents
 *fill*         0x000027b5        0x1 00
 COMMON         0x000027b6      0x15c contiki-z1.a(uip-ds6.o)
                0x000027b6                uip_ds6_timer_ra
                0x000027be                uip_ds6_if
                0x000028aa                uip_ds6_netif_addr_list_offset
                0x000028ab                uip_ds6_addr_size
                0x000028ac                uip_ds6_prefix_list
                0x00002906                uip_ds6_timer_periodic
 COMMON         0x00002912      0x2a0 contiki-z1.a(uip6.o)
                0x00002912                uip_len
                0x00002914                uip_sappdata
                0x00002916                uip_acc32
                0x0000291a                uip_lladdr
                0x00002922                uip_aligned_buf
                0x000029ae                uip_flags
                0x000029b0                uip_next_hdr
                0x000029b2                uip_udp_conn
                0x000029b4                uip_appdata
                0x000029b6                uip_conn
                0x000029b8                uip_conns
                0x00002a68                uip_listenports
                0x00002a78                uip_slen
                0x00002a7a                uip_udp_conns
 COMMON         0x00002bb2        0x1 contiki-z1.a(tcpip.o)
                0x00002bb2                tcpip_event
 *fill*         0x00002bb3        0x1 00
 COMMON         0x00002bb4       0x2e contiki-z1.a(packetbuf.o)
                0x00002bb4                packetbuf_addrs
                0x00002bc4                packetbuf_attrs
 COMMON         0x00002be2        0x8 contiki-z1.a(linkaddr.o)
                0x00002be2                linkaddr_node_addr
 COMMON         0x00002bea       0x16 contiki-z1.a(link-stats.o)
                0x00002bea                periodic_timer
 COMMON         0x00002c00        0xe contiki-z1.a(i2cmaster.o)
                0x00002c00                transmit_data1
                0x00002c01                rx_byte_ctr
                0x00002c02                tx_buf_ptr
                0x00002c04                tx_byte_ctr
                0x00002c06                i
                0x00002c08                receive_data
                0x00002c09                rx_buf
                0x00002c0b                transmit_data2
                0x00002c0c                rx_buf_ptr
                0x00002c0e                . = ALIGN (0x2)
                0x00002c0e                __bss_end = .
                0x000019fa                __bss_size = SIZEOF (.bss)

.noinit         0x00002c0e        0x2 load address 0x0000c00c
                0x00002c0e                . = ALIGN (0x2)
                0x00002c0e                __noinit_start = .
 *(.noinit .noinit.*)
 .noinit.crt0   0x00002c0e        0x2 /usr/local/bin/../lib/gcc/msp430/4.7.2/mcpu-430x/mmpy-16/msr20/mc20/libcrt0.a(__watchdog_support.o)
                0x00002c0e                __wdt_clear_value
                0x00002c10                . = ALIGN (0x2)
                0x00002c10                __noinit_end = .
                0x00002c10                . = ALIGN (0x2)
                0x00002c10                _end = .

.infomem        0x00001000        0x0
                0x00001000                . = ALIGN (0x2)
 *(.infomem .infomem.*)

.infomemnobits  0x00001000        0x0
                0x00001000                . = ALIGN (0x2)
 *(.infomemnobits .infomemnobits.*)

.infoa          0x000010c0        0x0
                0x000010c0                . = ALIGN (0x2)
 *(.infoa .infoa.*)

.infob          0x00001080        0x0
                0x00001080                . = ALIGN (0x2)
 *(.infob .infob.*)

.infoc          0x00001040        0x0
                0x00001040                . = ALIGN (0x2)
 *(.infoc .infoc.*)

.infod          0x00001000        0x0
                0x00001000                . = ALIGN (0x2)
 *(.infod .infod.*)
                0x0000ffff                PROVIDE (__vte_0, 0xffff)
                0x0000ffff                PROVIDE (__vte_1, 0xffff)