Archive member included because of file (symbol)

contiki-z1.a(contiki-z1-plat)
                              obj_z1/contiki-z1-main.o (init_platform)
contiki-z1.a(msp430.o)        obj_z1/contiki-z1-main.o (splhigh_)
contiki-z1.a(leds.o)          obj_z1/contiki-z1-main.o (leds_init)
contiki-z1.a(watchdog.o)      obj_z1/contiki-z1-main.o (watchdog_start)
contiki-z1.a(xmem.o)          obj_z1/contiki-z1-main.o (xmem_init)
contiki-z1.a(spi.o)           contiki-z1.a(xmem.o) (spi_init)
contiki-z1.a(cc2420.o)        obj_z1/contiki-z1-main.o (cc2420_set_pan_addr)
contiki-z1.a(cc2420-arch.o)   contiki-z1.a(cc2420.o) (cc2420_arch_init)
contiki-z1.a(node-id.o)       obj_z1/contiki-z1-main.o (node_id_restore)
contiki-z1.a(sensors.o)       contiki-z1.a(contiki-z1-plat) (sensors_process)
contiki-z1.a(uart0.o)         obj_z1/contiki-z1-main.o (uart0_active)
contiki-z1.a(uart0-putchar.o)
                              obj_z1/contiki-z1-main.o (putchar)
contiki-z1.a(z1-sensors.o)    contiki-z1.a(sensors.o) (sensors_flags)
contiki-z1.a(adxl345.o)       obj_z1/contiki-z1-main.o (adxl345)
contiki-z1.a(tmp102.o)        contiki-z1.a(z1-sensors.o) (tmp102)
contiki-z1.a(clock.o)         obj_z1/contiki-z1-main.o (clock_init)
contiki-z1.a(leds-arch.o)     contiki-z1.a(leds.o) (leds_arch_init)
contiki-z1.a(rtimer-arch.o)   obj_z1/contiki-z1-main.o (rtimer_arch_now)
contiki-z1.a(autostart.o)     obj_z1/contiki-z1-main.o (autostart_start)
contiki-z1.a(ctimer.o)        obj_z1/contiki-z1-main.o (ctimer_init)
contiki-z1.a(energest.o)      obj_z1/contiki-z1-main.o (energest_init)
contiki-z1.a(etimer.o)        contiki-z1.a(clock.o) (etimer_request_poll)
contiki-z1.a(process.o)       contiki-z1.a(ctimer.o) (process_current)
contiki-z1.a(rtimer.o)        obj_z1/contiki-z1-main.o (rtimer_init)
contiki-z1.a(timer.o)         contiki-z1.a(adxl345.o) (timer_set)
contiki-z1.a(list.o)          contiki-z1.a(ctimer.o) (list_init)
contiki-z1.a(random.o)        obj_z1/contiki-z1-main.o (random_init)
contiki-z1.a(uip-ds6.o)       obj_z1/contiki-z1-main.o (uip_ds6_get_link_local)
contiki-z1.a(uip-ds6-route.o)
                              contiki-z1.a(uip-ds6.o) (uip_ds6_route_init)
contiki-z1.a(uip6.o)          obj_z1/contiki-z1-main.o (uip_lladdr)
contiki-z1.a(uip-ds6-nbr.o)   contiki-z1.a(uip-ds6.o) (uip_ds6_neighbors_init)
contiki-z1.a(uip-nd6.o)       contiki-z1.a(uip-ds6-nbr.o) (uip_nd6_ns_output)
contiki-z1.a(sicslowpan.o)    obj_z1/contiki-z1-main.o (sicslowpan_driver)
contiki-z1.a(uip-debug.o)     unicast-server.co (uip_debug_ipaddr_print)
contiki-z1.a(tcpip.o)         contiki-z1.a(sicslowpan.o) (tcpip_set_outputfunc)
contiki-z1.a(simple-udp.o)    unicast-server.co (simple_udp_sendto)
contiki-z1.a(rpl-dag.o)       contiki-z1.a(tcpip.o) (rpl_repair_root)
contiki-z1.a(rpl-timers.o)    contiki-z1.a(rpl-dag.o) (rpl_reset_dio_timer)
contiki-z1.a(rpl-ext-header.)
                              contiki-z1.a(uip6.o) (rpl_verify_hbh_header)
contiki-z1.a(rpl.o)           contiki-z1.a(rpl-timers.o) (rpl_get_mode)
contiki-z1.a(rpl-mrhof.o)     contiki-z1.a(rpl-dag.o) (rpl_mrhof)
contiki-z1.a(rpl-icmp6.o)     contiki-z1.a(rpl-dag.o) (rpl_icmp6_update_nbr_table)
contiki-z1.a(queuebuf.o)      obj_z1/contiki-z1-main.o (queuebuf_init)
contiki-z1.a(nbr-table.o)     contiki-z1.a(uip-ds6-route.o) (nbr_table_register)
contiki-z1.a(packetbuf.o)     contiki-z1.a(cc2420.o) (packetbuf_set_datalen)
contiki-z1.a(linkaddr.o)      obj_z1/contiki-z1-main.o (linkaddr_copy)
contiki-z1.a(net-debug.o)     contiki-z1.a(rpl-icmp6.o) (net_debug_lladdr_print)
contiki-z1.a(link-stats.o)    contiki-z1.a(rpl-dag.o) (link_stats_from_lladdr)
contiki-z1.a(csma.o)          obj_z1/contiki-z1-main.o (csma_driver)
contiki-z1.a(mac.o)           contiki-z1.a(csma.o) (mac_call_sent_callback)
contiki-z1.a(framer-802154.o)
                              contiki-z1.a(sicslowpan.o) (framer_802154)
contiki-z1.a(contikimac.o)    obj_z1/contiki-z1-main.o (contikimac_driver)
contiki-z1.a(nullsec.o)       contiki-z1.a(sicslowpan.o) (nullsec_driver)
contiki-z1.a(i2cmaster.o)     contiki-z1.a(adxl345.o) (i2c_receiveinit)
contiki-z1.a(button-sensor.o)
                              contiki-z1.a(z1-sensors.o) (button_sensor)
contiki-z1.a(stimer.o)        contiki-z1.a(uip-ds6.o) (stimer_set)
contiki-z1.a(memb.o)          contiki-z1.a(uip-ds6-route.o) (memb_init)
contiki-z1.a(uip-icmp6.o)     contiki-z1.a(uip6.o) (uip_icmp6_input)
contiki-z1.a(uip-udp-packet.)
                              contiki-z1.a(simple-udp.o) (uip_udp_packet_sendto)
contiki-z1.a(rpl-nbr-policy.)
                              contiki-z1.a(nbr-table.o) (rpl_nbr_policy_find_removable)
contiki-z1.a(mac-sequence.o)  contiki-z1.a(contikimac.o) (mac_sequence_is_duplicate)
contiki-z1.a(frame802154.o)   contiki-z1.a(framer-802154.o) (frame802154_get_pan_id)
/usr/local/bin/../lib/gcc/msp430/4.7.2/mcpu-430x/mmpy-16/msr20/mc20/libgcc.a(_mulsi3.o)
                              contiki-z1.a(rpl-timers.o) (__mulsi3)
[...]
Memory Configuration

Name             Origin             Length             Attributes
sfr              0x00000000         0x00000010
peripheral_8bit  0x00000010         0x000000f0
peripheral_16bit 0x00000100         0x00000100
ram_mirror       0x00000200         0x00000800         xw
infomem          0x00001000         0x00000100
infod            0x00001000         0x00000040
infoc            0x00001040         0x00000040
infob            0x00001080         0x00000040
infoa            0x000010c0         0x00000040
ram              0x00001100         0x00002000         xw
rom              0x00003100         0x0000cebe         xr
vectors          0x0000ffc0         0x00000040
far_rom          0x00010000         0x0000a000
bsl              0x00000000         0x00000000
ram2             0x00000000         0x00000000         xw
usbram           0x00000000         0x00000000         xw
*default*        0x00000000         0xffffffff

Linker script and memory map

LOAD /usr/local/bin/../lib/gcc/msp430/4.7.2/mcpu-430x/mmpy-16/msr20/mc20/crt0ivtbl32.o
                0x00000041                __P1SEL2 = 0x41
                0x00000045                __P5SEL2 = 0x45
LOAD unicast-server.co
LOAD obj_z1/contiki-z1-main.o
LOAD contiki-z1.a
LOAD /usr/local/bin/../lib/gcc/msp430/4.7.2/mcpu-430x/mmpy-16/msr20/mc20/libgcc.a
LOAD /usr/local/bin/../lib/gcc/msp430/4.7.2/../../../../msp430/lib/mcpu-430x/mmpy-16/msr20/mc20/libc.a
LOAD /usr/local/bin/../lib/gcc/msp430/4.7.2/mcpu-430x/mmpy-16/msr20/mc20/libgcc.a
LOAD /usr/local/bin/../lib/gcc/msp430/4.7.2/mcpu-430x/mmpy-16/msr20/mc20/libcrt0.a
                0x00000040                PROVIDE (__info_segment_size, 0x40)
                0x00001000                PROVIDE (__infod, 0x1000)
                0x00001040                PROVIDE (__infoc, 0x1040)
                0x00001080                PROVIDE (__infob, 0x1080)
                0x000010c0                PROVIDE (__infoa, 0x10c0)
                0x00000000                __IE1 = 0x0
                0x00000002                __IFG1 = 0x2
                0x00000001                __IE2 = 0x1
                0x00000003                __IFG2 = 0x3
                0x00000006                __UC1IE = 0x6
                0x00000007                __UC1IFG = 0x7
                0x000001a0                __ADC12CTL0 = 0x1a0
                0x000001a2                __ADC12CTL1 = 0x1a2
                0x000001a4                __ADC12IFG = 0x1a4
                0x000001a6                __ADC12IE = 0x1a6
                0x000001a8                __ADC12IV = 0x1a8
                0x00000140                __ADC12MEM0 = 0x140
                0x00000142                __ADC12MEM1 = 0x142
                0x00000144                __ADC12MEM2 = 0x144
                0x00000146                __ADC12MEM3 = 0x146
                0x00000148                __ADC12MEM4 = 0x148
                0x0000014a                __ADC12MEM5 = 0x14a
                0x0000014c                __ADC12MEM6 = 0x14c
                0x0000014e                __ADC12MEM7 = 0x14e
                0x00000150                __ADC12MEM8 = 0x150
                0x00000152                __ADC12MEM9 = 0x152
                0x00000154                __ADC12MEM10 = 0x154
                0x00000156                __ADC12MEM11 = 0x156
                0x00000158                __ADC12MEM12 = 0x158
                0x0000015a                __ADC12MEM13 = 0x15a
                0x0000015c                __ADC12MEM14 = 0x15c
                0x0000015e                __ADC12MEM15 = 0x15e
                0x00000080                __ADC12MCTL0 = 0x80
                0x00000081                __ADC12MCTL1 = 0x81
                0x00000082                __ADC12MCTL2 = 0x82
                0x00000083                __ADC12MCTL3 = 0x83
                0x00000084                __ADC12MCTL4 = 0x84
                0x00000085                __ADC12MCTL5 = 0x85
                0x00000086                __ADC12MCTL6 = 0x86
                0x00000087                __ADC12MCTL7 = 0x87
                0x00000088                __ADC12MCTL8 = 0x88
                0x00000089                __ADC12MCTL9 = 0x89
                0x0000008a                __ADC12MCTL10 = 0x8a
                0x0000008b                __ADC12MCTL11 = 0x8b
                0x0000008c                __ADC12MCTL12 = 0x8c
                0x0000008d                __ADC12MCTL13 = 0x8d
                0x0000008e                __ADC12MCTL14 = 0x8e
                0x0000008f                __ADC12MCTL15 = 0x8f
                0x00000056                __DCOCTL = 0x56
                0x00000057                __BCSCTL1 = 0x57
                0x00000058                __BCSCTL2 = 0x58
                0x00000053                __BCSCTL3 = 0x53
                0x00000059                __CACTL1 = 0x59
                0x0000005a                __CACTL2 = 0x5a
                0x0000005b                __CAPD = 0x5b
                0x000001c0                __DAC12_0CTL = 0x1c0
                0x000001c2                __DAC12_1CTL = 0x1c2
                0x000001c8                __DAC12_0DAT = 0x1c8
                0x000001ca                __DAC12_1DAT = 0x1ca
                0x00000122                __DMACTL0 = 0x122
                0x00000124                __DMACTL1 = 0x124
                0x00000126                __DMAIV = 0x126
                0x000001d0                __DMA0CTL = 0x1d0
                0x000001dc                __DMA1CTL = 0x1dc
                0x000001e8                __DMA2CTL = 0x1e8
                0x000001d2                __DMA0SA = 0x1d2
                0x000001d2                __DMA0SAL = 0x1d2
                0x000001d6                __DMA0DA = 0x1d6
                0x000001d6                __DMA0DAL = 0x1d6
                0x000001da                __DMA0SZ = 0x1da
                0x000001de                __DMA1SA = 0x1de
                0x000001de                __DMA1SAL = 0x1de
                0x000001e2                __DMA1DA = 0x1e2
                0x000001e2                __DMA1DAL = 0x1e2
                0x000001e6                __DMA1SZ = 0x1e6
                0x000001ea                __DMA2SA = 0x1ea
                0x000001ea                __DMA2SAL = 0x1ea
                0x000001ee                __DMA2DA = 0x1ee
                0x000001ee                __DMA2DAL = 0x1ee
                0x000001f2                __DMA2SZ = 0x1f2
                0x00000128                __FCTL1 = 0x128
                0x0000012a                __FCTL2 = 0x12a
                0x0000012c                __FCTL3 = 0x12c
                0x000001be                __FCTL4 = 0x1be
                0x00000130                __MPY = 0x130
                0x00000132                __MPYS = 0x132
                0x00000134                __MAC = 0x134
                0x00000136                __MACS = 0x136
                0x00000138                __OP2 = 0x138
                0x0000013a                __RESLO = 0x13a
                0x0000013c                __RESHI = 0x13c
                0x0000013e                __SUMEXT = 0x13e
                0x00000020                __P1IN = 0x20
                0x00000021                __P1OUT = 0x21
                0x00000022                __P1DIR = 0x22
                0x00000023                __P1IFG = 0x23
                0x00000024                __P1IES = 0x24
                0x00000025                __P1IE = 0x25
                0x00000026                __P1SEL = 0x26
                0x00000027                __P1REN = 0x27
                0x00000028                __P2IN = 0x28
                0x00000029                __P2OUT = 0x29
                0x0000002a                __P2DIR = 0x2a
                0x0000002b                __P2IFG = 0x2b
                0x0000002c                __P2IES = 0x2c
                0x0000002d                __P2IE = 0x2d
                0x0000002e                __P2SEL = 0x2e
                0x0000002f                __P2REN = 0x2f
                0x00000018                __P3IN = 0x18
                0x00000019                __P3OUT = 0x19
                0x0000001a                __P3DIR = 0x1a
                0x0000001b                __P3SEL = 0x1b
                0x00000010                __P3REN = 0x10
                0x0000001c                __P4IN = 0x1c
                0x0000001d                __P4OUT = 0x1d
                0x0000001e                __P4DIR = 0x1e
                0x0000001f                __P4SEL = 0x1f
                0x00000011                __P4REN = 0x11
                0x00000030                __P5IN = 0x30
                0x00000031                __P5OUT = 0x31
                0x00000032                __P5DIR = 0x32
                0x00000033                __P5SEL = 0x33
                0x00000012                __P5REN = 0x12
                0x00000034                __P6IN = 0x34
                0x00000035                __P6OUT = 0x35
                0x00000036                __P6DIR = 0x36
                0x00000037                __P6SEL = 0x37
                0x00000013                __P6REN = 0x13
                0x00000038                __P7IN = 0x38
                0x0000003a                __P7OUT = 0x3a
                0x0000003c                __P7DIR = 0x3c
                0x0000003e                __P7SEL = 0x3e
                0x00000014                __P7REN = 0x14
                0x00000039                __P8IN = 0x39
                0x0000003b                __P8OUT = 0x3b
                0x0000003d                __P8DIR = 0x3d
                0x0000003f                __P8SEL = 0x3f
                0x00000015                __P8REN = 0x15
                0x00000038                __PAIN = 0x38
                0x0000003a                __PAOUT = 0x3a
                0x0000003c                __PADIR = 0x3c
                0x0000003e                __PASEL = 0x3e
                0x00000014                __PAREN = 0x14
                0x00000055                __SVSCTL = 0x55
                0x0000012e                __TAIV = 0x12e
                0x00000160                __TACTL = 0x160
                0x00000162                __TACCTL0 = 0x162
                0x00000164                __TACCTL1 = 0x164
                0x00000166                __TACCTL2 = 0x166
                0x00000170                __TAR = 0x170
                0x00000172                __TACCR0 = 0x172
                0x00000174                __TACCR1 = 0x174
                0x00000176                __TACCR2 = 0x176
                0x0000011e                __TBIV = 0x11e
                0x00000180                __TBCTL = 0x180
                0x00000182                __TBCCTL0 = 0x182
                0x00000184                __TBCCTL1 = 0x184
                0x00000186                __TBCCTL2 = 0x186
                0x00000188                __TBCCTL3 = 0x188
                0x0000018a                __TBCCTL4 = 0x18a
                0x0000018c                __TBCCTL5 = 0x18c
                0x0000018e                __TBCCTL6 = 0x18e
                0x00000190                __TBR = 0x190
                0x00000192                __TBCCR0 = 0x192
                0x00000194                __TBCCR1 = 0x194
                0x00000196                __TBCCR2 = 0x196
                0x00000198                __TBCCR3 = 0x198
                0x0000019a                __TBCCR4 = 0x19a
                0x0000019c                __TBCCR5 = 0x19c
                0x0000019e                __TBCCR6 = 0x19e
                0x00000060                __UCA0CTL0 = 0x60
                0x00000061                __UCA0CTL1 = 0x61
                0x00000062                __UCA0BR0 = 0x62
                0x00000063                __UCA0BR1 = 0x63
                0x00000064                __UCA0MCTL = 0x64
                0x00000065                __UCA0STAT = 0x65
                0x00000066                __UCA0RXBUF = 0x66
                0x00000067                __UCA0TXBUF = 0x67
                0x0000005d                __UCA0ABCTL = 0x5d
                0x0000005e                __UCA0IRTCTL = 0x5e
                0x0000005f                __UCA0IRRCTL = 0x5f
                0x00000068                __UCB0CTL0 = 0x68
                0x00000069                __UCB0CTL1 = 0x69
                0x0000006a                __UCB0BR0 = 0x6a
                0x0000006b                __UCB0BR1 = 0x6b
                0x0000006c                __UCB0I2CIE = 0x6c
                0x0000006d                __UCB0STAT = 0x6d
                0x0000006e                __UCB0RXBUF = 0x6e
                0x0000006f                __UCB0TXBUF = 0x6f
                0x00000118                __UCB0I2COA = 0x118
                0x0000011a                __UCB0I2CSA = 0x11a
                0x000000d0                __UCA1CTL0 = 0xd0
                0x000000d1                __UCA1CTL1 = 0xd1
                0x000000d2                __UCA1BR0 = 0xd2
                0x000000d3                __UCA1BR1 = 0xd3
                0x000000d4                __UCA1MCTL = 0xd4
                0x000000d5                __UCA1STAT = 0xd5
                0x000000d6                __UCA1RXBUF = 0xd6
                0x000000d7                __UCA1TXBUF = 0xd7
                0x000000cd                __UCA1ABCTL = 0xcd
                0x000000ce                __UCA1IRTCTL = 0xce
                0x000000cf                __UCA1IRRCTL = 0xcf
                0x000000d8                __UCB1CTL0 = 0xd8
                0x000000d9                __UCB1CTL1 = 0xd9
                0x000000da                __UCB1BR0 = 0xda
                0x000000db                __UCB1BR1 = 0xdb
                0x000000dc                __UCB1I2CIE = 0xdc
                0x000000dd                __UCB1STAT = 0xdd
                0x000000de                __UCB1RXBUF = 0xde
                0x000000df                __UCB1TXBUF = 0xdf
                0x0000017c                __UCB1I2COA = 0x17c
                0x0000017e                __UCB1I2CSA = 0x17e
                0x00000120                __WDTCTL = 0x120
                0x000010c0                __TLV_CHECKSUM = 0x10c0
                0x000010f6                __TLV_DCO_30_TAG = 0x10f6
                0x000010f7                __TLV_DCO_30_LEN = 0x10f7
                0x000010da                __TLV_ADC12_1_TAG = 0x10da
                0x000010db                __TLV_ADC12_1_LEN = 0x10db
                0x000010f8                __CALDCO_16MHZ = 0x10f8
                0x000010f9                __CALBC1_16MHZ = 0x10f9
                0x000010fa                __CALDCO_12MHZ = 0x10fa
                0x000010fb                __CALBC1_12MHZ = 0x10fb
                0x000010fc                __CALDCO_8MHZ = 0x10fc
                0x000010fd                __CALBC1_8MHZ = 0x10fd
                0x000010fe                __CALDCO_1MHZ = 0x10fe
                0x000010ff                __CALBC1_1MHZ = 0x10ff

.hash
 *(.hash)

.dynsym
 *(.dynsym)

.dynstr
 *(.dynstr)

.gnu.version
 *(.gnu.version)

.gnu.version_d
 *(.gnu.version_d)

.gnu.version_r
 *(.gnu.version_r)

.rel.init
 *(.rel.init)

.rela.init
 *(.rela.init)

.rel.fini
 *(.rel.fini)

.rela.fini
 *(.rela.fini)

.rel.text
 *(.rel.text .rel.text.* .rel.gnu.linkonce.t.*)

.rela.text
 *(.rela.text .rela.text.* .rela.gnu.linkonce.t.*)

.rel.rodata
 *(.rel.rodata .rel.rodata.* .rel.gnu.linkonce.r.*)

.rela.rodata
 *(.rela.rodata .rela.rodata.* .rela.gnu.linkonce.r.*)

.rel.data
 *(.rel.data .rel.data.* .rel.gnu.linkonce.d.*)

.rela.data
 *(.rela.data .rela.data.* .rela.gnu.linkonce.d.*)

.rel.bss
 *(.rel.bss .rel.bss.* .rel.gnu.linkonce.b.*)

.rela.bss
 *(.rela.bss .rela.bss.* .rela.gnu.linkonce.b.*)

.rel.ctors
 *(.rel.ctors)

.rela.ctors
 *(.rela.ctors)

.rel.dtors
 *(.rel.dtors)

.rela.dtors
 *(.rela.dtors)

.rel.got
 *(.rel.got)

.rela.got
 *(.rela.got)

.rel.plt
 *(.rel.plt)

.rela.plt
 *(.rela.plt)

.text           0x00003100     0xb706
                0x00003100                . = ALIGN (0x2)
 *(.init .init.*)
 *(.init0)
 .init0         0x00003100        0x0 /usr/local/bin/../lib/gcc/msp430/4.7.2/mcpu-430x/mmpy-16/msr20/mc20/libcrt0.a(_reset_vector__.o)
                0x00003100                _reset_vector__
 *(.init1)
 .init1         0x00003100        0xc /usr/local/bin/../lib/gcc/msp430/4.7.2/mcpu-430x/mmpy-16/msr20/mc20/libcrt0.a(__watchdog_support.o)
                0x00003100                __watchdog_support
 *(.init2)
 .init2         0x0000310c        0x4 /usr/local/bin/../lib/gcc/msp430/4.7.2/mcpu-430x/mmpy-16/msr20/mc20/libcrt0.a(__init_stack.o)
                0x0000310c                __init_stack
 *(.init3)
 .init3         0x00003110        0x0 /usr/local/bin/../lib/gcc/msp430/4.7.2/mcpu-430x/mmpy-16/msr20/mc20/libcrt0.a(__low_level_init.o)
                0x00003110                __low_level_init
 *(.init4)
 .init4         0x00003110       0x18 /usr/local/bin/../lib/gcc/msp430/4.7.2/mcpu-430x/mmpy-16/msr20/mc20/libcrt0.a(_copy_data.o)
                0x00003110                __do_copy_data
 .init4         0x00003128       0x16 /usr/local/bin/../lib/gcc/msp430/4.7.2/mcpu-430x/mmpy-16/msr20/mc20/libcrt0.a(_clear_bss.o)
                0x00003128                __do_clear_bss
 *(.init5)
 *(.init6)
 *(.init7)
 *(.init8)
 *(.init9)
 .init9         0x0000313e      0x348 obj_z1/contiki-z1-main.o
                0x0000313e                main
 *(.fini9)
 .fini9         0x00003486        0x0 /usr/local/bin/../lib/gcc/msp430/4.7.2/mcpu-430x/mmpy-16/msr20/mc20/libcrt0.a(__stop_progExec__.o)
                0x00003486                __stop_progExec__
 *(.fini8)
 *(.fini7)
 *(.fini6)
 *(.fini5)
 *(.fini4)
 *(.fini3)
 *(.fini2)
 *(.fini1)
 *(.fini0)
 .fini0         0x00003486        0x6 /usr/local/bin/../lib/gcc/msp430/4.7.2/mcpu-430x/mmpy-16/msr20/mc20/libcrt0.a(_endless_loop__.o)
                0x00003486                _endless_loop__
 *(.fini .fini.*)
                0x0000348c                . = ALIGN (0x2)
                0x0000348c                __ctors_start = .
 *(.ctors)
                0x0000348c                __ctors_end = .
                0x0000348c                __dtors_start = .
 *(.dtors)
                0x0000348c                __dtors_end = .
                0x0000348c                . = ALIGN (0x2)
 *(.text .text.* .gnu.linkonce.t.*)
 .text          0x0000348c        0x4 /usr/local/bin/../lib/gcc/msp430/4.7.2/mcpu-430x/mmpy-16/msr20/mc20/crt0ivtbl32.o
                0x0000348c                __isr_14
                0x0000348c                __isr_4
                0x0000348c                __isr_29
                0x0000348c                __isr_11
                0x0000348c                __isr_5
                0x0000348c                __isr_2
                0x0000348c                __isr_10
                0x0000348c                __isr_7
                0x0000348c                __isr_0
                0x0000348c                __isr_28
                0x0000348c                __isr_8
                0x0000348c                __isr_20
                0x0000348c                __isr_3
                0x0000348c                __isr_12
                0x0000348c                __isr_13
                0x0000348c                __isr_27
                0x0000348c                __isr_9
                0x0000348c                __isr_30
                0x0000348c                __isr_6
                0x0000348c                __isr_22
                0x0000348c                __isr_1
                0x0000348c                __isr_15
                0x0000348c                __isr_21
 .text.libgcc   0x00003490       0x26 /usr/local/bin/../lib/gcc/msp430/4.7.2/mcpu-430x/mmpy-16/msr20/mc20/libgcc.a(_mulsi3.o)
                0x00003490                __mulsi3
 .text.libgcc   0x000034b6       0x22 /usr/local/bin/../lib/gcc/msp430/4.7.2/mcpu-430x/mmpy-16/msr20/mc20/libgcc.a(_udivmod16.o)
                0x000034b6                __udivhi3
                0x000034b6                __ext_udivmod16
                0x000034d0                __umodhi3
 .text.libgcc   0x000034d8       0x3a /usr/local/bin/../lib/gcc/msp430/4.7.2/mcpu-430x/mmpy-16/msr20/mc20/libgcc.a(_divmod16.o)
                0x000034d8                __ext_divmod16
                0x000034d8                __divhi3
                0x0000350a                __modhi3
 .text.libgcc   0x00003512       0x38 /usr/local/bin/../lib/gcc/msp430/4.7.2/mcpu-430x/mmpy-16/msr20/mc20/libgcc.a(_udivmod32.o)
                0x00003512                __udivsi3
                0x00003512                __ext_udivmod32
                0x00003540                __umodsi3
 .text.libgcc   0x0000354a       0x4c /usr/local/bin/../lib/gcc/msp430/4.7.2/mcpu-430x/mmpy-16/msr20/mc20/libgcc.a(_divmod32.o)
                0x0000354a                __ext_divmod32
                0x0000354a                __divsi3
                0x0000358c                __modsi3
 .text.libgcc   0x00003596       0xbc /usr/local/bin/../lib/gcc/msp430/4.7.2/mcpu-430x/mmpy-16/msr20/mc20/libgcc.a(_udivmod64.o)
                0x00003596                __xabi_udivmod64
                0x000035e8                __udivdi3
                0x00003602                __umoddi3
                0x00003624                __udivmoddi4
 .text.crt0     0x00003652        0x2 /usr/local/bin/../lib/gcc/msp430/4.7.2/mcpu-430x/mmpy-16/msr20/mc20/libcrt0.a(_unexpected_.o)
                0x00003652                _unexpected_
 *(.near.text .near.text.*)
 .near.text.watchdog_interrupt
                0x00003654        0x6 contiki-z1.a(watchdog.o)
                0x00003654                __isr_26
                0x00003654                watchdog_interrupt
 .near.text.uart0_rx_interrupt
                0x0000365a       0x64 contiki-z1.a(uart0.o)
                0x0000365a                __isr_23
                0x0000365a                uart0_rx_interrupt
 .near.text.port1_isr
                0x000036be       0xbe contiki-z1.a(adxl345.o)
                0x000036be                port1_isr
                0x000036be                __isr_18
 .near.text.timera1
                0x0000377c      0x10a contiki-z1.a(clock.o)
                0x0000377c                __isr_24
                0x0000377c                timera1
 .near.text.timera0
                0x00003886       0x5c contiki-z1.a(rtimer-arch.o)
                0x00003886                __isr_25
                0x00003886                timera0
 .near.text.i2c_tx_interrupt
                0x000038e2       0x84 contiki-z1.a(i2cmaster.o)
                0x000038e2                __isr_16
                0x000038e2                i2c_tx_interrupt
 .near.text.i2c_rx_interrupt
                0x00003966       0x14 contiki-z1.a(i2cmaster.o)
                0x00003966                i2c_rx_interrupt
                0x00003966                __isr_17
 .near.text.irq_p2
                0x0000397a       0x76 contiki-z1.a(button-sensor.o)
                0x0000397a                irq_p2
                0x0000397a                __isr_19
 .any.text.process_thread_udp_server
                0x000039f0       0x42 unicast-server.co
 .any.text.receiver
                0x00003a32       0x5c unicast-server.co
 .any.text.init_platform
                0x00003a8e        0xc contiki-z1.a(contiki-z1-plat)
                0x00003a8e                init_platform
 .any.text.msp430_init_dco
                0x00003a9a       0x28 contiki-z1.a(msp430.o)
                0x00003a9a                msp430_init_dco
 .any.text.splhigh_
                0x00003ac2        0x8 contiki-z1.a(msp430.o)
                0x00003ac2                splhigh_
 .any.text.msp430_sync_dco
                0x00003aca       0x6e contiki-z1.a(msp430.o)
                0x00003aca                msp430_sync_dco
 .any.text.msp430_cpu_init
                0x00003b38       0x2e contiki-z1.a(msp430.o)
                0x00003b38                msp430_cpu_init
 .any.text.show_leds
                0x00003b66       0xe8 contiki-z1.a(leds.o)
 .any.text.leds_init
                0x00003c4e        0xa contiki-z1.a(leds.o)
                0x00003c4e                leds_init
 .any.text.leds_on
                0x00003c58        0xa contiki-z1.a(leds.o)
                0x00003c58                leds_on
 .any.text.leds_off
                0x00003c62        0xe contiki-z1.a(leds.o)
                0x00003c62                leds_off
 .any.text.watchdog_start
                0x00003c70       0x14 contiki-z1.a(watchdog.o)
                0x00003c70                watchdog_start
 .any.text.watchdog_periodic
                0x00003c84       0x12 contiki-z1.a(watchdog.o)
                0x00003c84                watchdog_periodic
 .any.text.watchdog_stop
                0x00003c96       0x16 contiki-z1.a(watchdog.o)
                0x00003c96                watchdog_stop
 .any.text.watchdog_init
                0x00003cac       0x12 contiki-z1.a(watchdog.o)
                0x00003cac                watchdog_init
 .any.text.wait_ready
                0x00003cbe       0x46 contiki-z1.a(xmem.o)
 .any.text.xmem_init
                0x00003d04       0x1e contiki-z1.a(xmem.o)
                0x00003d04                xmem_init
 .any.text.xmem_pread
                0x00003d22       0xc0 contiki-z1.a(xmem.o)
                0x00003d22                xmem_pread
 .any.text.spi_init
                0x00003de2       0x32 contiki-z1.a(spi.o)
                0x00003de2                spi_init
 .any.text.get_object
                0x00003e14        0x4 contiki-z1.a(cc2420.o)
 .any.text.set_object
                0x00003e18        0x4 contiki-z1.a(cc2420.o)
 .any.text.strobe
                0x00003e1c       0x1a contiki-z1.a(cc2420.o)
 .any.text.getreg
                0x00003e36       0x46 contiki-z1.a(cc2420.o)
 .any.text.setreg
                0x00003e7c       0x44 contiki-z1.a(cc2420.o)
 .any.text.write_ram
                0x00003ec0       0x72 contiki-z1.a(cc2420.o)
 .any.text.write_fifo_buf
                0x00003f32       0x38 contiki-z1.a(cc2420.o)
 .any.text.get_status
                0x00003f6a       0x1e contiki-z1.a(cc2420.o)
 .any.text.set_txpower
                0x00003f88       0x24 contiki-z1.a(cc2420.o)
 .any.text.cc2420_receiving_packet
                0x00003fac        0xa contiki-z1.a(cc2420.o)
 .any.text.pending_packet
                0x00003fb6        0xa contiki-z1.a(cc2420.o)
 .any.text.on   0x00003fc0       0x26 contiki-z1.a(cc2420.o)
 .any.text.wait_for_transmission
                0x00003fe6       0x22 contiki-z1.a(cc2420.o)
 .any.text.wait_for_status
                0x00004008       0x24 contiki-z1.a(cc2420.o)
 .any.text.getrxdata
                0x0000402c       0x4c contiki-z1.a(cc2420.o)
 .any.text.flushrx
                0x00004078       0x1a contiki-z1.a(cc2420.o)
 .any.text.off  0x00004092       0x5a contiki-z1.a(cc2420.o)
 .any.text.RELEASE_LOCK
                0x000040ec       0x28 contiki-z1.a(cc2420.o)
 .any.text.set_frame_filtering
                0x00004114       0x30 contiki-z1.a(cc2420.o)
 .any.text.set_auto_ack
                0x00004144       0x30 contiki-z1.a(cc2420.o)
 .any.text.set_poll_mode
                0x00004174       0x2c contiki-z1.a(cc2420.o)
 .any.text.cc2420_prepare
                0x000041a0       0x38 contiki-z1.a(cc2420.o)
 .any.text.cc2420_on
                0x000041d8       0x22 contiki-z1.a(cc2420.o)
                0x000041d8                cc2420_on
 .any.text.cc2420_off
                0x000041fa       0x30 contiki-z1.a(cc2420.o)
                0x000041fa                cc2420_off
 .any.text.cc2420_cca
                0x0000422a       0x54 contiki-z1.a(cc2420.o)
 .any.text.cc2420_read
                0x0000427e       0xb8 contiki-z1.a(cc2420.o)
 .any.text.process_thread_cc2420_process
                0x00004336       0x5c contiki-z1.a(cc2420.o)
 .any.text.cc2420_set_channel
                0x00004392       0x3a contiki-z1.a(cc2420.o)
                0x00004392                cc2420_set_channel
 .any.text.cc2420_set_pan_addr
                0x000043cc       0x4c contiki-z1.a(cc2420.o)
                0x000043cc                cc2420_set_pan_addr
 .any.text.cc2420_interrupt
                0x00004418       0x16 contiki-z1.a(cc2420.o)
                0x00004418                cc2420_interrupt
 .any.text.cc2420_set_txpower
                0x0000442e        0xe contiki-z1.a(cc2420.o)
                0x0000442e                cc2420_set_txpower
 .any.text.cc2420_get_txpower
                0x0000443c       0x1e contiki-z1.a(cc2420.o)
                0x0000443c                cc2420_get_txpower
 .any.text.cc2420_transmit
                0x0000445a      0x10e contiki-z1.a(cc2420.o)
 .any.text.cc2420_send
                0x00004568       0x12 contiki-z1.a(cc2420.o)
 .any.text.cc2420_rssi
                0x0000457a       0x48 contiki-z1.a(cc2420.o)
                0x0000457a                cc2420_rssi
 .any.text.get_value
                0x000045c2      0x104 contiki-z1.a(cc2420.o)
 .any.text.cc2420_set_cca_threshold
                0x000046c6       0x16 contiki-z1.a(cc2420.o)
                0x000046c6                cc2420_set_cca_threshold
 .any.text.set_value
                0x000046dc       0xb2 contiki-z1.a(cc2420.o)
 .any.text.cc2420_init
                0x0000478e       0xea contiki-z1.a(cc2420.o)
                0x0000478e                cc2420_init
 .any.text.cc2420_arch_init
                0x00004878       0x1a contiki-z1.a(cc2420-arch.o)
                0x00004878                cc2420_arch_init
 .any.text.node_id_restore
                0x00004892       0x4c contiki-z1.a(node-id.o)
                0x00004892                node_id_restore
 .any.text.process_thread_sensors_process
                0x000048de       0xc2 contiki-z1.a(sensors.o)
 .any.text.sensors_changed
                0x000049a0       0x2a contiki-z1.a(sensors.o)
                0x000049a0                sensors_changed
 .any.text.uart0_active
                0x000049ca        0xe contiki-z1.a(uart0.o)
                0x000049ca                uart0_active
 .any.text.uart0_writeb
                0x000049d8       0x16 contiki-z1.a(uart0.o)
                0x000049d8                uart0_writeb
 .any.text.uart0_init
                0x000049ee       0x4e contiki-z1.a(uart0.o)
                0x000049ee                uart0_init
 .any.text.putchar
                0x00004a3c       0x10 contiki-z1.a(uart0-putchar.o)
                0x00004a3c                putchar
 .any.text.status
                0x00004a4c       0x12 contiki-z1.a(adxl345.o)
 .any.text.accm_write_reg
                0x00004a5e       0x2e contiki-z1.a(adxl345.o)
 .any.text.accm_write_stream
                0x00004a8c       0x2a contiki-z1.a(adxl345.o)
 .any.text.accm_read_reg
                0x00004ab6       0x54 contiki-z1.a(adxl345.o)
 .any.text.process_thread_accmeter_process
                0x00004b0a       0x56 contiki-z1.a(adxl345.o)
 .any.text.accm_read_axis.part.0
                0x00004b60       0x5a contiki-z1.a(adxl345.o)
 .any.text.value
                0x00004bba       0x1e contiki-z1.a(adxl345.o)
 .any.text.accm_init
                0x00004bd8       0x78 contiki-z1.a(adxl345.o)
                0x00004bd8                accm_init
 .any.text.accm_stop
                0x00004c50       0x32 contiki-z1.a(adxl345.o)
                0x00004c50                accm_stop
 .any.text.configure
                0x00004c82       0x26 contiki-z1.a(adxl345.o)
 .any.text.status
                0x00004ca8       0x12 contiki-z1.a(tmp102.o)
 .any.text.tmp102_init
                0x00004cba       0x24 contiki-z1.a(tmp102.o)
                0x00004cba                tmp102_init
 .any.text.tmp102_stop
                0x00004cde        0xa contiki-z1.a(tmp102.o)
                0x00004cde                tmp102_stop
 .any.text.configure
                0x00004ce8       0x26 contiki-z1.a(tmp102.o)
 .any.text.tmp102_read_reg
                0x00004d0e       0x5e contiki-z1.a(tmp102.o)
                0x00004d0e                tmp102_read_reg
 .any.text.tmp102_read_temp_x100
                0x00004d6c       0x58 contiki-z1.a(tmp102.o)
                0x00004d6c                tmp102_read_temp_x100
 .any.text.value
                0x00004dc4        0x6 contiki-z1.a(tmp102.o)
 .any.text.clock_time
                0x00004dca       0x1a contiki-z1.a(clock.o)
                0x00004dca                clock_time
 .any.text.clock_init
                0x00004de4       0x28 contiki-z1.a(clock.o)
                0x00004de4                clock_init
 .any.text.clock_delay
                0x00004e0c        0xc contiki-z1.a(clock.o)
                0x00004e0c                clock_delay
 .any.text.clock_wait
                0x00004e18       0x24 contiki-z1.a(clock.o)
                0x00004e18                clock_wait
 .any.text.clock_seconds
                0x00004e3c       0x1a contiki-z1.a(clock.o)
                0x00004e3c                clock_seconds
 .any.text.leds_arch_init
                0x00004e56        0xe contiki-z1.a(leds-arch.o)
                0x00004e56                leds_arch_init
 .any.text.leds_arch_set
                0x00004e64       0x38 contiki-z1.a(leds-arch.o)
                0x00004e64                leds_arch_set
 .any.text.rtimer_arch_init
                0x00004e9c        0xe contiki-z1.a(rtimer-arch.o)
                0x00004e9c                rtimer_arch_init
 .any.text.rtimer_arch_now
                0x00004eaa        0xe contiki-z1.a(rtimer-arch.o)
                0x00004eaa                rtimer_arch_now
 .any.text.rtimer_arch_schedule
                0x00004eb8        0x6 contiki-z1.a(rtimer-arch.o)
                0x00004eb8                rtimer_arch_schedule
 .any.text.autostart_start
                0x00004ebe       0x16 contiki-z1.a(autostart.o)
                0x00004ebe                autostart_start
 .any.text.process_thread_ctimer_process
                0x00004ed4       0xa0 contiki-z1.a(ctimer.o)
 .any.text.ctimer_init
                0x00004f74       0x18 contiki-z1.a(ctimer.o)
                0x00004f74                ctimer_init
 .any.text.ctimer_set_with_process
                0x00004f8c       0x4a contiki-z1.a(ctimer.o)
                0x00004f8c                ctimer_set_with_process
 .any.text.ctimer_set
                0x00004fd6       0x10 contiki-z1.a(ctimer.o)
                0x00004fd6                ctimer_set
 .any.text.ctimer_reset
                0x00004fe6       0x2c contiki-z1.a(ctimer.o)
                0x00004fe6                ctimer_reset
 .any.text.ctimer_restart
                0x00005012       0x2c contiki-z1.a(ctimer.o)
                0x00005012                ctimer_restart
 .any.text.ctimer_stop
                0x0000503e       0x28 contiki-z1.a(ctimer.o)
                0x0000503e                ctimer_stop
 .any.text.energest_init
                0x00005066       0x24 contiki-z1.a(energest.o)
                0x00005066                energest_init
 .any.text.energest_type_time
                0x0000508a       0x3c contiki-z1.a(energest.o)
                0x0000508a                energest_type_time
 .any.text.energest_type_set
                0x000050c6        0xc contiki-z1.a(energest.o)
                0x000050c6                energest_type_set
 .any.text.energest_flush
                0x000050d2       0x38 contiki-z1.a(energest.o)
                0x000050d2                energest_flush
 .any.text.update_time
                0x0000510a       0x70 contiki-z1.a(etimer.o)
 .any.text.etimer_request_poll
                0x0000517a        0xa contiki-z1.a(etimer.o)
                0x0000517a                etimer_request_poll
 .any.text.process_thread_etimer_process
                0x00005184       0xc4 contiki-z1.a(etimer.o)
 .any.text.add_timer
                0x00005248       0x40 contiki-z1.a(etimer.o)
 .any.text.etimer_set
                0x00005288       0x12 contiki-z1.a(etimer.o)
                0x00005288                etimer_set
 .any.text.etimer_reset
                0x0000529a       0x12 contiki-z1.a(etimer.o)
                0x0000529a                etimer_reset
 .any.text.etimer_restart
                0x000052ac       0x12 contiki-z1.a(etimer.o)
                0x000052ac                etimer_restart
 .any.text.etimer_expired
                0x000052be        0xe contiki-z1.a(etimer.o)
                0x000052be                etimer_expired
 .any.text.etimer_expiration_time
                0x000052cc       0x14 contiki-z1.a(etimer.o)
                0x000052cc                etimer_expiration_time
 .any.text.etimer_pending
                0x000052e0        0xc contiki-z1.a(etimer.o)
                0x000052e0                etimer_pending
 .any.text.etimer_next_expiration_time
                0x000052ec       0x16 contiki-z1.a(etimer.o)
                0x000052ec                etimer_next_expiration_time
 .any.text.etimer_stop
                0x00005302       0x3e contiki-z1.a(etimer.o)
                0x00005302                etimer_stop
 .any.text.call_process
                0x00005340       0x40 contiki-z1.a(process.o)
 .any.text.exit_process
                0x00005380       0x88 contiki-z1.a(process.o)
 .any.text.do_poll
                0x00005408       0x30 contiki-z1.a(process.o)
 .any.text.process_alloc_event
                0x00005438        0xe contiki-z1.a(process.o)
                0x00005438                process_alloc_event
 .any.text.process_init
                0x00005446       0x1c contiki-z1.a(process.o)
                0x00005446                process_init
 .any.text.process_run
                0x00005462       0x8c contiki-z1.a(process.o)
                0x00005462                process_run
 .any.text.process_nevents
                0x000054ee        0xe contiki-z1.a(process.o)
                0x000054ee                process_nevents
 .any.text.process_post
                0x000054fc       0x4a contiki-z1.a(process.o)
                0x000054fc                process_post
 .any.text.process_post_synch
                0x00005546       0x12 contiki-z1.a(process.o)
                0x00005546                process_post_synch
 .any.text.process_start
                0x00005558       0x36 contiki-z1.a(process.o)
                0x00005558                process_start
 .any.text.process_poll
                0x0000558e       0x18 contiki-z1.a(process.o)
                0x0000558e                process_poll
 .any.text.rtimer_init
                0x000055a6        0x6 contiki-z1.a(rtimer.o)
                0x000055a6                rtimer_init
 .any.text.rtimer_set
                0x000055ac       0x24 contiki-z1.a(rtimer.o)
                0x000055ac                rtimer_set
 .any.text.rtimer_run_next
                0x000055d0       0x26 contiki-z1.a(rtimer.o)
                0x000055d0                rtimer_run_next
 .any.text.timer_set
                0x000055f6       0x1c contiki-z1.a(timer.o)
                0x000055f6                timer_set
 .any.text.timer_reset
                0x00005612        0xe contiki-z1.a(timer.o)
                0x00005612                timer_reset
 .any.text.timer_restart
                0x00005620       0x14 contiki-z1.a(timer.o)
                0x00005620                timer_restart
 .any.text.timer_expired
                0x00005634       0x2a contiki-z1.a(timer.o)
                0x00005634                timer_expired
 .any.text.list_init
                0x0000565e        0x6 contiki-z1.a(list.o)
                0x0000565e                list_init
 .any.text.list_head
                0x00005664        0x4 contiki-z1.a(list.o)
                0x00005664                list_head
 .any.text.list_tail
                0x00005668       0x12 contiki-z1.a(list.o)
                0x00005668                list_tail
 .any.text.list_remove
                0x0000567a       0x34 contiki-z1.a(list.o)
                0x0000567a                list_remove
 .any.text.list_push
                0x000056ae       0x16 contiki-z1.a(list.o)
                0x000056ae                list_push
 .any.text.list_add
                0x000056c4       0x26 contiki-z1.a(list.o)
                0x000056c4                list_add
 .any.text.list_length
                0x000056ea       0x10 contiki-z1.a(list.o)
                0x000056ea                list_length
 .any.text.list_item_next
                0x000056fa        0xc contiki-z1.a(list.o)
                0x000056fa                list_item_next
 .any.text.random_init
                0x00005706        0x6 contiki-z1.a(random.o)
                0x00005706                random_init
 .any.text.random_rand
                0x0000570c        0x6 contiki-z1.a(random.o)
                0x0000570c                random_rand
 .any.text.uip_ds6_list_loop
                0x00005712       0x66 contiki-z1.a(uip-ds6.o)
                0x00005712                uip_ds6_list_loop
 .any.text.uip_ds6_prefix_add
                0x00005778       0x70 contiki-z1.a(uip-ds6.o)
                0x00005778                uip_ds6_prefix_add
 .any.text.uip_ds6_is_addr_onlink
                0x000057e8       0x42 contiki-z1.a(uip-ds6.o)
                0x000057e8                uip_ds6_is_addr_onlink
 .any.text.uip_ds6_addr_lookup
                0x0000582a       0x2a contiki-z1.a(uip-ds6.o)
                0x0000582a                uip_ds6_addr_lookup
 .any.text.uip_ds6_get_link_local
                0x00005854       0x3e contiki-z1.a(uip-ds6.o)
                0x00005854                uip_ds6_get_link_local
 .any.text.uip_ds6_maddr_add
                0x00005892       0x48 contiki-z1.a(uip-ds6.o)
                0x00005892                uip_ds6_maddr_add
 .any.text.uip_ds6_addr_add
                0x000058da       0xb4 contiki-z1.a(uip-ds6.o)
                0x000058da                uip_ds6_addr_add
 .any.text.uip_ds6_maddr_rm
                0x0000598e        0xa contiki-z1.a(uip-ds6.o)
                0x0000598e                uip_ds6_maddr_rm
 .any.text.uip_ds6_maddr_lookup
                0x00005998       0x2a contiki-z1.a(uip-ds6.o)
                0x00005998                uip_ds6_maddr_lookup
 .any.text.uip_ds6_addr_rm
                0x000059c2       0x54 contiki-z1.a(uip-ds6.o)
                0x000059c2                uip_ds6_addr_rm
 .any.text.uip_ds6_periodic
                0x00005a16       0x4a contiki-z1.a(uip-ds6.o)
                0x00005a16                uip_ds6_periodic
 .any.text.uip_ds6_set_addr_iid
                0x00005a60       0x14 contiki-z1.a(uip-ds6.o)
                0x00005a60                uip_ds6_set_addr_iid
 .any.text.get_match_length
                0x00005a74       0x3c contiki-z1.a(uip-ds6.o)
                0x00005a74                get_match_length
 .any.text.uip_ds6_select_src
                0x00005ab0       0x9a contiki-z1.a(uip-ds6.o)
                0x00005ab0                uip_ds6_select_src
 .any.text.uip_ds6_compute_reachable_time
                0x00005b4a       0x36 contiki-z1.a(uip-ds6.o)
                0x00005b4a                uip_ds6_compute_reachable_time
 .any.text.uip_ds6_init
                0x00005b80      0x138 contiki-z1.a(uip-ds6.o)
                0x00005b80                uip_ds6_init
 .any.text.call_route_callback
                0x00005cb8       0x40 contiki-z1.a(uip-ds6-route.o)
 .any.text.uip_ds6_route_init
                0x00005cf8       0x36 contiki-z1.a(uip-ds6-route.o)
                0x00005cf8                uip_ds6_route_init
 .any.text.uip_ds6_route_nexthop
                0x00005d2e       0x1a contiki-z1.a(uip-ds6-route.o)
                0x00005d2e                uip_ds6_route_nexthop
 .any.text.uip_ds6_route_head
                0x00005d48        0xa contiki-z1.a(uip-ds6-route.o)
                0x00005d48                uip_ds6_route_head
 .any.text.uip_ds6_route_next
                0x00005d52        0xe contiki-z1.a(uip-ds6-route.o)
                0x00005d52                uip_ds6_route_next
 .any.text.uip_ds6_route_is_nexthop
                0x00005d60       0x22 contiki-z1.a(uip-ds6-route.o)
                0x00005d60                uip_ds6_route_is_nexthop
 .any.text.uip_ds6_route_lookup
                0x00005d82       0x6e contiki-z1.a(uip-ds6-route.o)
                0x00005d82                uip_ds6_route_lookup
 .any.text.uip_ds6_route_rm
                0x00005df0       0xa2 contiki-z1.a(uip-ds6-route.o)
                0x00005df0                uip_ds6_route_rm
 .any.text.rm_routelist
                0x00005e92       0x34 contiki-z1.a(uip-ds6-route.o)
 .any.text.rm_routelist_callback
                0x00005ec6        0x6 contiki-z1.a(uip-ds6-route.o)
 .any.text.uip_ds6_route_add
                0x00005ecc       0xfc contiki-z1.a(uip-ds6-route.o)
                0x00005ecc                uip_ds6_route_add
 .any.text.uip_ds6_defrt_rm
                0x00005fc8       0x44 contiki-z1.a(uip-ds6-route.o)
                0x00005fc8                uip_ds6_defrt_rm
 .any.text.uip_ds6_defrt_lookup
                0x0000600c       0x32 contiki-z1.a(uip-ds6-route.o)
                0x0000600c                uip_ds6_defrt_lookup
 .any.text.uip_ds6_defrt_add
                0x0000603e       0x68 contiki-z1.a(uip-ds6-route.o)
                0x0000603e                uip_ds6_defrt_add
 .any.text.uip_ds6_defrt_choose
                0x000060a6       0x36 contiki-z1.a(uip-ds6-route.o)
                0x000060a6                uip_ds6_defrt_choose
 .any.text.uip_ds6_defrt_periodic
                0x000060dc       0x38 contiki-z1.a(uip-ds6-route.o)
                0x000060dc                uip_ds6_defrt_periodic
 .any.text.chksum
                0x00006114       0x32 contiki-z1.a(uip6.o)
 .any.text.upper_layer_chksum
                0x00006146       0x56 contiki-z1.a(uip6.o)
 .any.text.ext_hdr_options_process
                0x0000619c       0xc2 contiki-z1.a(uip6.o)
 .any.text.uip_add32
                0x0000625e       0x60 contiki-z1.a(uip6.o)
                0x0000625e                uip_add32
 .any.text.uip_add_rcv_nxt
                0x000062be       0x2e contiki-z1.a(uip6.o)
 .any.text.uip_icmp6chksum
                0x000062ec        0xa contiki-z1.a(uip6.o)
                0x000062ec                uip_icmp6chksum
 .any.text.uip_tcpchksum
                0x000062f6        0xa contiki-z1.a(uip6.o)
                0x000062f6                uip_tcpchksum
 .any.text.uip_udpchksum
                0x00006300        0xa contiki-z1.a(uip6.o)
                0x00006300                uip_udpchksum
 .any.text.uip_init
                0x0000630a       0x56 contiki-z1.a(uip6.o)
                0x0000630a                uip_init
 .any.text.remove_ext_hdr
                0x00006360       0x50 contiki-z1.a(uip6.o)
                0x00006360                remove_ext_hdr
 .any.text.uip_udp_new
                0x000063b0       0xa2 contiki-z1.a(uip6.o)
                0x000063b0                uip_udp_new
 .any.text.uip_unlisten
                0x00006452       0x1a contiki-z1.a(uip6.o)
                0x00006452                uip_unlisten
 .any.text.uip_process
                0x0000646c      0xd94 contiki-z1.a(uip6.o)
                0x0000646c                uip_process
 .any.text.uip_htonl
                0x00007200       0x2a contiki-z1.a(uip6.o)
                0x00007200                uip_htonl
 .any.text.uip_ds6_nbr_rm
                0x0000722a       0x1e contiki-z1.a(uip-ds6-nbr.o)
                0x0000722a                uip_ds6_nbr_rm
 .any.text.uip_ds6_neighbors_init
                0x00007248       0x12 contiki-z1.a(uip-ds6-nbr.o)
                0x00007248                uip_ds6_neighbors_init
 .any.text.uip_ds6_nbr_add
                0x0000725a       0x5c contiki-z1.a(uip-ds6-nbr.o)
                0x0000725a                uip_ds6_nbr_add
 .any.text.uip_ds6_nbr_get_ll
                0x000072b6        0xc contiki-z1.a(uip-ds6-nbr.o)
                0x000072b6                uip_ds6_nbr_get_ll
 .any.text.uip_ds6_nbr_lookup
                0x000072c2       0x3e contiki-z1.a(uip-ds6-nbr.o)
                0x000072c2                uip_ds6_nbr_lookup
 .any.text.uip_ds6_nbr_ll_lookup
                0x00007300        0xc contiki-z1.a(uip-ds6-nbr.o)
                0x00007300                uip_ds6_nbr_ll_lookup
 .any.text.uip_ds6_nbr_ipaddr_from_lladdr
                0x0000730c        0x6 contiki-z1.a(uip-ds6-nbr.o)
                0x0000730c                uip_ds6_nbr_ipaddr_from_lladdr
 .any.text.uip_ds6_nbr_lladdr_from_ipaddr
                0x00007312       0x12 contiki-z1.a(uip-ds6-nbr.o)
                0x00007312                uip_ds6_nbr_lladdr_from_ipaddr
 .any.text.uip_ds6_link_neighbor_callback
                0x00007324       0x32 contiki-z1.a(uip-ds6-nbr.o)
                0x00007324                uip_ds6_link_neighbor_callback
 .any.text.uip_ds6_neighbor_periodic
                0x00007356      0x11e contiki-z1.a(uip-ds6-nbr.o)
                0x00007356                uip_ds6_neighbor_periodic
 .any.text.extract_lladdr_from_llao_aligned
                0x00007474       0x1c contiki-z1.a(uip-nd6.o)
 .any.text.na_input
                0x00007490      0x1bc contiki-z1.a(uip-nd6.o)
 .any.text.ns_input
                0x0000764c      0x260 contiki-z1.a(uip-nd6.o)
 .any.text.uip_nd6_ns_output
                0x000078ac      0x17a contiki-z1.a(uip-nd6.o)
                0x000078ac                uip_nd6_ns_output
 .any.text.uip_nd6_init
                0x00007a26       0x12 contiki-z1.a(uip-nd6.o)
                0x00007a26                uip_nd6_init
 .any.text.clear_fragments
                0x00007a38       0x38 contiki-z1.a(sicslowpan.o)
 .any.text.set_packet_attrs
                0x00007a70       0x46 contiki-z1.a(sicslowpan.o)
 .any.text.addr_context_lookup_by_number
                0x00007ab6       0x30 contiki-z1.a(sicslowpan.o)
 .any.text.compress_addr_64
                0x00007ae6       0x9a contiki-z1.a(sicslowpan.o)
 .any.text.store_fragment
                0x00007b80       0x6e contiki-z1.a(sicslowpan.o)
 .any.text.uncompress_addr
                0x00007bee       0x96 contiki-z1.a(sicslowpan.o)
 .any.text.sicslowpan_init
                0x00007c84       0x24 contiki-z1.a(sicslowpan.o)
                0x00007c84                sicslowpan_init
 .any.text.addr_context_lookup_by_prefix
                0x00007ca8       0x4a contiki-z1.a(sicslowpan.o)
 .any.text.packet_sent
                0x00007cf2       0x22 contiki-z1.a(sicslowpan.o)
 .any.text.add_fragment
                0x00007d14      0x160 contiki-z1.a(sicslowpan.o)
 .any.text.input
                0x00007e74      0x60e contiki-z1.a(sicslowpan.o)
 .any.text.send_packet
                0x00008482       0x1a contiki-z1.a(sicslowpan.o)
 .any.text.output
                0x0000849c      0x67c contiki-z1.a(sicslowpan.o)
 .any.text.uip_debug_ipaddr_print
                0x00008b18       0xbc contiki-z1.a(uip-debug.o)
                0x00008b18                uip_debug_ipaddr_print
 .any.text.start_periodic_tcp_timer
                0x00008bd4       0x16 contiki-z1.a(tcpip.o)
 .any.text.tcpip_output
                0x00008bea       0x10 contiki-z1.a(tcpip.o)
                0x00008bea                tcpip_output
 .any.text.tcpip_set_outputfunc
                0x00008bfa        0x6 contiki-z1.a(tcpip.o)
                0x00008bfa                tcpip_set_outputfunc
 .any.text.udp_new
                0x00008c00       0x1a contiki-z1.a(tcpip.o)
                0x00008c00                udp_new
 .any.text.tcpip_input
                0x00008c1a       0x16 contiki-z1.a(tcpip.o)
                0x00008c1a                tcpip_input
 .any.text.tcpip_ipv6_output
                0x00008c30      0x152 contiki-z1.a(tcpip.o)
                0x00008c30                tcpip_ipv6_output
 .any.text.process_thread_tcpip_process
                0x00008d82      0x1a8 contiki-z1.a(tcpip.o)
 .any.text.tcpip_uipcall
                0x00008f2a       0x62 contiki-z1.a(tcpip.o)
                0x00008f2a                tcpip_uipcall
 .any.text.process_thread_simple_udp_process
                0x00008f8c       0x9e contiki-z1.a(simple-udp.o)
 .any.text.simple_udp_sendto
                0x0000902a       0x28 contiki-z1.a(simple-udp.o)
                0x0000902a                simple_udp_sendto
 .any.text.simple_udp_register
                0x00009052       0x88 contiki-z1.a(simple-udp.o)
                0x00009052                simple_udp_register
 .any.text.lollipop_greater_than
                0x000090da       0x3c contiki-z1.a(rpl-dag.o)
 .any.text.find_parent_any_dag_any_instance
                0x00009116       0x14 contiki-z1.a(rpl-dag.o)
 .any.text.rpl_set_preferred_parent
                0x0000912a       0x2c contiki-z1.a(rpl-dag.o)
 .any.text.set_ip_from_prefix
                0x00009156       0x30 contiki-z1.a(rpl-dag.o)
 .any.text.check_prefix
                0x00009186       0x70 contiki-z1.a(rpl-dag.o)
 .any.text.rpl_dag_init
                0x000091f6        0xe contiki-z1.a(rpl-dag.o)
                0x000091f6                rpl_dag_init
 .any.text.rpl_get_parent
                0x00009204        0xc contiki-z1.a(rpl-dag.o)
                0x00009204                rpl_get_parent
 .any.text.rpl_rank_via_parent
                0x00009210       0x2a contiki-z1.a(rpl-dag.o)
                0x00009210                rpl_rank_via_parent
 .any.text.rpl_get_parent_lladdr
                0x0000923a        0xc contiki-z1.a(rpl-dag.o)
                0x0000923a                rpl_get_parent_lladdr
 .any.text.rpl_get_parent_ipaddr
                0x00009246        0xa contiki-z1.a(rpl-dag.o)
                0x00009246                rpl_get_parent_ipaddr
 .any.text.rpl_get_parent_link_stats
                0x00009250        0xa contiki-z1.a(rpl-dag.o)
                0x00009250                rpl_get_parent_link_stats
 .any.text.rpl_parent_is_fresh
                0x0000925a        0xa contiki-z1.a(rpl-dag.o)
                0x0000925a                rpl_parent_is_fresh
 .any.text.best_parent
                0x00009264       0x66 contiki-z1.a(rpl-dag.o)
 .any.text.rpl_parent_is_reachable
                0x000092ca       0x4a contiki-z1.a(rpl-dag.o)
                0x000092ca                rpl_parent_is_reachable
 .any.text.rpl_set_prefix
                0x00009314       0x74 contiki-z1.a(rpl-dag.o)
                0x00009314                rpl_set_prefix
 .any.text.rpl_set_default_route
                0x00009388       0x3a contiki-z1.a(rpl-dag.o)
                0x00009388                rpl_set_default_route
 .any.text.rpl_alloc_instance
                0x000093c2       0x34 contiki-z1.a(rpl-dag.o)
                0x000093c2                rpl_alloc_instance
 .any.text.rpl_add_parent
                0x000093f6       0x3a contiki-z1.a(rpl-dag.o)
                0x000093f6                rpl_add_parent
 .any.text.rpl_find_parent
                0x00009430       0x1a contiki-z1.a(rpl-dag.o)
                0x00009430                rpl_find_parent
 .any.text.rpl_find_parent_any_dag
                0x0000944a       0x22 contiki-z1.a(rpl-dag.o)
                0x0000944a                rpl_find_parent_any_dag
 .any.text.rpl_select_parent
                0x0000946c       0x62 contiki-z1.a(rpl-dag.o)
                0x0000946c                rpl_select_parent
 .any.text.rpl_select_dag
                0x000094ce      0x192 contiki-z1.a(rpl-dag.o)
                0x000094ce                rpl_select_dag
 .any.text.rpl_nullify_parent
                0x00009660       0x5c contiki-z1.a(rpl-dag.o)
                0x00009660                rpl_nullify_parent
 .any.text.rpl_remove_parent
                0x000096bc       0x16 contiki-z1.a(rpl-dag.o)
                0x000096bc                rpl_remove_parent
 .any.text.nbr_callback
                0x000096d2        0x6 contiki-z1.a(rpl-dag.o)
 .any.text.remove_parents.constprop.4
                0x000096d8       0x2c contiki-z1.a(rpl-dag.o)
 .any.text.rpl_free_dag
                0x00009704       0x42 contiki-z1.a(rpl-dag.o)
                0x00009704                rpl_free_dag
 .any.text.rpl_move_parent
                0x00009746       0x60 contiki-z1.a(rpl-dag.o)
                0x00009746                rpl_move_parent
 .any.text.rpl_get_any_dag
                0x000097a6       0x16 contiki-z1.a(rpl-dag.o)
                0x000097a6                rpl_get_any_dag
 .any.text.rpl_get_instance
                0x000097bc       0x16 contiki-z1.a(rpl-dag.o)
                0x000097bc                rpl_get_instance
 .any.text.rpl_alloc_dag
                0x000097d2       0x60 contiki-z1.a(rpl-dag.o)
                0x000097d2                rpl_alloc_dag
 .any.text.rpl_repair_root
                0x00009832       0x4c contiki-z1.a(rpl-dag.o)
                0x00009832                rpl_repair_root
 .any.text.rpl_find_of
                0x0000987e       0x10 contiki-z1.a(rpl-dag.o)
                0x0000987e                rpl_find_of
 .any.text.rpl_join_instance
                0x0000988e      0x142 contiki-z1.a(rpl-dag.o)
                0x0000988e                rpl_join_instance
 .any.text.rpl_local_repair
                0x000099d0       0x7c contiki-z1.a(rpl-dag.o)
                0x000099d0                rpl_local_repair
 .any.text.rpl_process_parent_event
                0x00009a4c       0xa8 contiki-z1.a(rpl-dag.o)
                0x00009a4c                rpl_process_parent_event
 .any.text.rpl_recalculate_ranks
                0x00009af4       0x44 contiki-z1.a(rpl-dag.o)
                0x00009af4                rpl_recalculate_ranks
 .any.text.rpl_add_dag
                0x00009b38      0x104 contiki-z1.a(rpl-dag.o)
                0x00009b38                rpl_add_dag
 .any.text.rpl_process_dio
                0x00009c3c      0x32a contiki-z1.a(rpl-dag.o)
                0x00009c3c                rpl_process_dio
 .any.text.handle_unicast_dio_timer
                0x00009f66       0x1c contiki-z1.a(rpl-timers.o)
 .any.text.new_dio_interval
                0x00009f82       0x8a contiki-z1.a(rpl-timers.o)
 .any.text.set_dao_lifetime_timer
                0x0000a00c       0x84 contiki-z1.a(rpl-timers.o)
 .any.text.handle_periodic_timer
                0x0000a090       0x50 contiki-z1.a(rpl-timers.o)
 .any.text.schedule_dao
                0x0000a0e0       0x72 contiki-z1.a(rpl-timers.o)
 .any.text.handle_dio_timer
                0x0000a152       0x88 contiki-z1.a(rpl-timers.o)
 .any.text.handle_dao_timer
                0x0000a1da       0x64 contiki-z1.a(rpl-timers.o)
 .any.text.rpl_reset_periodic_timer
                0x0000a23e       0x54 contiki-z1.a(rpl-timers.o)
                0x0000a23e                rpl_reset_periodic_timer
 .any.text.rpl_reset_dio_timer
                0x0000a292       0x18 contiki-z1.a(rpl-timers.o)
                0x0000a292                rpl_reset_dio_timer
 .any.text.rpl_schedule_dao
                0x0000a2aa        0xc contiki-z1.a(rpl-timers.o)
                0x0000a2aa                rpl_schedule_dao
 .any.text.rpl_schedule_unicast_dio_immediately
                0x0000a2b6       0x16 contiki-z1.a(rpl-timers.o)
                0x0000a2b6                rpl_schedule_unicast_dio_immediately
 .any.text.get_probing_delay
                0x0000a2cc       0x40 contiki-z1.a(rpl-timers.o)
                0x0000a2cc                get_probing_delay
 .any.text.get_probing_target
                0x0000a30c       0xe2 contiki-z1.a(rpl-timers.o)
                0x0000a30c                get_probing_target
 .any.text.rpl_schedule_probing
                0x0000a3ee       0x26 contiki-z1.a(rpl-timers.o)
                0x0000a3ee                rpl_schedule_probing
 .any.text.handle_probing_timer
                0x0000a414       0x34 contiki-z1.a(rpl-timers.o)
 .any.text.update_hbh_header
                0x0000a448       0xcc contiki-z1.a(rpl-ext-header.)
 .any.text.insert_hbh_header
                0x0000a514       0x94 contiki-z1.a(rpl-ext-header.)
 .any.text.rpl_verify_hbh_header
                0x0000a5a8       0xf4 contiki-z1.a(rpl-ext-header.)
                0x0000a5a8                rpl_verify_hbh_header
 .any.text.rpl_remove_header
                0x0000a69c       0x76 contiki-z1.a(rpl-ext-header.)
                0x0000a69c                rpl_remove_header
 .any.text.rpl_update_header
                0x0000a712       0x54 contiki-z1.a(rpl-ext-header.)
                0x0000a712                rpl_update_header
 .any.text.rpl_get_mode
                0x0000a766        0x6 contiki-z1.a(rpl.o)
                0x0000a766                rpl_get_mode
 .any.text.rpl_purge_routes
                0x0000a76c       0x96 contiki-z1.a(rpl.o)
                0x0000a76c                rpl_purge_routes
 .any.text.rpl_remove_routes
                0x0000a802       0x22 contiki-z1.a(rpl.o)
                0x0000a802                rpl_remove_routes
 .any.text.rpl_remove_routes_by_nexthop
                0x0000a824       0x3e contiki-z1.a(rpl.o)
                0x0000a824                rpl_remove_routes_by_nexthop
 .any.text.rpl_add_route
                0x0000a862       0x48 contiki-z1.a(rpl.o)
                0x0000a862                rpl_add_route
 .any.text.rpl_link_neighbor_callback
                0x0000a8aa       0x4c contiki-z1.a(rpl.o)
                0x0000a8aa                rpl_link_neighbor_callback
 .any.text.rpl_ipv6_neighbor_callback
                0x0000a8f6       0x1e contiki-z1.a(rpl.o)
                0x0000a8f6                rpl_ipv6_neighbor_callback
 .any.text.rpl_purge_dags
                0x0000a914       0x60 contiki-z1.a(rpl.o)
                0x0000a914                rpl_purge_dags
 .any.text.rpl_init
                0x0000a974       0x44 contiki-z1.a(rpl.o)
                0x0000a974                rpl_init
 .any.text.reset
                0x0000a9b8        0x2 contiki-z1.a(rpl-mrhof.o)
 .any.text.update_metric_container
                0x0000a9ba        0x6 contiki-z1.a(rpl-mrhof.o)
 .any.text.parent_link_metric
                0x0000a9c0       0x10 contiki-z1.a(rpl-mrhof.o)
 .any.text.parent_has_usable_link
                0x0000a9d0       0x14 contiki-z1.a(rpl-mrhof.o)
 .any.text.best_dag
                0x0000a9e4       0x2e contiki-z1.a(rpl-mrhof.o)
 .any.text.parent_path_cost
                0x0000aa12       0x40 contiki-z1.a(rpl-mrhof.o)
 .any.text.parent_is_acceptable
                0x0000aa52       0x2a contiki-z1.a(rpl-mrhof.o)
 .any.text.rank_via_parent
                0x0000aa7c       0x4e contiki-z1.a(rpl-mrhof.o)
 .any.text.best_parent
                0x0000aaca       0x76 contiki-z1.a(rpl-mrhof.o)
 .any.text.get32
                0x0000ab40       0x3e contiki-z1.a(rpl-icmp6.o)
 .any.text.set32
                0x0000ab7e       0x2a contiki-z1.a(rpl-icmp6.o)
 .any.text.get16
                0x0000aba8        0xe contiki-z1.a(rpl-icmp6.o)
 .any.text.set16
                0x0000abb6       0x10 contiki-z1.a(rpl-icmp6.o)
 .any.text.dao_ack_input
                0x0000abc6        0xa contiki-z1.a(rpl-icmp6.o)
 .any.text.dio_input
                0x0000abd0      0x3ce contiki-z1.a(rpl-icmp6.o)
 .any.text.rpl_icmp6_update_nbr_table
                0x0000af9e       0x70 contiki-z1.a(rpl-icmp6.o)
                0x0000af9e                rpl_icmp6_update_nbr_table
 .any.text.dao_input
                0x0000b00e      0x454 contiki-z1.a(rpl-icmp6.o)
 .any.text.dis_output
                0x0000b462       0x70 contiki-z1.a(rpl-icmp6.o)
                0x0000b462                dis_output
 .any.text.dio_output
                0x0000b4d2      0x2b4 contiki-z1.a(rpl-icmp6.o)
                0x0000b4d2                dio_output
 .any.text.dis_input
                0x0000b786       0x96 contiki-z1.a(rpl-icmp6.o)
 .any.text.dao_output_target
                0x0000b81c      0x16c contiki-z1.a(rpl-icmp6.o)
                0x0000b81c                dao_output_target
 .any.text.dao_output
                0x0000b988       0xa8 contiki-z1.a(rpl-icmp6.o)
                0x0000b988                dao_output
 .any.text.rpl_icmp6_register_handlers
                0x0000ba30       0x22 contiki-z1.a(rpl-icmp6.o)
                0x0000ba30                rpl_icmp6_register_handlers
 .any.text.queuebuf_init
                0x0000ba52       0x12 contiki-z1.a(queuebuf.o)
                0x0000ba52                queuebuf_init
 .any.text.queuebuf_numfree
                0x0000ba64        0xa contiki-z1.a(queuebuf.o)
                0x0000ba64                queuebuf_numfree
 .any.text.queuebuf_new_from_packetbuf
                0x0000ba6e       0x4e contiki-z1.a(queuebuf.o)
                0x0000ba6e                queuebuf_new_from_packetbuf
 .any.text.queuebuf_update_attr_from_packetbuf
                0x0000babc       0x12 contiki-z1.a(queuebuf.o)
                0x0000babc                queuebuf_update_attr_from_packetbuf
 .any.text.queuebuf_update_from_packetbuf
                0x0000bace       0x22 contiki-z1.a(queuebuf.o)
                0x0000bace                queuebuf_update_from_packetbuf
 .any.text.queuebuf_free
                0x0000baf0       0x2a contiki-z1.a(queuebuf.o)
                0x0000baf0                queuebuf_free
 .any.text.queuebuf_to_packetbuf
                0x0000bb1a       0x32 contiki-z1.a(queuebuf.o)
                0x0000bb1a                queuebuf_to_packetbuf
 .any.text.queuebuf_attr
                0x0000bb4c        0xe contiki-z1.a(queuebuf.o)
                0x0000bb4c                queuebuf_attr
 .any.text.key_from_index
                0x0000bb5a       0x18 contiki-z1.a(nbr-table.o)
 .any.text.item_from_index
                0x0000bb72       0x2a contiki-z1.a(nbr-table.o)
 .any.text.index_from_key
                0x0000bb9c       0x26 contiki-z1.a(nbr-table.o)
 .any.text.index_from_item
                0x0000bbc2       0x1e contiki-z1.a(nbr-table.o)
 .any.text.nbr_set_bit
                0x0000bbe0       0x50 contiki-z1.a(nbr-table.o)
 .any.text.index_from_lladdr
                0x0000bc30       0x3e contiki-z1.a(nbr-table.o)
 .any.text.nbr_get_bit.constprop.0
                0x0000bc6e       0x2c contiki-z1.a(nbr-table.o)
 .any.text.remove_key
                0x0000bc9a       0x56 contiki-z1.a(nbr-table.o)
 .any.text.nbr_table_register
                0x0000bcf0       0x26 contiki-z1.a(nbr-table.o)
                0x0000bcf0                nbr_table_register
 .any.text.nbr_table_next
                0x0000bd16       0x3a contiki-z1.a(nbr-table.o)
                0x0000bd16                nbr_table_next
 .any.text.nbr_table_head
                0x0000bd50       0x36 contiki-z1.a(nbr-table.o)
                0x0000bd50                nbr_table_head
 .any.text.nbr_table_add_lladdr
                0x0000bd86       0xfc contiki-z1.a(nbr-table.o)
                0x0000bd86                nbr_table_add_lladdr
 .any.text.nbr_table_get_from_lladdr
                0x0000be82       0x28 contiki-z1.a(nbr-table.o)
                0x0000be82                nbr_table_get_from_lladdr
 .any.text.nbr_table_remove
                0x0000beaa       0x2a contiki-z1.a(nbr-table.o)
                0x0000beaa                nbr_table_remove
 .any.text.nbr_table_lock
                0x0000bed4       0x10 contiki-z1.a(nbr-table.o)
                0x0000bed4                nbr_table_lock
 .any.text.nbr_table_unlock
                0x0000bee4       0x10 contiki-z1.a(nbr-table.o)
                0x0000bee4                nbr_table_unlock
 .any.text.nbr_table_get_lladdr
                0x0000bef4       0x14 contiki-z1.a(nbr-table.o)
                0x0000bef4                nbr_table_get_lladdr
 .any.text.nbr_table_update_lladdr
                0x0000bf08       0x48 contiki-z1.a(nbr-table.o)
                0x0000bf08                nbr_table_update_lladdr
 .any.text.packetbuf_hdrreduce
                0x0000bf50       0x1a contiki-z1.a(packetbuf.o)
                0x0000bf50                packetbuf_hdrreduce
 .any.text.packetbuf_set_datalen
                0x0000bf6a        0x6 contiki-z1.a(packetbuf.o)
                0x0000bf6a                packetbuf_set_datalen
 .any.text.packetbuf_hdrptr
                0x0000bf70        0x6 contiki-z1.a(packetbuf.o)
                0x0000bf70                packetbuf_hdrptr
 .any.text.packetbuf_datalen
                0x0000bf76        0x6 contiki-z1.a(packetbuf.o)
                0x0000bf76                packetbuf_datalen
 .any.text.packetbuf_hdrlen
                0x0000bf7c        0xa contiki-z1.a(packetbuf.o)
                0x0000bf7c                packetbuf_hdrlen
 .any.text.packetbuf_dataptr
                0x0000bf86        0xc contiki-z1.a(packetbuf.o)
                0x0000bf86                packetbuf_dataptr
 .any.text.packetbuf_copyto
                0x0000bf92       0x3a contiki-z1.a(packetbuf.o)
                0x0000bf92                packetbuf_copyto
 .any.text.packetbuf_totlen
                0x0000bfcc        0xc contiki-z1.a(packetbuf.o)
                0x0000bfcc                packetbuf_totlen
 .any.text.packetbuf_hdralloc
                0x0000bfd8       0x3c contiki-z1.a(packetbuf.o)
                0x0000bfd8                packetbuf_hdralloc
 .any.text.packetbuf_attr_clear
                0x0000c014       0x28 contiki-z1.a(packetbuf.o)
                0x0000c014                packetbuf_attr_clear
 .any.text.packetbuf_clear
                0x0000c03c       0x12 contiki-z1.a(packetbuf.o)
                0x0000c03c                packetbuf_clear
 .any.text.packetbuf_copyfrom
                0x0000c04e       0x2a contiki-z1.a(packetbuf.o)
                0x0000c04e                packetbuf_copyfrom
 .any.text.packetbuf_attr_copyto
                0x0000c078       0x22 contiki-z1.a(packetbuf.o)
                0x0000c078                packetbuf_attr_copyto
 .any.text.packetbuf_attr_copyfrom
                0x0000c09a       0x24 contiki-z1.a(packetbuf.o)
                0x0000c09a                packetbuf_attr_copyfrom
 .any.text.packetbuf_holds_broadcast
                0x0000c0be        0xe contiki-z1.a(packetbuf.o)
                0x0000c0be                packetbuf_holds_broadcast
 .any.text.linkaddr_copy
                0x0000c0cc        0x8 contiki-z1.a(linkaddr.o)
                0x0000c0cc                linkaddr_copy
 .any.text.linkaddr_cmp
                0x0000c0d4       0x12 contiki-z1.a(linkaddr.o)
                0x0000c0d4                linkaddr_cmp
 .any.text.linkaddr_set_node_addr
                0x0000c0e6        0xc contiki-z1.a(linkaddr.o)
                0x0000c0e6                linkaddr_set_node_addr
 .any.text.net_debug_lladdr_print
                0x0000c0f2       0x3c contiki-z1.a(net-debug.o)
                0x0000c0f2                net_debug_lladdr_print
 .any.text.periodic
                0x0000c12e       0x2c contiki-z1.a(link-stats.o)
 .any.text.link_stats_from_lladdr
                0x0000c15a        0xc contiki-z1.a(link-stats.o)
                0x0000c15a                link_stats_from_lladdr
 .any.text.link_stats_is_fresh
                0x0000c166       0x32 contiki-z1.a(link-stats.o)
                0x0000c166                link_stats_is_fresh
 .any.text.link_stats_packet_sent
                0x0000c198       0xc4 contiki-z1.a(link-stats.o)
                0x0000c198                link_stats_packet_sent
 .any.text.link_stats_input_callback
                0x0000c25c       0xa6 contiki-z1.a(link-stats.o)
                0x0000c25c                link_stats_input_callback
 .any.text.link_stats_init
                0x0000c302       0x22 contiki-z1.a(link-stats.o)
                0x0000c302                link_stats_init
 .any.text.input_packet
                0x0000c324        0x6 contiki-z1.a(csma.o)
 .any.text.on   0x0000c32a        0x6 contiki-z1.a(csma.o)
 .any.text.off  0x0000c330        0x6 contiki-z1.a(csma.o)
 .any.text.channel_check_interval
                0x0000c336       0x10 contiki-z1.a(csma.o)
 .any.text.transmit_packet_list
                0x0000c346       0x24 contiki-z1.a(csma.o)
 .any.text.schedule_transmission
                0x0000c36a       0x84 contiki-z1.a(csma.o)
 .any.text.init
                0x0000c3ee       0x1a contiki-z1.a(csma.o)
 .any.text.tx_done
                0x0000c408       0x84 contiki-z1.a(csma.o)
 .any.text.send_packet
                0x0000c48c      0x158 contiki-z1.a(csma.o)
 .any.text.packet_sent
                0x0000c5e4       0xca contiki-z1.a(csma.o)
 .any.text.mac_call_sent_callback
                0x0000c6ae       0x14 contiki-z1.a(mac.o)
                0x0000c6ae                mac_call_sent_callback
 .any.text.create_frame.isra.0
                0x0000c6c2      0x114 contiki-z1.a(framer-802154.o)
 .any.text.create
                0x0000c7d6        0x8 contiki-z1.a(framer-802154.o)
 .any.text.hdr_length
                0x0000c7de        0x8 contiki-z1.a(framer-802154.o)
 .any.text.parse
                0x0000c7e6       0x9a contiki-z1.a(framer-802154.o)
 .any.text.duty_cycle
                0x0000c880        0x6 contiki-z1.a(contikimac.o)
 .any.text.init
                0x0000c886       0x2a contiki-z1.a(contikimac.o)
 .any.text.on   0x0000c8b0       0x1a contiki-z1.a(contikimac.o)
 .any.text.off  0x0000c8ca       0x22 contiki-z1.a(contikimac.o)
 .any.text.recv_burst_off
                0x0000c8ec        0xa contiki-z1.a(contikimac.o)
 .any.text.powercycle_turn_radio_off
                0x0000c8f6       0x14 contiki-z1.a(contikimac.o)
 .any.text.turn_off
                0x0000c90a       0x20 contiki-z1.a(contikimac.o)
 .any.text.turn_on
                0x0000c92a       0x30 contiki-z1.a(contikimac.o)
 .any.text.schedule_powercycle_fixed.part.5
                0x0000c95a       0x32 contiki-z1.a(contikimac.o)
 .any.text.input_packet
                0x0000c98c       0x94 contiki-z1.a(contikimac.o)
 .any.text.send_packet.isra.8
                0x0000ca20      0x1d8 contiki-z1.a(contikimac.o)
 .any.text.qsend_list
                0x0000cbf8       0xb2 contiki-z1.a(contikimac.o)
 .any.text.qsend_packet
                0x0000ccaa       0x28 contiki-z1.a(contikimac.o)
 .any.text.powercycle_wrapper
                0x0000ccd2      0x1c2 contiki-z1.a(contikimac.o)
 .any.text.init
                0x0000ce94        0x2 contiki-z1.a(nullsec.o)
 .any.text.send
                0x0000ce96        0xa contiki-z1.a(nullsec.o)
 .any.text.input
                0x0000cea0        0x6 contiki-z1.a(nullsec.o)
 .any.text.i2c_receiveinit
                0x0000cea6       0x36 contiki-z1.a(i2cmaster.o)
                0x0000cea6                i2c_receiveinit
 .any.text.i2c_transmitinit
                0x0000cedc       0x30 contiki-z1.a(i2cmaster.o)
                0x0000cedc                i2c_transmitinit
 .any.text.i2c_receive_n
                0x0000cf0c       0x3e contiki-z1.a(i2cmaster.o)
                0x0000cf0c                i2c_receive_n
 .any.text.i2c_busy
                0x0000cf4a        0xa contiki-z1.a(i2cmaster.o)
                0x0000cf4a                i2c_busy
 .any.text.i2c_enable
                0x0000cf54       0x22 contiki-z1.a(i2cmaster.o)
                0x0000cf54                i2c_enable
 .any.text.i2c_transmit_n
                0x0000cf76       0x14 contiki-z1.a(i2cmaster.o)
                0x0000cf76                i2c_transmit_n
 .any.text.status
                0x0000cf8a       0x18 contiki-z1.a(button-sensor.o)
 .any.text.value
                0x0000cfa2       0x20 contiki-z1.a(button-sensor.o)
 .any.text.configure
                0x0000cfc2       0x4e contiki-z1.a(button-sensor.o)
 .any.text.stimer_set
                0x0000d010       0x1c contiki-z1.a(stimer.o)
                0x0000d010                stimer_set
 .any.text.stimer_expired
                0x0000d02c       0x30 contiki-z1.a(stimer.o)
                0x0000d02c                stimer_expired
 .any.text.memb_init
                0x0000d05c       0x36 contiki-z1.a(memb.o)
                0x0000d05c                memb_init
 .any.text.memb_alloc
                0x0000d092       0x3e contiki-z1.a(memb.o)
                0x0000d092                memb_alloc
 .any.text.memb_free
                0x0000d0d0       0x3a contiki-z1.a(memb.o)
                0x0000d0d0                memb_free
 .any.text.memb_inmemb
                0x0000d10a       0x2a contiki-z1.a(memb.o)
                0x0000d10a                memb_inmemb
 .any.text.memb_numfree
                0x0000d134       0x26 contiki-z1.a(memb.o)
                0x0000d134                memb_numfree
 .any.text.echo_reply_input
                0x0000d15a       0xaa contiki-z1.a(uip-icmp6.o)
 .any.text.echo_request_input
                0x0000d204       0xca contiki-z1.a(uip-icmp6.o)
 .any.text.uip_icmp6_input
                0x0000d2ce       0x44 contiki-z1.a(uip-icmp6.o)
                0x0000d2ce                uip_icmp6_input
 .any.text.uip_icmp6_register_input_handler
                0x0000d312        0xc contiki-z1.a(uip-icmp6.o)
                0x0000d312                uip_icmp6_register_input_handler
 .any.text.uip_icmp6_error_output
                0x0000d31e      0x16e contiki-z1.a(uip-icmp6.o)
                0x0000d31e                uip_icmp6_error_output
 .any.text.uip_icmp6_send
                0x0000d48c       0x84 contiki-z1.a(uip-icmp6.o)
                0x0000d48c                uip_icmp6_send
 .any.text.uip_icmp6_init
                0x0000d510       0x12 contiki-z1.a(uip-icmp6.o)
                0x0000d510                uip_icmp6_init
 .any.text.uip_udp_packet_send
                0x0000d522       0x2a contiki-z1.a(uip-udp-packet.)
                0x0000d522                uip_udp_packet_send
 .any.text.uip_udp_packet_sendto
                0x0000d54c       0x56 contiki-z1.a(uip-udp-packet.)
                0x0000d54c                uip_udp_packet_sendto
 .any.text.update_nbr
                0x0000d5a2       0xda contiki-z1.a(rpl-nbr-policy.)
 .any.text.handle_periodic_timer
                0x0000d67c        0xe contiki-z1.a(rpl-nbr-policy.)
 .any.text.find_removable_dis
                0x0000d68a       0x16 contiki-z1.a(rpl-nbr-policy.)
                0x0000d68a                find_removable_dis
 .any.text.find_removable_dio
                0x0000d6a0       0x3c contiki-z1.a(rpl-nbr-policy.)
                0x0000d6a0                find_removable_dio
 .any.text.find_removable_dao
                0x0000d6dc       0x34 contiki-z1.a(rpl-nbr-policy.)
                0x0000d6dc                find_removable_dao
 .any.text.rpl_nbr_policy_find_removable
                0x0000d710       0x30 contiki-z1.a(rpl-nbr-policy.)
                0x0000d710                rpl_nbr_policy_find_removable
 .any.text.mac_sequence_is_duplicate
                0x0000d740       0x60 contiki-z1.a(mac-sequence.o)
                0x0000d740                mac_sequence_is_duplicate
 .any.text.mac_sequence_register_seqno
                0x0000d7a0       0x76 contiki-z1.a(mac-sequence.o)
                0x0000d7a0                mac_sequence_register_seqno
 .any.text.frame802154_get_pan_id
                0x0000d816        0x6 contiki-z1.a(frame802154.o)
                0x0000d816                frame802154_get_pan_id
 .any.text.frame802154_has_panid
                0x0000d81c       0x78 contiki-z1.a(frame802154.o)
                0x0000d81c                frame802154_has_panid
 .any.text.field_len
                0x0000d894       0xa8 contiki-z1.a(frame802154.o)
 .any.text.frame802154_is_broadcast_addr
                0x0000d93c       0x28 contiki-z1.a(frame802154.o)
                0x0000d93c                frame802154_is_broadcast_addr
 .any.text.frame802154_hdrlen
                0x0000d964       0x32 contiki-z1.a(frame802154.o)
                0x0000d964                frame802154_hdrlen
 .any.text.frame802154_create
                0x0000d996      0x136 contiki-z1.a(frame802154.o)
                0x0000d996                frame802154_create
 .any.text.frame802154_parse
                0x0000dacc      0x1be contiki-z1.a(frame802154.o)
                0x0000dacc                frame802154_parse
 .any.text.printf
                0x0000dc8a       0x10 /usr/local/bin/../lib/gcc/msp430/4.7.2/../../../../msp430/lib/mcpu-430x/mmpy-16/msr20/mc20/libc.a(printf.o)
                0x0000dc8a                printf
 .any.text.print_field
                0x0000dc9a      0x176 /usr/local/bin/../lib/gcc/msp430/4.7.2/../../../../msp430/lib/mcpu-430x/mmpy-16/msr20/mc20/libc.a(vuprintf.o)
 .any.text.vuprintf
                0x0000de10      0x742 /usr/local/bin/../lib/gcc/msp430/4.7.2/../../../../msp430/lib/mcpu-430x/mmpy-16/msr20/mc20/libc.a(vuprintf.o)
                0x0000de10                vuprintf
 .any.text.puts
                0x0000e552       0x2c /usr/local/bin/../lib/gcc/msp430/4.7.2/../../../../msp430/lib/mcpu-430x/mmpy-16/msr20/mc20/libc.a(puts.o)
                0x0000e552                puts
 .any.text.rand
                0x0000e57e       0x26 /usr/local/bin/../lib/gcc/msp430/4.7.2/../../../../msp430/lib/mcpu-430x/mmpy-16/msr20/mc20/libc.a(rand.o)
                0x0000e57e                rand
 .any.text.srand
                0x0000e5a4        0xa /usr/local/bin/../lib/gcc/msp430/4.7.2/../../../../msp430/lib/mcpu-430x/mmpy-16/msr20/mc20/libc.a(rand.o)
                0x0000e5a4                srand
 .any.text.memcmp
                0x0000e5ae       0x2c /usr/local/bin/../lib/gcc/msp430/4.7.2/../../../../msp430/lib/mcpu-430x/mmpy-16/msr20/mc20/libc.a(memcmp.o)
                0x0000e5ae                memcmp
 .any.text.memcpy
                0x0000e5da       0xe8 /usr/local/bin/../lib/gcc/msp430/4.7.2/../../../../msp430/lib/mcpu-430x/mmpy-16/msr20/mc20/libc.a(memcpy.o)
                0x0000e5da                memcpy
 .any.text.memmove
                0x0000e6c2       0xe8 /usr/local/bin/../lib/gcc/msp430/4.7.2/../../../../msp430/lib/mcpu-430x/mmpy-16/msr20/mc20/libc.a(memmove.o)
                0x0000e6c2                memmove
 .any.text.memset
                0x0000e7aa       0x5c /usr/local/bin/../lib/gcc/msp430/4.7.2/../../../../msp430/lib/mcpu-430x/mmpy-16/msr20/mc20/libc.a(memset.o)
                0x0000e7aa                memset

.rodata         0x0000e808      0xc8d
                0x0000e808                . = ALIGN (0x2)
 *(.rodata .rodata.* .gnu.linkonce.r.*)
 .rodata.receiver
                0x0000e808       0x4c unicast-server.co
 .rodata.autostart_processes
                0x0000e854        0x4 unicast-server.co
                0x0000e854                autostart_processes
 .rodata        0x0000e858       0x17 unicast-server.co
 .rodata        0x0000e86f      0x115 obj_z1/contiki-z1-main.o
 .rodata.get_value
                0x0000e984       0x44 contiki-z1.a(cc2420.o)
 .rodata.set_value
                0x0000e9c8       0x20 contiki-z1.a(cc2420.o)
 .rodata.cc2420_driver
                0x0000e9e8       0x38 contiki-z1.a(cc2420.o)
                0x0000e9e8                cc2420_driver
 .rodata        0x0000ea20        0xe contiki-z1.a(cc2420.o)
 .rodata.output_power
                0x0000ea2e       0x10 contiki-z1.a(cc2420.o)
 .rodata        0x0000ea3e        0x8 contiki-z1.a(sensors.o)
 .rodata        0x0000ea46       0x25 contiki-z1.a(adxl345.o)
 *fill*         0x0000ea6b        0x1 00
 .rodata.adxl345
                0x0000ea6c        0xe contiki-z1.a(adxl345.o)
                0x0000ea6c                adxl345
 .rodata        0x0000ea7a        0xe contiki-z1.a(tmp102.o)
 .rodata.tmp102
                0x0000ea88        0xe contiki-z1.a(tmp102.o)
                0x0000ea88                tmp102
 .rodata        0x0000ea96        0xf contiki-z1.a(ctimer.o)
 .rodata        0x0000eaa5        0xc contiki-z1.a(etimer.o)
 *fill*         0x0000eab1        0x3 00
 .rodata.uip_process
                0x0000eab4       0x40 contiki-z1.a(uip6.o)
 .rodata        0x0000eaf4        0xb contiki-z1.a(sicslowpan.o)
 *fill*         0x0000eaff        0x1 00
 .rodata.sicslowpan_driver
                0x0000eb00        0xa contiki-z1.a(sicslowpan.o)
                0x0000eb00                sicslowpan_driver
 .rodata.llprefix
                0x0000eb0a        0x2 contiki-z1.a(sicslowpan.o)
                0x0000eb0a                llprefix
 .rodata.unc_mxconf
                0x0000eb0c        0x4 contiki-z1.a(sicslowpan.o)
                0x0000eb0c                unc_mxconf
 .rodata.unc_ctxconf
                0x0000eb10        0x4 contiki-z1.a(sicslowpan.o)
                0x0000eb10                unc_ctxconf
 .rodata.unc_llconf
                0x0000eb14        0x4 contiki-z1.a(sicslowpan.o)
                0x0000eb14                unc_llconf
 .rodata.ttl_values
                0x0000eb18        0x4 contiki-z1.a(sicslowpan.o)
 .rodata.uip_debug_ipaddr_print
                0x0000eb1c       0x28 contiki-z1.a(uip-debug.o)
 .rodata        0x0000eb44        0xd contiki-z1.a(tcpip.o)
 .rodata        0x0000eb51       0x13 contiki-z1.a(simple-udp.o)
 .rodata.dio_input
                0x0000eb64      0x2a1 contiki-z1.a(rpl-icmp6.o)
 .rodata.rpl_icmp6_update_nbr_table
                0x0000ee05       0x2a contiki-z1.a(rpl-icmp6.o)
 .rodata.dao_input
                0x0000ee2f      0x2c8 contiki-z1.a(rpl-icmp6.o)
 .rodata.dis_output
                0x0000f0f7       0x17 contiki-z1.a(rpl-icmp6.o)
 .rodata.dio_output
                0x0000f10e       0xdc contiki-z1.a(rpl-icmp6.o)
 .rodata.dis_input
                0x0000f1ea       0x99 contiki-z1.a(rpl-icmp6.o)
 .rodata.dao_output_target
                0x0000f283      0x12f contiki-z1.a(rpl-icmp6.o)
 .rodata.dao_output
                0x0000f3b2       0x3b contiki-z1.a(rpl-icmp6.o)
 *fill*         0x0000f3ed        0x1 00
 .rodata.linkaddr_null
                0x0000f3ee        0x8 contiki-z1.a(linkaddr.o)
                0x0000f3ee                linkaddr_null
 .rodata.net_debug_lladdr_print
                0x0000f3f6       0x14 contiki-z1.a(net-debug.o)
 .rodata        0x0000f40a        0x5 contiki-z1.a(csma.o)
 *fill*         0x0000f40f        0x1 00
 .rodata.csma_driver
                0x0000f410       0x1a contiki-z1.a(csma.o)
                0x0000f410                csma_driver
 .rodata.framer_802154
                0x0000f42a        0xc contiki-z1.a(framer-802154.o)
                0x0000f42a                framer_802154
 .rodata        0x0000f436        0xb contiki-z1.a(contikimac.o)
 *fill*         0x0000f441        0x1 00
 .rodata.contikimac_driver
                0x0000f442       0x1e contiki-z1.a(contikimac.o)
                0x0000f442                contikimac_driver
 .rodata        0x0000f460        0x8 contiki-z1.a(nullsec.o)
 .rodata.nullsec_driver
                0x0000f468        0xe contiki-z1.a(nullsec.o)
                0x0000f468                nullsec_driver
 .rodata        0x0000f476        0x7 contiki-z1.a(button-sensor.o)
 *fill*         0x0000f47d        0x1 00
 .rodata.button_sensor
                0x0000f47e        0xe contiki-z1.a(button-sensor.o)
                0x0000f47e                button_sensor
 .rodata.CSWTCH.16
                0x0000f48c        0x2 contiki-z1.a(frame802154.o)
 .rodata.vuprintf
                0x0000f48e        0x7 /usr/local/bin/../lib/gcc/msp430/4.7.2/../../../../msp430/lib/mcpu-430x/mmpy-16/msr20/mc20/libc.a(vuprintf.o)
 *(.near.rodata .near.rodata.*)
                0x0000f496                . = ALIGN (0x2)
                0x0000f496                _etext = .

.data           0x00001100      0x164 load address 0x0000f496
                0x00001100                . = ALIGN (0x2)
                0x00001100                __data_start = .
 *(.data .data.* .gnu.linkonce.d.*)
 .data.udp_server
                0x00001100        0xc unicast-server.co
                0x00001100                udp_server
 .data.cur_break
                0x0000110c        0x2 contiki-z1.a(msp430.o)
 .data.cc2420_process
                0x0000110e        0xc contiki-z1.a(cc2420.o)
                0x0000110e                cc2420_process
 .data.send_on_cca
                0x0000111a        0x1 contiki-z1.a(cc2420.o)
 *fill*         0x0000111b        0x1 00
 .data.sensors_process
                0x0000111c        0xc contiki-z1.a(sensors.o)
                0x0000111c                sensors_process
 .data.sensors  0x00001128        0x8 contiki-z1.a(z1-sensors.o)
                0x00001128                sensors
 .data.accmeter_process
                0x00001130        0xc contiki-z1.a(adxl345.o)
                0x00001130                accmeter_process
 .data.adxl345_default_settings
                0x0000113c       0x16 contiki-z1.a(adxl345.o)
 .data.ctimer_process
                0x00001152        0xc contiki-z1.a(ctimer.o)
                0x00001152                ctimer_process
 .data.etimer_process
                0x0000115e        0xc contiki-z1.a(etimer.o)
                0x0000115e                etimer_process
 .data.nbr_routes
                0x0000116a        0x2 contiki-z1.a(uip-ds6-route.o)
                0x0000116a                nbr_routes
 .data.routememb
                0x0000116c        0x8 contiki-z1.a(uip-ds6-route.o)
 .data.defaultroutermemb
                0x00001174        0x8 contiki-z1.a(uip-ds6-route.o)
 .data.neighborroutememb
                0x0000117c        0x8 contiki-z1.a(uip-ds6-route.o)
 .data.nbr_routes_struct
                0x00001184        0xa contiki-z1.a(uip-ds6-route.o)
 .data.ds6_neighbors
                0x0000118e        0x2 contiki-z1.a(uip-ds6-nbr.o)
                0x0000118e                ds6_neighbors
 .data.ds6_neighbors_struct
                0x00001190        0xa contiki-z1.a(uip-ds6-nbr.o)
 .data.ns_input_handler
                0x0000119a        0x8 contiki-z1.a(uip-nd6.o)
 .data.na_input_handler
                0x000011a2        0x8 contiki-z1.a(uip-nd6.o)
 .data.tcpip_process
                0x000011aa        0xc contiki-z1.a(tcpip.o)
                0x000011aa                tcpip_process
 .data.simple_udp_process
                0x000011b6        0xc contiki-z1.a(simple-udp.o)
                0x000011b6                simple_udp_process
 .data.rpl_parents
                0x000011c2        0x2 contiki-z1.a(rpl-dag.o)
                0x000011c2                rpl_parents
 .data.rpl_parents_struct
                0x000011c4        0xa contiki-z1.a(rpl-dag.o)
 .data.rpl_mrhof
                0x000011ce       0x22 contiki-z1.a(rpl-mrhof.o)
                0x000011ce                rpl_mrhof
 .data.dao_sequence
                0x000011f0        0x1 contiki-z1.a(rpl-icmp6.o)
 *fill*         0x000011f1        0x1 00
 .data.dis_handler
                0x000011f2        0x8 contiki-z1.a(rpl-icmp6.o)
 .data.dio_handler
                0x000011fa        0x8 contiki-z1.a(rpl-icmp6.o)
 .data.dao_handler
                0x00001202        0x8 contiki-z1.a(rpl-icmp6.o)
 .data.dao_ack_handler
                0x0000120a        0x8 contiki-z1.a(rpl-icmp6.o)
 .data.buframmem
                0x00001212        0x8 contiki-z1.a(queuebuf.o)
 .data.bufmem   0x0000121a        0x8 contiki-z1.a(queuebuf.o)
 .data.neighbor_addr_mem
                0x00001222        0x8 contiki-z1.a(nbr-table.o)
 .data.link_stats_struct
                0x0000122a        0xa contiki-z1.a(link-stats.o)
 .data.neighbor_memb
                0x00001234        0x8 contiki-z1.a(csma.o)
 .data.packet_memb
                0x0000123c        0x8 contiki-z1.a(csma.o)
 .data.metadata_memb
                0x00001244        0x8 contiki-z1.a(csma.o)
 .data.prescale_lsb
                0x0000124c        0x1 contiki-z1.a(i2cmaster.o)
                0x0000124c                prescale_lsb
 *fill*         0x0000124d        0x1 00
 .data.echo_request_handler
                0x0000124e        0x8 contiki-z1.a(uip-icmp6.o)
 .data.echo_reply_handler
                0x00001256        0x8 contiki-z1.a(uip-icmp6.o)
 .data.mac_pan_id
                0x0000125e        0x2 contiki-z1.a(frame802154.o)
 .data.next     0x00001260        0x4 /usr/local/bin/../lib/gcc/msp430/4.7.2/../../../../msp430/lib/mcpu-430x/mmpy-16/msr20/mc20/libc.a(rand.o)
 *(.near.data .near.data.*)
                0x00001264                . = ALIGN (0x2)
                0x00001264                _edata = .
                0x0000f496                __data_load_start = LOADADDR (.data)
                0x00000164                __data_size = SIZEOF (.data)

.bss            0x00001264     0x1a4e load address 0x0000f5fa
                0x00001264                __bss_start = .
 *(.bss .bss.*)
 .bss.conn      0x00001264       0x1e unicast-server.co
 .bss.irq_energest.4225
                0x00001282        0x4 obj_z1/contiki-z1-main.o
 .bss.leds      0x00001286        0x1 contiki-z1.a(leds.o)
 *fill*         0x00001287        0x1 00
 .bss.counter   0x00001288        0x2 contiki-z1.a(watchdog.o)
 .bss.poll_mode
                0x0000128a        0x1 contiki-z1.a(cc2420.o)
 *fill*         0x0000128b        0x1 00
 .bss.last_packet_timestamp
                0x0000128c        0x2 contiki-z1.a(cc2420.o)
 .bss.locked    0x0000128e        0x1 contiki-z1.a(cc2420.o)
 .bss.lock_on   0x0000128f        0x1 contiki-z1.a(cc2420.o)
 .bss.lock_off  0x00001290        0x1 contiki-z1.a(cc2420.o)
 .bss.receive_on
                0x00001291        0x1 contiki-z1.a(cc2420.o)
 .bss.channel   0x00001292        0x2 contiki-z1.a(cc2420.o)
 .bss.node_id   0x00001294        0x2 contiki-z1.a(node-id.o)
                0x00001294                node_id
 .bss.num_sensors
                0x00001296        0x1 contiki-z1.a(sensors.o)
 *fill*         0x00001297        0x1 00
 .bss.i.2088    0x00001298        0x2 contiki-z1.a(sensors.o)
 .bss.events.2089
                0x0000129a        0x2 contiki-z1.a(sensors.o)
 .bss.transmitting
                0x0000129c        0x1 contiki-z1.a(uart0.o)
 *fill*         0x0000129d        0x1 00
 .bss.uart0_input_handler
                0x0000129e        0x4 contiki-z1.a(uart0.o)
 .bss.enabled   0x000012a2        0x1 contiki-z1.a(adxl345.o)
 *fill*         0x000012a3        0x1 00
 .bss.int1_mask
                0x000012a4        0x2 contiki-z1.a(adxl345.o)
 .bss.int2_mask
                0x000012a6        0x2 contiki-z1.a(adxl345.o)
 .bss.suppressTimer1
                0x000012a8        0x8 contiki-z1.a(adxl345.o)
 .bss.suppressTimer2
                0x000012b0        0x8 contiki-z1.a(adxl345.o)
 .bss.enabled   0x000012b8        0x1 contiki-z1.a(tmp102.o)
 *fill*         0x000012b9        0x1 00
 .bss.last_tar  0x000012ba        0x2 contiki-z1.a(clock.o)
 .bss.count     0x000012bc        0x4 contiki-z1.a(clock.o)
 .bss.seconds   0x000012c0        0x4 contiki-z1.a(clock.o)
 .bss.initialized
                0x000012c4        0x1 contiki-z1.a(ctimer.o)
 *fill*         0x000012c5        0x1 00
 .bss.ctimer_list_list
                0x000012c6        0x2 contiki-z1.a(ctimer.o)
 .bss.timerlist
                0x000012c8        0x2 contiki-z1.a(etimer.o)
 .bss.next_expiration
                0x000012ca        0x4 contiki-z1.a(etimer.o)